[0.552s] Invoking command in '/home/seeno04/inno_jazzy_ws/build/sllidar_ros2': CMAKE_PREFIX_PATH=${CMAKE_PREFIX_PATH}:/opt/ros/jazzy DEBUGINFOD_URLS=https://debuginfod.ubuntu.com /usr/bin/cmake /home/seeno04/inno_jazzy_ws/src/sllidar_ros2 -DCMAKE_EXPORT_COMPILE_COMMANDS=ON -DAMENT_CMAKE_SYMLINK_INSTALL=1 -DCMAKE_INSTALL_PREFIX=/home/seeno04/inno_jazzy_ws/install/sllidar_ros2
[0.604s] -- Found ament_cmake: 2.5.6 (/opt/ros/jazzy/share/ament_cmake/cmake)
[1.117s] -- Override CMake install command with custom implementation using symlinks instead of copying resources
[1.129s] -- Found rclcpp: 28.1.21 (/opt/ros/jazzy/share/rclcpp/cmake)
[1.201s] -- Found rosidl_generator_c: 4.6.9 (/opt/ros/jazzy/share/rosidl_generator_c/cmake)
[1.211s] -- Found rosidl_generator_cpp: 4.6.9 (/opt/ros/jazzy/share/rosidl_generator_cpp/cmake)
[1.231s] -- Using all available rosidl_typesupport_c: rosidl_typesupport_fastrtps_c;rosidl_typesupport_introspection_c
[1.253s] -- Using all available rosidl_typesupport_cpp: rosidl_typesupport_fastrtps_cpp;rosidl_typesupport_introspection_cpp
[1.371s] -- Found rmw_implementation_cmake: 7.3.3 (/opt/ros/jazzy/share/rmw_implementation_cmake/cmake)
[1.375s] -- Found rmw_fastrtps_cpp: 8.4.4 (/opt/ros/jazzy/share/rmw_fastrtps_cpp/cmake)
[1.533s] -- Using RMW implementation 'rmw_fastrtps_cpp' as default
[1.688s] -- Found sensor_msgs: 5.3.8 (/opt/ros/jazzy/share/sensor_msgs/cmake)
[1.778s] -- Found std_srvs: 5.3.8 (/opt/ros/jazzy/share/std_srvs/cmake)
[2.126s] -- Configuring done (1.5s)
[2.198s] -- Generating done (0.0s)
[2.244s] -- Build files have been written to: /home/seeno04/inno_jazzy_ws/build/sllidar_ros2
[2.284s] Invoked command in '/home/seeno04/inno_jazzy_ws/build/sllidar_ros2' returned '0': CMAKE_PREFIX_PATH=${CMAKE_PREFIX_PATH}:/opt/ros/jazzy DEBUGINFOD_URLS=https://debuginfod.ubuntu.com /usr/bin/cmake /home/seeno04/inno_jazzy_ws/src/sllidar_ros2 -DCMAKE_EXPORT_COMPILE_COMMANDS=ON -DAMENT_CMAKE_SYMLINK_INSTALL=1 -DCMAKE_INSTALL_PREFIX=/home/seeno04/inno_jazzy_ws/install/sllidar_ros2
[2.287s] Invoking command in '/home/seeno04/inno_jazzy_ws/build/sllidar_ros2': CMAKE_PREFIX_PATH=${CMAKE_PREFIX_PATH}:/opt/ros/jazzy DEBUGINFOD_URLS=https://debuginfod.ubuntu.com /usr/bin/cmake --build /home/seeno04/inno_jazzy_ws/build/sllidar_ros2 -- -j4 -l4
[2.458s] [ 10%] Built target sllidar_client
[2.601s] [100%] Built target sllidar_node
[2.655s] Invoked command in '/home/seeno04/inno_jazzy_ws/build/sllidar_ros2' returned '0': CMAKE_PREFIX_PATH=${CMAKE_PREFIX_PATH}:/opt/ros/jazzy DEBUGINFOD_URLS=https://debuginfod.ubuntu.com /usr/bin/cmake --build /home/seeno04/inno_jazzy_ws/build/sllidar_ros2 -- -j4 -l4
[2.690s] Invoking command in '/home/seeno04/inno_jazzy_ws/build/sllidar_ros2': CMAKE_PREFIX_PATH=${CMAKE_PREFIX_PATH}:/opt/ros/jazzy DEBUGINFOD_URLS=https://debuginfod.ubuntu.com /usr/bin/cmake --install /home/seeno04/inno_jazzy_ws/build/sllidar_ros2
[2.726s] -- Install configuration: ""
[2.731s] -- Execute custom install script
[2.731s] -- Up-to-date symlink: /home/seeno04/inno_jazzy_ws/install/sllidar_ros2/share/sllidar_ros2/launch/sllidar_a1_launch.py
[2.732s] -- Up-to-date symlink: /home/seeno04/inno_jazzy_ws/install/sllidar_ros2/share/sllidar_ros2/launch/sllidar_a2m12_launch .py
[2.733s] -- Up-to-date symlink: /home/seeno04/inno_jazzy_ws/install/sllidar_ros2/share/sllidar_ros2/launch/sllidar_a2m7_launch.py
[2.738s] -- Up-to-date symlink: /home/seeno04/inno_jazzy_ws/install/sllidar_ros2/share/sllidar_ros2/launch/sllidar_a2m8_launch.py
[2.738s] -- Up-to-date symlink: /home/seeno04/inno_jazzy_ws/install/sllidar_ros2/share/sllidar_ros2/launch/sllidar_a3_launch.py
[2.738s] -- Up-to-date symlink: /home/seeno04/inno_jazzy_ws/install/sllidar_ros2/share/sllidar_ros2/launch/sllidar_c1_launch.py
[2.738s] -- Up-to-date symlink: /home/seeno04/inno_jazzy_ws/install/sllidar_ros2/share/sllidar_ros2/launch/sllidar_s1_launch.py
[2.738s] -- Up-to-date symlink: /home/seeno04/inno_jazzy_ws/install/sllidar_ros2/share/sllidar_ros2/launch/sllidar_s1_tcp_launch.py
[2.738s] -- Up-to-date symlink: /home/seeno04/inno_jazzy_ws/install/sllidar_ros2/share/sllidar_ros2/launch/sllidar_s2_launch.py
[2.738s] -- Up-to-date symlink: /home/seeno04/inno_jazzy_ws/install/sllidar_ros2/share/sllidar_ros2/launch/sllidar_s2e_launch.py
[2.738s] -- Up-to-date symlink: /home/seeno04/inno_jazzy_ws/install/sllidar_ros2/share/sllidar_ros2/launch/sllidar_s3_launch.py
[2.738s] -- Up-to-date symlink: /home/seeno04/inno_jazzy_ws/install/sllidar_ros2/share/sllidar_ros2/launch/sllidar_t1_launch.py
[2.742s] -- Up-to-date symlink: /home/seeno04/inno_jazzy_ws/install/sllidar_ros2/share/sllidar_ros2/launch/view_sllidar_a1_launch.py
[2.742s] -- Up-to-date symlink: /home/seeno04/inno_jazzy_ws/install/sllidar_ros2/share/sllidar_ros2/launch/view_sllidar_a2m12_launch.py
[2.742s] -- Up-to-date symlink: /home/seeno04/inno_jazzy_ws/install/sllidar_ros2/share/sllidar_ros2/launch/view_sllidar_a2m7_launch.py
[2.742s] -- Up-to-date symlink: /home/seeno04/inno_jazzy_ws/install/sllidar_ros2/share/sllidar_ros2/launch/view_sllidar_a2m8_launch.py
[2.742s] -- Up-to-date symlink: /home/seeno04/inno_jazzy_ws/install/sllidar_ros2/share/sllidar_ros2/launch/view_sllidar_a3_launch.py
[2.742s] -- Up-to-date symlink: /home/seeno04/inno_jazzy_ws/install/sllidar_ros2/share/sllidar_ros2/launch/view_sllidar_c1_launch.py
[2.742s] -- Up-to-date symlink: /home/seeno04/inno_jazzy_ws/install/sllidar_ros2/share/sllidar_ros2/launch/view_sllidar_s1_launch.py
[2.742s] -- Up-to-date symlink: /home/seeno04/inno_jazzy_ws/install/sllidar_ros2/share/sllidar_ros2/launch/view_sllidar_s1_tcp_launch.py
[2.743s] -- Up-to-date symlink: /home/seeno04/inno_jazzy_ws/install/sllidar_ros2/share/sllidar_ros2/launch/view_sllidar_s2_launch.py
[2.743s] -- Up-to-date symlink: /home/seeno04/inno_jazzy_ws/install/sllidar_ros2/share/sllidar_ros2/launch/view_sllidar_s2e_launch.py
[2.743s] -- Up-to-date symlink: /home/seeno04/inno_jazzy_ws/install/sllidar_ros2/share/sllidar_ros2/launch/view_sllidar_s3_launch.py
[2.743s] -- Up-to-date symlink: /home/seeno04/inno_jazzy_ws/install/sllidar_ros2/share/sllidar_ros2/launch/view_sllidar_t1_launch.py
[2.743s] -- Up-to-date symlink: /home/seeno04/inno_jazzy_ws/install/sllidar_ros2/share/sllidar_ros2/rviz/sllidar_ros2.rviz
[2.743s] -- Up-to-date symlink: /home/seeno04/inno_jazzy_ws/install/sllidar_ros2/lib/sllidar_ros2/sllidar_node
[2.743s] -- Up-to-date symlink: /home/seeno04/inno_jazzy_ws/install/sllidar_ros2/lib/sllidar_ros2/sllidar_client
[2.745s] -- Up-to-date symlink: /home/seeno04/inno_jazzy_ws/install/sllidar_ros2/share/ament_index/resource_index/package_run_dependencies/sllidar_ros2
[2.749s] -- Up-to-date symlink: /home/seeno04/inno_jazzy_ws/install/sllidar_ros2/share/ament_index/resource_index/parent_prefix_path/sllidar_ros2
[2.749s] -- Up-to-date symlink: /home/seeno04/inno_jazzy_ws/install/sllidar_ros2/share/sllidar_ros2/environment/ament_prefix_path.sh
[2.749s] -- Up-to-date symlink: /home/seeno04/inno_jazzy_ws/install/sllidar_ros2/share/sllidar_ros2/environment/ament_prefix_path.dsv
[2.749s] -- Up-to-date symlink: /home/seeno04/inno_jazzy_ws/install/sllidar_ros2/share/sllidar_ros2/environment/path.sh
[2.749s] -- Up-to-date symlink: /home/seeno04/inno_jazzy_ws/install/sllidar_ros2/share/sllidar_ros2/environment/path.dsv
[2.750s] -- Up-to-date symlink: /home/seeno04/inno_jazzy_ws/install/sllidar_ros2/share/sllidar_ros2/local_setup.bash
[2.750s] -- Up-to-date symlink: /home/seeno04/inno_jazzy_ws/install/sllidar_ros2/share/sllidar_ros2/local_setup.sh
[2.750s] -- Up-to-date symlink: /home/seeno04/inno_jazzy_ws/install/sllidar_ros2/share/sllidar_ros2/local_setup.zsh
[2.750s] -- Up-to-date symlink: /home/seeno04/inno_jazzy_ws/install/sllidar_ros2/share/sllidar_ros2/local_setup.dsv
[2.750s] -- Symlinking: /home/seeno04/inno_jazzy_ws/install/sllidar_ros2/share/sllidar_ros2/package.dsv
[2.784s] -- Up-to-date symlink: /home/seeno04/inno_jazzy_ws/install/sllidar_ros2/share/ament_index/resource_index/packages/sllidar_ros2
[2.785s] -- Up-to-date symlink: /home/seeno04/inno_jazzy_ws/install/sllidar_ros2/share/sllidar_ros2/cmake/ament_cmake_export_dependencies-extras.cmake
[2.785s] -- Up-to-date symlink: /home/seeno04/inno_jazzy_ws/install/sllidar_ros2/share/sllidar_ros2/cmake/ament_cmake_export_include_directories-extras.cmake
[2.786s] -- Up-to-date symlink: /home/seeno04/inno_jazzy_ws/install/sllidar_ros2/share/sllidar_ros2/cmake/sllidar_ros2Config.cmake
[2.786s] -- Up-to-date symlink: /home/seeno04/inno_jazzy_ws/install/sllidar_ros2/share/sllidar_ros2/cmake/sllidar_ros2Config-version.cmake
[2.786s] -- Up-to-date symlink: /home/seeno04/inno_jazzy_ws/install/sllidar_ros2/share/sllidar_ros2/package.xml
[2.793s] Invoked command in '/home/seeno04/inno_jazzy_ws/build/sllidar_ros2' returned '0': CMAKE_PREFIX_PATH=${CMAKE_PREFIX_PATH}:/opt/ros/jazzy DEBUGINFOD_URLS=https://debuginfod.ubuntu.com /usr/bin/cmake --install /home/seeno04/inno_jazzy_ws/build/sllidar_ros2
