[0.021s] Invoking command in '/home/seeno04/inno_jazzy_ws/build/sllidar_ros2': CMAKE_PREFIX_PATH=${CMAKE_PREFIX_PATH}:/home/seeno04/inno_jazzy_ws/install/inno_robot_bringup:/home/seeno04/inno_jazzy_ws/install/inno_camera_tools:/opt/ros/jazzy DEBUGINFOD_URLS=https://debuginfod.ubuntu.com /usr/bin/cmake /home/seeno04/inno_jazzy_ws/src/sllidar_ros2 -DAMENT_CMAKE_SYMLINK_INSTALL=1 -DCMAKE_INSTALL_PREFIX=/home/seeno04/inno_jazzy_ws/install/sllidar_ros2
[0.075s] -- Found ament_cmake: 2.5.6 (/opt/ros/jazzy/share/ament_cmake/cmake)
[0.712s] -- Override CMake install command with custom implementation using symlinks instead of copying resources
[0.727s] -- Found rclcpp: 28.1.21 (/opt/ros/jazzy/share/rclcpp/cmake)
[0.770s] -- Found rosidl_generator_c: 4.6.9 (/opt/ros/jazzy/share/rosidl_generator_c/cmake)
[0.789s] -- Found rosidl_generator_cpp: 4.6.9 (/opt/ros/jazzy/share/rosidl_generator_cpp/cmake)
[0.817s] -- Using all available rosidl_typesupport_c: rosidl_typesupport_fastrtps_c;rosidl_typesupport_introspection_c
[0.842s] -- Using all available rosidl_typesupport_cpp: rosidl_typesupport_fastrtps_cpp;rosidl_typesupport_introspection_cpp
[0.948s] -- Found rmw_implementation_cmake: 7.3.3 (/opt/ros/jazzy/share/rmw_implementation_cmake/cmake)
[0.951s] -- Found rmw_fastrtps_cpp: 8.4.4 (/opt/ros/jazzy/share/rmw_fastrtps_cpp/cmake)
[1.083s] -- Using RMW implementation 'rmw_fastrtps_cpp' as default
[1.199s] -- Found sensor_msgs: 5.3.8 (/opt/ros/jazzy/share/sensor_msgs/cmake)
[1.331s] -- Found std_srvs: 5.3.8 (/opt/ros/jazzy/share/std_srvs/cmake)
[1.888s] -- Configuring done (1.8s)
[1.968s] -- Generating done (0.1s)
[2.000s] -- Build files have been written to: /home/seeno04/inno_jazzy_ws/build/sllidar_ros2
[2.032s] Invoked command in '/home/seeno04/inno_jazzy_ws/build/sllidar_ros2' returned '0': CMAKE_PREFIX_PATH=${CMAKE_PREFIX_PATH}:/home/seeno04/inno_jazzy_ws/install/inno_robot_bringup:/home/seeno04/inno_jazzy_ws/install/inno_camera_tools:/opt/ros/jazzy DEBUGINFOD_URLS=https://debuginfod.ubuntu.com /usr/bin/cmake /home/seeno04/inno_jazzy_ws/src/sllidar_ros2 -DAMENT_CMAKE_SYMLINK_INSTALL=1 -DCMAKE_INSTALL_PREFIX=/home/seeno04/inno_jazzy_ws/install/sllidar_ros2
[2.032s] Invoking command in '/home/seeno04/inno_jazzy_ws/build/sllidar_ros2': CMAKE_PREFIX_PATH=${CMAKE_PREFIX_PATH}:/home/seeno04/inno_jazzy_ws/install/inno_robot_bringup:/home/seeno04/inno_jazzy_ws/install/inno_camera_tools:/opt/ros/jazzy DEBUGINFOD_URLS=https://debuginfod.ubuntu.com /usr/bin/cmake --build /home/seeno04/inno_jazzy_ws/build/sllidar_ros2 -- -j4 -l4
[2.389s] [ 90%] Built target sllidar_node
[2.498s] [100%] Built target sllidar_client
[2.525s] Invoked command in '/home/seeno04/inno_jazzy_ws/build/sllidar_ros2' returned '0': CMAKE_PREFIX_PATH=${CMAKE_PREFIX_PATH}:/home/seeno04/inno_jazzy_ws/install/inno_robot_bringup:/home/seeno04/inno_jazzy_ws/install/inno_camera_tools:/opt/ros/jazzy DEBUGINFOD_URLS=https://debuginfod.ubuntu.com /usr/bin/cmake --build /home/seeno04/inno_jazzy_ws/build/sllidar_ros2 -- -j4 -l4
[2.573s] Invoking command in '/home/seeno04/inno_jazzy_ws/build/sllidar_ros2': CMAKE_PREFIX_PATH=${CMAKE_PREFIX_PATH}:/home/seeno04/inno_jazzy_ws/install/inno_robot_bringup:/home/seeno04/inno_jazzy_ws/install/inno_camera_tools:/opt/ros/jazzy DEBUGINFOD_URLS=https://debuginfod.ubuntu.com /usr/bin/cmake --install /home/seeno04/inno_jazzy_ws/build/sllidar_ros2
[2.596s] -- Install configuration: ""
[2.596s] -- Execute custom install script
[2.597s] -- Up-to-date symlink: /home/seeno04/inno_jazzy_ws/install/sllidar_ros2/share/sllidar_ros2/launch/sllidar_a1_launch.py
[2.597s] -- Up-to-date symlink: /home/seeno04/inno_jazzy_ws/install/sllidar_ros2/share/sllidar_ros2/launch/sllidar_a2m12_launch .py
[2.598s] -- Up-to-date symlink: /home/seeno04/inno_jazzy_ws/install/sllidar_ros2/share/sllidar_ros2/launch/sllidar_a2m7_launch.py
[2.598s] -- Up-to-date symlink: /home/seeno04/inno_jazzy_ws/install/sllidar_ros2/share/sllidar_ros2/launch/sllidar_a2m8_launch.py
[2.598s] -- Up-to-date symlink: /home/seeno04/inno_jazzy_ws/install/sllidar_ros2/share/sllidar_ros2/launch/sllidar_a3_launch.py
[2.598s] -- Up-to-date symlink: /home/seeno04/inno_jazzy_ws/install/sllidar_ros2/share/sllidar_ros2/launch/sllidar_c1_launch.py
[2.598s] -- Up-to-date symlink: /home/seeno04/inno_jazzy_ws/install/sllidar_ros2/share/sllidar_ros2/launch/sllidar_s1_launch.py
[2.598s] -- Up-to-date symlink: /home/seeno04/inno_jazzy_ws/install/sllidar_ros2/share/sllidar_ros2/launch/sllidar_s1_tcp_launch.py
[2.598s] -- Up-to-date symlink: /home/seeno04/inno_jazzy_ws/install/sllidar_ros2/share/sllidar_ros2/launch/sllidar_s2_launch.py
[2.598s] -- Up-to-date symlink: /home/seeno04/inno_jazzy_ws/install/sllidar_ros2/share/sllidar_ros2/launch/sllidar_s2e_launch.py
[2.598s] -- Up-to-date symlink: /home/seeno04/inno_jazzy_ws/install/sllidar_ros2/share/sllidar_ros2/launch/sllidar_s3_launch.py
[2.599s] -- Up-to-date symlink: /home/seeno04/inno_jazzy_ws/install/sllidar_ros2/share/sllidar_ros2/launch/sllidar_t1_launch.py
[2.599s] -- Up-to-date symlink: /home/seeno04/inno_jazzy_ws/install/sllidar_ros2/share/sllidar_ros2/launch/view_sllidar_a1_launch.py
[2.599s] -- Up-to-date symlink: /home/seeno04/inno_jazzy_ws/install/sllidar_ros2/share/sllidar_ros2/launch/view_sllidar_a2m12_launch.py
[2.599s] -- Up-to-date symlink: /home/seeno04/inno_jazzy_ws/install/sllidar_ros2/share/sllidar_ros2/launch/view_sllidar_a2m7_launch.py
[2.599s] -- Up-to-date symlink: /home/seeno04/inno_jazzy_ws/install/sllidar_ros2/share/sllidar_ros2/launch/view_sllidar_a2m8_launch.py
[2.599s] -- Up-to-date symlink: /home/seeno04/inno_jazzy_ws/install/sllidar_ros2/share/sllidar_ros2/launch/view_sllidar_a3_launch.py
[2.599s] -- Up-to-date symlink: /home/seeno04/inno_jazzy_ws/install/sllidar_ros2/share/sllidar_ros2/launch/view_sllidar_c1_launch.py
[2.599s] -- Up-to-date symlink: /home/seeno04/inno_jazzy_ws/install/sllidar_ros2/share/sllidar_ros2/launch/view_sllidar_s1_launch.py
[2.600s] -- Up-to-date symlink: /home/seeno04/inno_jazzy_ws/install/sllidar_ros2/share/sllidar_ros2/launch/view_sllidar_s1_tcp_launch.py
[2.600s] -- Up-to-date symlink: /home/seeno04/inno_jazzy_ws/install/sllidar_ros2/share/sllidar_ros2/launch/view_sllidar_s2_launch.py
[2.600s] -- Up-to-date symlink: /home/seeno04/inno_jazzy_ws/install/sllidar_ros2/share/sllidar_ros2/launch/view_sllidar_s2e_launch.py
[2.600s] -- Up-to-date symlink: /home/seeno04/inno_jazzy_ws/install/sllidar_ros2/share/sllidar_ros2/launch/view_sllidar_s3_launch.py
[2.600s] -- Up-to-date symlink: /home/seeno04/inno_jazzy_ws/install/sllidar_ros2/share/sllidar_ros2/launch/view_sllidar_t1_launch.py
[2.600s] -- Up-to-date symlink: /home/seeno04/inno_jazzy_ws/install/sllidar_ros2/share/sllidar_ros2/rviz/sllidar_ros2.rviz
[2.601s] -- Up-to-date symlink: /home/seeno04/inno_jazzy_ws/install/sllidar_ros2/lib/sllidar_ros2/sllidar_node
[2.601s] -- Up-to-date symlink: /home/seeno04/inno_jazzy_ws/install/sllidar_ros2/lib/sllidar_ros2/sllidar_client
[2.601s] -- Up-to-date symlink: /home/seeno04/inno_jazzy_ws/install/sllidar_ros2/share/ament_index/resource_index/package_run_dependencies/sllidar_ros2
[2.673s] -- Up-to-date symlink: /home/seeno04/inno_jazzy_ws/install/sllidar_ros2/share/ament_index/resource_index/parent_prefix_path/sllidar_ros2
[2.673s] -- Up-to-date symlink: /home/seeno04/inno_jazzy_ws/install/sllidar_ros2/share/sllidar_ros2/environment/ament_prefix_path.sh
[2.677s] -- Up-to-date symlink: /home/seeno04/inno_jazzy_ws/install/sllidar_ros2/share/sllidar_ros2/environment/ament_prefix_path.dsv
[2.678s] -- Up-to-date symlink: /home/seeno04/inno_jazzy_ws/install/sllidar_ros2/share/sllidar_ros2/environment/path.sh
[2.678s] -- Up-to-date symlink: /home/seeno04/inno_jazzy_ws/install/sllidar_ros2/share/sllidar_ros2/environment/path.dsv
[2.678s] -- Up-to-date symlink: /home/seeno04/inno_jazzy_ws/install/sllidar_ros2/share/sllidar_ros2/local_setup.bash
[2.680s] -- Up-to-date symlink: /home/seeno04/inno_jazzy_ws/install/sllidar_ros2/share/sllidar_ros2/local_setup.sh
[2.680s] -- Up-to-date symlink: /home/seeno04/inno_jazzy_ws/install/sllidar_ros2/share/sllidar_ros2/local_setup.zsh
[2.680s] -- Up-to-date symlink: /home/seeno04/inno_jazzy_ws/install/sllidar_ros2/share/sllidar_ros2/local_setup.dsv
[2.680s] -- Symlinking: /home/seeno04/inno_jazzy_ws/install/sllidar_ros2/share/sllidar_ros2/package.dsv
[2.712s] -- Up-to-date symlink: /home/seeno04/inno_jazzy_ws/install/sllidar_ros2/share/ament_index/resource_index/packages/sllidar_ros2
[2.713s] -- Up-to-date symlink: /home/seeno04/inno_jazzy_ws/install/sllidar_ros2/share/sllidar_ros2/cmake/ament_cmake_export_dependencies-extras.cmake
[2.713s] -- Up-to-date symlink: /home/seeno04/inno_jazzy_ws/install/sllidar_ros2/share/sllidar_ros2/cmake/ament_cmake_export_include_directories-extras.cmake
[2.714s] -- Up-to-date symlink: /home/seeno04/inno_jazzy_ws/install/sllidar_ros2/share/sllidar_ros2/cmake/sllidar_ros2Config.cmake
[2.714s] -- Up-to-date symlink: /home/seeno04/inno_jazzy_ws/install/sllidar_ros2/share/sllidar_ros2/cmake/sllidar_ros2Config-version.cmake
[2.715s] -- Up-to-date symlink: /home/seeno04/inno_jazzy_ws/install/sllidar_ros2/share/sllidar_ros2/package.xml
[2.722s] Invoked command in '/home/seeno04/inno_jazzy_ws/build/sllidar_ros2' returned '0': CMAKE_PREFIX_PATH=${CMAKE_PREFIX_PATH}:/home/seeno04/inno_jazzy_ws/install/inno_robot_bringup:/home/seeno04/inno_jazzy_ws/install/inno_camera_tools:/opt/ros/jazzy DEBUGINFOD_URLS=https://debuginfod.ubuntu.com /usr/bin/cmake --install /home/seeno04/inno_jazzy_ws/build/sllidar_ros2
