[0.369s] DEBUG:colcon:Command line arguments: ['/usr/bin/colcon', 'build', '--symlink-install']
[0.370s] DEBUG:colcon:Parsed command line arguments: Namespace(log_base=None, log_level=None, verb_name='build', build_base='build', install_base='install', merge_install=False, symlink_install=True, test_result_base=None, continue_on_error=False, executor='parallel', parallel_workers=4, event_handlers=None, ignore_user_meta=False, metas=['./colcon.meta'], base_paths=['.'], packages_ignore=None, packages_ignore_regex=None, paths=None, packages_up_to=None, packages_up_to_regex=None, packages_above=None, packages_above_and_dependencies=None, packages_above_depth=None, packages_select_by_dep=None, packages_skip_by_dep=None, packages_skip_up_to=None, packages_select_build_failed=False, packages_skip_build_finished=False, packages_select_test_failures=False, packages_skip_test_passed=False, packages_select=None, packages_skip=None, packages_select_regex=None, packages_skip_regex=None, packages_start=None, packages_end=None, allow_overriding=[], cmake_args=None, cmake_target=None, cmake_target_skip_unavailable=False, cmake_clean_cache=False, cmake_clean_first=False, cmake_force_configure=False, ament_cmake_args=None, catkin_cmake_args=None, catkin_skip_building_tests=False, mixin_files=None, mixin=None, verb_parser=<colcon_mixin.mixin.mixin_argument.MixinArgumentDecorator object at 0xffffb2694bc0>, verb_extension=<colcon_core.verb.build.BuildVerb object at 0xffffb284ce00>, main=<bound method BuildVerb.main of <colcon_core.verb.build.BuildVerb object at 0xffffb284ce00>>, mixin_verb=('build',))
[0.458s] Level 1:colcon.colcon_core.package_discovery:discover_packages(colcon_meta) check parameters
[0.459s] Level 1:colcon.colcon_core.package_discovery:discover_packages(recursive) check parameters
[0.459s] Level 1:colcon.colcon_core.package_discovery:discover_packages(ignore) check parameters
[0.459s] Level 1:colcon.colcon_core.package_discovery:discover_packages(path) check parameters
[0.459s] Level 1:colcon.colcon_core.package_discovery:discover_packages(colcon_meta) discover
[0.459s] Level 1:colcon.colcon_core.package_discovery:discover_packages(recursive) discover
[0.459s] INFO:colcon.colcon_core.package_discovery:Crawling recursively for packages in '/home/seeno04/inno_ws'
[0.460s] Level 1:colcon.colcon_core.package_identification:_identify(.) by extensions ['ignore', 'ignore_ament_install']
[0.460s] Level 1:colcon.colcon_core.package_identification:_identify(.) by extension 'ignore'
[0.461s] Level 1:colcon.colcon_core.package_identification:_identify(.) by extension 'ignore_ament_install'
[0.461s] Level 1:colcon.colcon_core.package_identification:_identify(.) by extensions ['colcon_pkg']
[0.461s] Level 1:colcon.colcon_core.package_identification:_identify(.) by extension 'colcon_pkg'
[0.461s] Level 1:colcon.colcon_core.package_identification:_identify(.) by extensions ['colcon_meta']
[0.461s] Level 1:colcon.colcon_core.package_identification:_identify(.) by extension 'colcon_meta'
[0.461s] Level 1:colcon.colcon_core.package_identification:_identify(.) by extensions ['ros']
[0.461s] Level 1:colcon.colcon_core.package_identification:_identify(.) by extension 'ros'
[0.514s] Level 1:colcon.colcon_core.package_identification:_identify(.) by extensions ['cmake', 'python']
[0.514s] Level 1:colcon.colcon_core.package_identification:_identify(.) by extension 'cmake'
[0.514s] Level 1:colcon.colcon_core.package_identification:_identify(.) by extension 'python'
[0.514s] Level 1:colcon.colcon_core.package_identification:_identify(.) by extensions ['python_setup_py']
[0.514s] Level 1:colcon.colcon_core.package_identification:_identify(.) by extension 'python_setup_py'
[0.514s] Level 1:colcon.colcon_core.package_identification:_identify(build) by extensions ['ignore', 'ignore_ament_install']
[0.515s] Level 1:colcon.colcon_core.package_identification:_identify(build) by extension 'ignore'
[0.515s] Level 1:colcon.colcon_core.package_identification:_identify(build) ignored
[0.515s] Level 1:colcon.colcon_core.package_identification:_identify(install) by extensions ['ignore', 'ignore_ament_install']
[0.515s] Level 1:colcon.colcon_core.package_identification:_identify(install) by extension 'ignore'
[0.515s] Level 1:colcon.colcon_core.package_identification:_identify(install) ignored
[0.515s] Level 1:colcon.colcon_core.package_identification:_identify(log) by extensions ['ignore', 'ignore_ament_install']
[0.515s] Level 1:colcon.colcon_core.package_identification:_identify(log) by extension 'ignore'
[0.515s] Level 1:colcon.colcon_core.package_identification:_identify(log) ignored
[0.515s] Level 1:colcon.colcon_core.package_identification:_identify(src) by extensions ['ignore', 'ignore_ament_install']
[0.515s] Level 1:colcon.colcon_core.package_identification:_identify(src) by extension 'ignore'
[0.515s] Level 1:colcon.colcon_core.package_identification:_identify(src) by extension 'ignore_ament_install'
[0.516s] Level 1:colcon.colcon_core.package_identification:_identify(src) by extensions ['colcon_pkg']
[0.516s] Level 1:colcon.colcon_core.package_identification:_identify(src) by extension 'colcon_pkg'
[0.516s] Level 1:colcon.colcon_core.package_identification:_identify(src) by extensions ['colcon_meta']
[0.516s] Level 1:colcon.colcon_core.package_identification:_identify(src) by extension 'colcon_meta'
[0.516s] Level 1:colcon.colcon_core.package_identification:_identify(src) by extensions ['ros']
[0.516s] Level 1:colcon.colcon_core.package_identification:_identify(src) by extension 'ros'
[0.516s] Level 1:colcon.colcon_core.package_identification:_identify(src) by extensions ['cmake', 'python']
[0.516s] Level 1:colcon.colcon_core.package_identification:_identify(src) by extension 'cmake'
[0.516s] Level 1:colcon.colcon_core.package_identification:_identify(src) by extension 'python'
[0.516s] Level 1:colcon.colcon_core.package_identification:_identify(src) by extensions ['python_setup_py']
[0.516s] Level 1:colcon.colcon_core.package_identification:_identify(src) by extension 'python_setup_py'
[0.516s] Level 1:colcon.colcon_core.package_identification:_identify(src/sllidar_ros2) by extensions ['ignore', 'ignore_ament_install']
[0.516s] Level 1:colcon.colcon_core.package_identification:_identify(src/sllidar_ros2) by extension 'ignore'
[0.516s] Level 1:colcon.colcon_core.package_identification:_identify(src/sllidar_ros2) by extension 'ignore_ament_install'
[0.516s] Level 1:colcon.colcon_core.package_identification:_identify(src/sllidar_ros2) by extensions ['colcon_pkg']
[0.516s] Level 1:colcon.colcon_core.package_identification:_identify(src/sllidar_ros2) by extension 'colcon_pkg'
[0.516s] Level 1:colcon.colcon_core.package_identification:_identify(src/sllidar_ros2) by extensions ['colcon_meta']
[0.516s] Level 1:colcon.colcon_core.package_identification:_identify(src/sllidar_ros2) by extension 'colcon_meta'
[0.516s] Level 1:colcon.colcon_core.package_identification:_identify(src/sllidar_ros2) by extensions ['ros']
[0.516s] Level 1:colcon.colcon_core.package_identification:_identify(src/sllidar_ros2) by extension 'ros'
[0.520s] DEBUG:colcon.colcon_core.package_identification:Package 'src/sllidar_ros2' with type 'ros.ament_cmake' and name 'sllidar_ros2'
[0.520s] Level 1:colcon.colcon_core.package_discovery:discover_packages(recursive) using defaults
[0.520s] Level 1:colcon.colcon_core.package_discovery:discover_packages(ignore) discover
[0.520s] Level 1:colcon.colcon_core.package_discovery:discover_packages(ignore) using defaults
[0.520s] Level 1:colcon.colcon_core.package_discovery:discover_packages(path) discover
[0.520s] Level 1:colcon.colcon_core.package_discovery:discover_packages(path) using defaults
[0.561s] Level 1:colcon.colcon_core.package_discovery:discover_packages(prefix_path) check parameters
[0.561s] Level 1:colcon.colcon_core.package_discovery:discover_packages(prefix_path) discover
[0.565s] DEBUG:colcon.colcon_installed_package_information.package_discovery:Found 194 installed packages in /opt/ros/jazzy
[0.567s] Level 1:colcon.colcon_core.package_discovery:discover_packages(prefix_path) using defaults
[0.617s] Level 5:colcon.colcon_core.verb:set package 'sllidar_ros2' build argument 'cmake_args' from command line to 'None'
[0.617s] Level 5:colcon.colcon_core.verb:set package 'sllidar_ros2' build argument 'cmake_target' from command line to 'None'
[0.617s] Level 5:colcon.colcon_core.verb:set package 'sllidar_ros2' build argument 'cmake_target_skip_unavailable' from command line to 'False'
[0.618s] Level 5:colcon.colcon_core.verb:set package 'sllidar_ros2' build argument 'cmake_clean_cache' from command line to 'False'
[0.618s] Level 5:colcon.colcon_core.verb:set package 'sllidar_ros2' build argument 'cmake_clean_first' from command line to 'False'
[0.618s] Level 5:colcon.colcon_core.verb:set package 'sllidar_ros2' build argument 'cmake_force_configure' from command line to 'False'
[0.618s] Level 5:colcon.colcon_core.verb:set package 'sllidar_ros2' build argument 'ament_cmake_args' from command line to 'None'
[0.618s] Level 5:colcon.colcon_core.verb:set package 'sllidar_ros2' build argument 'catkin_cmake_args' from command line to 'None'
[0.618s] Level 5:colcon.colcon_core.verb:set package 'sllidar_ros2' build argument 'catkin_skip_building_tests' from command line to 'False'
[0.618s] DEBUG:colcon.colcon_core.verb:Building package 'sllidar_ros2' with the following arguments: {'ament_cmake_args': None, 'build_base': '/home/seeno04/inno_ws/build/sllidar_ros2', 'catkin_cmake_args': None, 'catkin_skip_building_tests': False, 'cmake_args': None, 'cmake_clean_cache': False, 'cmake_clean_first': False, 'cmake_force_configure': False, 'cmake_target': None, 'cmake_target_skip_unavailable': False, 'install_base': '/home/seeno04/inno_ws/install/sllidar_ros2', 'merge_install': False, 'path': '/home/seeno04/inno_ws/src/sllidar_ros2', 'symlink_install': True, 'test_result_base': None}
[0.618s] INFO:colcon.colcon_core.executor:Executing jobs using 'parallel' executor
[0.620s] DEBUG:colcon.colcon_parallel_executor.executor.parallel:run_until_complete
[0.620s] INFO:colcon.colcon_ros.task.ament_cmake.build:Building ROS package in '/home/seeno04/inno_ws/src/sllidar_ros2' with build type 'ament_cmake'
[0.621s] INFO:colcon.colcon_cmake.task.cmake.build:Building CMake package in '/home/seeno04/inno_ws/src/sllidar_ros2'
[0.627s] INFO:colcon.colcon_core.plugin_system:Skipping extension 'colcon_core.shell.bat': Not used on non-Windows systems
[0.628s] INFO:colcon.colcon_core.shell:Skip shell extension 'powershell' for command environment: Not usable outside of PowerShell
[0.628s] DEBUG:colcon.colcon_core.shell:Skip shell extension 'dsv' for command environment
[0.647s] DEBUG:colcon.colcon_core.event_handler.log_command:Invoking command in '/home/seeno04/inno_ws/build/sllidar_ros2': CMAKE_PREFIX_PATH=/opt/ros/jazzy DEBUGINFOD_URLS=https://debuginfod.ubuntu.com /usr/bin/cmake /home/seeno04/inno_ws/src/sllidar_ros2 -DAMENT_CMAKE_SYMLINK_INSTALL=1 -DCMAKE_INSTALL_PREFIX=/home/seeno04/inno_ws/install/sllidar_ros2
[3.180s] DEBUG:colcon.colcon_core.event_handler.log_command:Invoked command in '/home/seeno04/inno_ws/build/sllidar_ros2' returned '0': CMAKE_PREFIX_PATH=/opt/ros/jazzy DEBUGINFOD_URLS=https://debuginfod.ubuntu.com /usr/bin/cmake /home/seeno04/inno_ws/src/sllidar_ros2 -DAMENT_CMAKE_SYMLINK_INSTALL=1 -DCMAKE_INSTALL_PREFIX=/home/seeno04/inno_ws/install/sllidar_ros2
[3.183s] DEBUG:colcon.colcon_core.event_handler.log_command:Invoking command in '/home/seeno04/inno_ws/build/sllidar_ros2': CMAKE_PREFIX_PATH=/opt/ros/jazzy DEBUGINFOD_URLS=https://debuginfod.ubuntu.com /usr/bin/cmake --build /home/seeno04/inno_ws/build/sllidar_ros2 -- -j4 -l4
[29.079s] DEBUG:colcon.colcon_core.event_handler.log_command:Invoked command in '/home/seeno04/inno_ws/build/sllidar_ros2' returned '0': CMAKE_PREFIX_PATH=/opt/ros/jazzy DEBUGINFOD_URLS=https://debuginfod.ubuntu.com /usr/bin/cmake --build /home/seeno04/inno_ws/build/sllidar_ros2 -- -j4 -l4
[29.104s] DEBUG:colcon.colcon_core.event_handler.log_command:Invoking command in '/home/seeno04/inno_ws/build/sllidar_ros2': CMAKE_PREFIX_PATH=/opt/ros/jazzy DEBUGINFOD_URLS=https://debuginfod.ubuntu.com /usr/bin/cmake --install /home/seeno04/inno_ws/build/sllidar_ros2
[30.190s] Level 1:colcon.colcon_core.environment:create_environment_scripts_only(sllidar_ros2)
[30.191s] DEBUG:colcon.colcon_core.event_handler.log_command:Invoked command in '/home/seeno04/inno_ws/build/sllidar_ros2' returned '0': CMAKE_PREFIX_PATH=/opt/ros/jazzy DEBUGINFOD_URLS=https://debuginfod.ubuntu.com /usr/bin/cmake --install /home/seeno04/inno_ws/build/sllidar_ros2
[30.194s] Level 1:colcon.colcon_core.environment:checking '/home/seeno04/inno_ws/install/sllidar_ros2' for CMake module files
[30.195s] Level 1:colcon.colcon_core.environment:checking '/home/seeno04/inno_ws/install/sllidar_ros2' for CMake config files
[30.196s] Level 1:colcon.colcon_core.shell:create_environment_hook('sllidar_ros2', 'cmake_prefix_path')
[30.196s] INFO:colcon.colcon_core.shell:Creating environment hook '/home/seeno04/inno_ws/install/sllidar_ros2/share/sllidar_ros2/hook/cmake_prefix_path.ps1'
[30.198s] INFO:colcon.colcon_core.shell:Creating environment descriptor '/home/seeno04/inno_ws/install/sllidar_ros2/share/sllidar_ros2/hook/cmake_prefix_path.dsv'
[30.199s] INFO:colcon.colcon_core.shell:Creating environment hook '/home/seeno04/inno_ws/install/sllidar_ros2/share/sllidar_ros2/hook/cmake_prefix_path.sh'
[30.201s] Level 1:colcon.colcon_core.environment:checking '/home/seeno04/inno_ws/install/sllidar_ros2/lib'
[30.201s] Level 1:colcon.colcon_core.environment:checking '/home/seeno04/inno_ws/install/sllidar_ros2/bin'
[30.202s] Level 1:colcon.colcon_core.environment:checking '/home/seeno04/inno_ws/install/sllidar_ros2/lib/pkgconfig/sllidar_ros2.pc'
[30.202s] Level 1:colcon.colcon_core.environment:checking '/home/seeno04/inno_ws/install/sllidar_ros2/lib/python3.12/site-packages'
[30.203s] Level 1:colcon.colcon_core.environment:checking '/home/seeno04/inno_ws/install/sllidar_ros2/bin'
[30.203s] INFO:colcon.colcon_core.shell:Creating package script '/home/seeno04/inno_ws/install/sllidar_ros2/share/sllidar_ros2/package.ps1'
[30.205s] INFO:colcon.colcon_core.shell:Creating package descriptor '/home/seeno04/inno_ws/install/sllidar_ros2/share/sllidar_ros2/package.dsv'
[30.206s] INFO:colcon.colcon_core.shell:Creating package script '/home/seeno04/inno_ws/install/sllidar_ros2/share/sllidar_ros2/package.sh'
[30.207s] INFO:colcon.colcon_core.shell:Creating package script '/home/seeno04/inno_ws/install/sllidar_ros2/share/sllidar_ros2/package.bash'
[30.209s] INFO:colcon.colcon_core.shell:Creating package script '/home/seeno04/inno_ws/install/sllidar_ros2/share/sllidar_ros2/package.zsh'
[30.210s] Level 1:colcon.colcon_core.environment:create_file_with_runtime_dependencies(/home/seeno04/inno_ws/install/sllidar_ros2/share/colcon-core/packages/sllidar_ros2)
[30.213s] Level 1:colcon.colcon_core.environment:create_environment_scripts_only(sllidar_ros2)
[30.213s] Level 1:colcon.colcon_core.environment:checking '/home/seeno04/inno_ws/install/sllidar_ros2' for CMake module files
[30.214s] Level 1:colcon.colcon_core.environment:checking '/home/seeno04/inno_ws/install/sllidar_ros2' for CMake config files
[30.215s] Level 1:colcon.colcon_core.shell:create_environment_hook('sllidar_ros2', 'cmake_prefix_path')
[30.216s] INFO:colcon.colcon_core.shell:Creating environment hook '/home/seeno04/inno_ws/install/sllidar_ros2/share/sllidar_ros2/hook/cmake_prefix_path.ps1'
[30.217s] INFO:colcon.colcon_core.shell:Creating environment descriptor '/home/seeno04/inno_ws/install/sllidar_ros2/share/sllidar_ros2/hook/cmake_prefix_path.dsv'
[30.218s] INFO:colcon.colcon_core.shell:Creating environment hook '/home/seeno04/inno_ws/install/sllidar_ros2/share/sllidar_ros2/hook/cmake_prefix_path.sh'
[30.219s] Level 1:colcon.colcon_core.environment:checking '/home/seeno04/inno_ws/install/sllidar_ros2/lib'
[30.219s] Level 1:colcon.colcon_core.environment:checking '/home/seeno04/inno_ws/install/sllidar_ros2/bin'
[30.219s] Level 1:colcon.colcon_core.environment:checking '/home/seeno04/inno_ws/install/sllidar_ros2/lib/pkgconfig/sllidar_ros2.pc'
[30.220s] Level 1:colcon.colcon_core.environment:checking '/home/seeno04/inno_ws/install/sllidar_ros2/lib/python3.12/site-packages'
[30.220s] Level 1:colcon.colcon_core.environment:checking '/home/seeno04/inno_ws/install/sllidar_ros2/bin'
[30.221s] INFO:colcon.colcon_core.shell:Creating package script '/home/seeno04/inno_ws/install/sllidar_ros2/share/sllidar_ros2/package.ps1'
[30.223s] INFO:colcon.colcon_core.shell:Creating package descriptor '/home/seeno04/inno_ws/install/sllidar_ros2/share/sllidar_ros2/package.dsv'
[30.223s] INFO:colcon.colcon_core.shell:Creating package script '/home/seeno04/inno_ws/install/sllidar_ros2/share/sllidar_ros2/package.sh'
[30.224s] INFO:colcon.colcon_core.shell:Creating package script '/home/seeno04/inno_ws/install/sllidar_ros2/share/sllidar_ros2/package.bash'
[30.227s] INFO:colcon.colcon_core.shell:Creating package script '/home/seeno04/inno_ws/install/sllidar_ros2/share/sllidar_ros2/package.zsh'
[30.228s] Level 1:colcon.colcon_core.environment:create_file_with_runtime_dependencies(/home/seeno04/inno_ws/install/sllidar_ros2/share/colcon-core/packages/sllidar_ros2)
[30.229s] DEBUG:colcon.colcon_parallel_executor.executor.parallel:closing loop
[30.231s] DEBUG:colcon.colcon_parallel_executor.executor.parallel:loop closed
[30.231s] DEBUG:colcon.colcon_parallel_executor.executor.parallel:run_until_complete finished with '0'
[30.231s] DEBUG:colcon.colcon_core.event_reactor:joining thread
[30.250s] INFO:colcon.colcon_core.plugin_system:Skipping extension 'colcon_notification.desktop_notification.terminal_notifier': Not used on non-Darwin systems
[30.250s] INFO:colcon.colcon_core.plugin_system:Skipping extension 'colcon_notification.desktop_notification.win32': Not used on non-Windows systems
[30.250s] INFO:colcon.colcon_notification.desktop_notification:Sending desktop notification using 'notify2'
[30.322s] DEBUG:colcon.colcon_core.event_reactor:joined thread
[30.322s] INFO:colcon.colcon_core.shell:Creating prefix script '/home/seeno04/inno_ws/install/local_setup.ps1'
[30.324s] INFO:colcon.colcon_core.shell:Creating prefix util module '/home/seeno04/inno_ws/install/_local_setup_util_ps1.py'
[30.330s] INFO:colcon.colcon_core.shell:Creating prefix chain script '/home/seeno04/inno_ws/install/setup.ps1'
[30.331s] INFO:colcon.colcon_core.shell:Creating prefix script '/home/seeno04/inno_ws/install/local_setup.sh'
[30.332s] INFO:colcon.colcon_core.shell:Creating prefix util module '/home/seeno04/inno_ws/install/_local_setup_util_sh.py'
[30.333s] INFO:colcon.colcon_core.shell:Creating prefix chain script '/home/seeno04/inno_ws/install/setup.sh'
[30.335s] INFO:colcon.colcon_core.shell:Creating prefix script '/home/seeno04/inno_ws/install/local_setup.bash'
[30.336s] INFO:colcon.colcon_core.shell:Creating prefix chain script '/home/seeno04/inno_ws/install/setup.bash'
[30.340s] INFO:colcon.colcon_core.shell:Creating prefix script '/home/seeno04/inno_ws/install/local_setup.zsh'
[30.342s] INFO:colcon.colcon_core.shell:Creating prefix chain script '/home/seeno04/inno_ws/install/setup.zsh'
