[0.236s] DEBUG:colcon:Command line arguments: ['/usr/bin/colcon', 'build', '--symlink-install', '--parallel-workers', '2', '--packages-select', 'inno_robot_bringup']
[0.237s] DEBUG:colcon:Parsed command line arguments: Namespace(log_base=None, log_level=None, verb_name='build', build_base='build', install_base='install', merge_install=False, symlink_install=True, test_result_base=None, continue_on_error=False, executor='parallel', parallel_workers=2, event_handlers=None, ignore_user_meta=False, metas=['./colcon.meta'], base_paths=['.'], packages_ignore=None, packages_ignore_regex=None, paths=None, packages_up_to=None, packages_up_to_regex=None, packages_above=None, packages_above_and_dependencies=None, packages_above_depth=None, packages_select_by_dep=None, packages_skip_by_dep=None, packages_skip_up_to=None, packages_select_build_failed=False, packages_skip_build_finished=False, packages_select_test_failures=False, packages_skip_test_passed=False, packages_select=['inno_robot_bringup'], packages_skip=None, packages_select_regex=None, packages_skip_regex=None, packages_start=None, packages_end=None, allow_overriding=[], cmake_args=None, cmake_target=None, cmake_target_skip_unavailable=False, cmake_clean_cache=False, cmake_clean_first=False, cmake_force_configure=False, ament_cmake_args=None, catkin_cmake_args=None, catkin_skip_building_tests=False, mixin_files=None, mixin=None, verb_parser=<colcon_mixin.mixin.mixin_argument.MixinArgumentDecorator object at 0xffffb9adb1a0>, verb_extension=<colcon_core.verb.build.BuildVerb object at 0xffffb9c8bda0>, main=<bound method BuildVerb.main of <colcon_core.verb.build.BuildVerb object at 0xffffb9c8bda0>>, mixin_verb=('build',))
[0.326s] Level 1:colcon.colcon_core.package_discovery:discover_packages(colcon_meta) check parameters
[0.326s] Level 1:colcon.colcon_core.package_discovery:discover_packages(recursive) check parameters
[0.326s] Level 1:colcon.colcon_core.package_discovery:discover_packages(ignore) check parameters
[0.326s] Level 1:colcon.colcon_core.package_discovery:discover_packages(path) check parameters
[0.327s] Level 1:colcon.colcon_core.package_discovery:discover_packages(colcon_meta) discover
[0.327s] Level 1:colcon.colcon_core.package_discovery:discover_packages(recursive) discover
[0.327s] INFO:colcon.colcon_core.package_discovery:Crawling recursively for packages in '/home/seeno04/inno_jazzy_ws'
[0.327s] Level 1:colcon.colcon_core.package_identification:_identify(.) by extensions ['ignore', 'ignore_ament_install']
[0.327s] Level 1:colcon.colcon_core.package_identification:_identify(.) by extension 'ignore'
[0.328s] Level 1:colcon.colcon_core.package_identification:_identify(.) by extension 'ignore_ament_install'
[0.328s] Level 1:colcon.colcon_core.package_identification:_identify(.) by extensions ['colcon_pkg']
[0.328s] Level 1:colcon.colcon_core.package_identification:_identify(.) by extension 'colcon_pkg'
[0.328s] Level 1:colcon.colcon_core.package_identification:_identify(.) by extensions ['colcon_meta']
[0.328s] Level 1:colcon.colcon_core.package_identification:_identify(.) by extension 'colcon_meta'
[0.328s] Level 1:colcon.colcon_core.package_identification:_identify(.) by extensions ['ros']
[0.328s] Level 1:colcon.colcon_core.package_identification:_identify(.) by extension 'ros'
[0.386s] Level 1:colcon.colcon_core.package_identification:_identify(.) by extensions ['cmake', 'python']
[0.386s] Level 1:colcon.colcon_core.package_identification:_identify(.) by extension 'cmake'
[0.386s] Level 1:colcon.colcon_core.package_identification:_identify(.) by extension 'python'
[0.386s] Level 1:colcon.colcon_core.package_identification:_identify(.) by extensions ['python_setup_py']
[0.386s] Level 1:colcon.colcon_core.package_identification:_identify(.) by extension 'python_setup_py'
[0.387s] Level 1:colcon.colcon_core.package_identification:_identify(build) by extensions ['ignore', 'ignore_ament_install']
[0.387s] Level 1:colcon.colcon_core.package_identification:_identify(build) by extension 'ignore'
[0.387s] Level 1:colcon.colcon_core.package_identification:_identify(build) ignored
[0.387s] Level 1:colcon.colcon_core.package_identification:_identify(calibration_results) by extensions ['ignore', 'ignore_ament_install']
[0.387s] Level 1:colcon.colcon_core.package_identification:_identify(calibration_results) by extension 'ignore'
[0.387s] Level 1:colcon.colcon_core.package_identification:_identify(calibration_results) by extension 'ignore_ament_install'
[0.387s] Level 1:colcon.colcon_core.package_identification:_identify(calibration_results) by extensions ['colcon_pkg']
[0.387s] Level 1:colcon.colcon_core.package_identification:_identify(calibration_results) by extension 'colcon_pkg'
[0.388s] Level 1:colcon.colcon_core.package_identification:_identify(calibration_results) by extensions ['colcon_meta']
[0.388s] Level 1:colcon.colcon_core.package_identification:_identify(calibration_results) by extension 'colcon_meta'
[0.388s] Level 1:colcon.colcon_core.package_identification:_identify(calibration_results) by extensions ['ros']
[0.388s] Level 1:colcon.colcon_core.package_identification:_identify(calibration_results) by extension 'ros'
[0.388s] Level 1:colcon.colcon_core.package_identification:_identify(calibration_results) by extensions ['cmake', 'python']
[0.388s] Level 1:colcon.colcon_core.package_identification:_identify(calibration_results) by extension 'cmake'
[0.388s] Level 1:colcon.colcon_core.package_identification:_identify(calibration_results) by extension 'python'
[0.388s] Level 1:colcon.colcon_core.package_identification:_identify(calibration_results) by extensions ['python_setup_py']
[0.388s] Level 1:colcon.colcon_core.package_identification:_identify(calibration_results) by extension 'python_setup_py'
[0.388s] Level 1:colcon.colcon_core.package_identification:_identify(docs) by extensions ['ignore', 'ignore_ament_install']
[0.388s] Level 1:colcon.colcon_core.package_identification:_identify(docs) by extension 'ignore'
[0.388s] Level 1:colcon.colcon_core.package_identification:_identify(docs) by extension 'ignore_ament_install'
[0.388s] Level 1:colcon.colcon_core.package_identification:_identify(docs) by extensions ['colcon_pkg']
[0.388s] Level 1:colcon.colcon_core.package_identification:_identify(docs) by extension 'colcon_pkg'
[0.388s] Level 1:colcon.colcon_core.package_identification:_identify(docs) by extensions ['colcon_meta']
[0.388s] Level 1:colcon.colcon_core.package_identification:_identify(docs) by extension 'colcon_meta'
[0.388s] Level 1:colcon.colcon_core.package_identification:_identify(docs) by extensions ['ros']
[0.389s] Level 1:colcon.colcon_core.package_identification:_identify(docs) by extension 'ros'
[0.389s] Level 1:colcon.colcon_core.package_identification:_identify(docs) by extensions ['cmake', 'python']
[0.389s] Level 1:colcon.colcon_core.package_identification:_identify(docs) by extension 'cmake'
[0.389s] Level 1:colcon.colcon_core.package_identification:_identify(docs) by extension 'python'
[0.389s] Level 1:colcon.colcon_core.package_identification:_identify(docs) by extensions ['python_setup_py']
[0.389s] Level 1:colcon.colcon_core.package_identification:_identify(docs) by extension 'python_setup_py'
[0.389s] Level 1:colcon.colcon_core.package_identification:_identify(install) by extensions ['ignore', 'ignore_ament_install']
[0.389s] Level 1:colcon.colcon_core.package_identification:_identify(install) by extension 'ignore'
[0.389s] Level 1:colcon.colcon_core.package_identification:_identify(install) ignored
[0.389s] Level 1:colcon.colcon_core.package_identification:_identify(log) by extensions ['ignore', 'ignore_ament_install']
[0.389s] Level 1:colcon.colcon_core.package_identification:_identify(log) by extension 'ignore'
[0.389s] Level 1:colcon.colcon_core.package_identification:_identify(log) ignored
[0.389s] Level 1:colcon.colcon_core.package_identification:_identify(maps) by extensions ['ignore', 'ignore_ament_install']
[0.389s] Level 1:colcon.colcon_core.package_identification:_identify(maps) by extension 'ignore'
[0.390s] Level 1:colcon.colcon_core.package_identification:_identify(maps) by extension 'ignore_ament_install'
[0.390s] Level 1:colcon.colcon_core.package_identification:_identify(maps) by extensions ['colcon_pkg']
[0.390s] Level 1:colcon.colcon_core.package_identification:_identify(maps) by extension 'colcon_pkg'
[0.390s] Level 1:colcon.colcon_core.package_identification:_identify(maps) by extensions ['colcon_meta']
[0.390s] Level 1:colcon.colcon_core.package_identification:_identify(maps) by extension 'colcon_meta'
[0.390s] Level 1:colcon.colcon_core.package_identification:_identify(maps) by extensions ['ros']
[0.390s] Level 1:colcon.colcon_core.package_identification:_identify(maps) by extension 'ros'
[0.390s] Level 1:colcon.colcon_core.package_identification:_identify(maps) by extensions ['cmake', 'python']
[0.390s] Level 1:colcon.colcon_core.package_identification:_identify(maps) by extension 'cmake'
[0.390s] Level 1:colcon.colcon_core.package_identification:_identify(maps) by extension 'python'
[0.390s] Level 1:colcon.colcon_core.package_identification:_identify(maps) by extensions ['python_setup_py']
[0.390s] Level 1:colcon.colcon_core.package_identification:_identify(maps) by extension 'python_setup_py'
[0.390s] Level 1:colcon.colcon_core.package_identification:_identify(reference_humble) by extensions ['ignore', 'ignore_ament_install']
[0.390s] Level 1:colcon.colcon_core.package_identification:_identify(reference_humble) by extension 'ignore'
[0.390s] Level 1:colcon.colcon_core.package_identification:_identify(reference_humble) by extension 'ignore_ament_install'
[0.390s] Level 1:colcon.colcon_core.package_identification:_identify(reference_humble) by extensions ['colcon_pkg']
[0.390s] Level 1:colcon.colcon_core.package_identification:_identify(reference_humble) by extension 'colcon_pkg'
[0.390s] Level 1:colcon.colcon_core.package_identification:_identify(reference_humble) by extensions ['colcon_meta']
[0.390s] Level 1:colcon.colcon_core.package_identification:_identify(reference_humble) by extension 'colcon_meta'
[0.390s] Level 1:colcon.colcon_core.package_identification:_identify(reference_humble) by extensions ['ros']
[0.390s] Level 1:colcon.colcon_core.package_identification:_identify(reference_humble) by extension 'ros'
[0.391s] Level 1:colcon.colcon_core.package_identification:_identify(reference_humble) by extensions ['cmake', 'python']
[0.391s] Level 1:colcon.colcon_core.package_identification:_identify(reference_humble) by extension 'cmake'
[0.391s] Level 1:colcon.colcon_core.package_identification:_identify(reference_humble) by extension 'python'
[0.391s] Level 1:colcon.colcon_core.package_identification:_identify(reference_humble) by extensions ['python_setup_py']
[0.391s] Level 1:colcon.colcon_core.package_identification:_identify(reference_humble) by extension 'python_setup_py'
[0.391s] Level 1:colcon.colcon_core.package_identification:_identify(scripts) by extensions ['ignore', 'ignore_ament_install']
[0.391s] Level 1:colcon.colcon_core.package_identification:_identify(scripts) by extension 'ignore'
[0.391s] Level 1:colcon.colcon_core.package_identification:_identify(scripts) by extension 'ignore_ament_install'
[0.391s] Level 1:colcon.colcon_core.package_identification:_identify(scripts) by extensions ['colcon_pkg']
[0.391s] Level 1:colcon.colcon_core.package_identification:_identify(scripts) by extension 'colcon_pkg'
[0.391s] Level 1:colcon.colcon_core.package_identification:_identify(scripts) by extensions ['colcon_meta']
[0.391s] Level 1:colcon.colcon_core.package_identification:_identify(scripts) by extension 'colcon_meta'
[0.391s] Level 1:colcon.colcon_core.package_identification:_identify(scripts) by extensions ['ros']
[0.391s] Level 1:colcon.colcon_core.package_identification:_identify(scripts) by extension 'ros'
[0.391s] Level 1:colcon.colcon_core.package_identification:_identify(scripts) by extensions ['cmake', 'python']
[0.391s] Level 1:colcon.colcon_core.package_identification:_identify(scripts) by extension 'cmake'
[0.391s] Level 1:colcon.colcon_core.package_identification:_identify(scripts) by extension 'python'
[0.391s] Level 1:colcon.colcon_core.package_identification:_identify(scripts) by extensions ['python_setup_py']
[0.391s] Level 1:colcon.colcon_core.package_identification:_identify(scripts) by extension 'python_setup_py'
[0.391s] Level 1:colcon.colcon_core.package_identification:_identify(src) by extensions ['ignore', 'ignore_ament_install']
[0.392s] Level 1:colcon.colcon_core.package_identification:_identify(src) by extension 'ignore'
[0.392s] Level 1:colcon.colcon_core.package_identification:_identify(src) by extension 'ignore_ament_install'
[0.392s] Level 1:colcon.colcon_core.package_identification:_identify(src) by extensions ['colcon_pkg']
[0.392s] Level 1:colcon.colcon_core.package_identification:_identify(src) by extension 'colcon_pkg'
[0.392s] Level 1:colcon.colcon_core.package_identification:_identify(src) by extensions ['colcon_meta']
[0.392s] Level 1:colcon.colcon_core.package_identification:_identify(src) by extension 'colcon_meta'
[0.392s] Level 1:colcon.colcon_core.package_identification:_identify(src) by extensions ['ros']
[0.392s] Level 1:colcon.colcon_core.package_identification:_identify(src) by extension 'ros'
[0.392s] Level 1:colcon.colcon_core.package_identification:_identify(src) by extensions ['cmake', 'python']
[0.392s] Level 1:colcon.colcon_core.package_identification:_identify(src) by extension 'cmake'
[0.392s] Level 1:colcon.colcon_core.package_identification:_identify(src) by extension 'python'
[0.392s] Level 1:colcon.colcon_core.package_identification:_identify(src) by extensions ['python_setup_py']
[0.392s] Level 1:colcon.colcon_core.package_identification:_identify(src) by extension 'python_setup_py'
[0.392s] Level 1:colcon.colcon_core.package_identification:_identify(src/inno_camera_tools) by extensions ['ignore', 'ignore_ament_install']
[0.392s] Level 1:colcon.colcon_core.package_identification:_identify(src/inno_camera_tools) by extension 'ignore'
[0.392s] Level 1:colcon.colcon_core.package_identification:_identify(src/inno_camera_tools) by extension 'ignore_ament_install'
[0.392s] Level 1:colcon.colcon_core.package_identification:_identify(src/inno_camera_tools) by extensions ['colcon_pkg']
[0.392s] Level 1:colcon.colcon_core.package_identification:_identify(src/inno_camera_tools) by extension 'colcon_pkg'
[0.392s] Level 1:colcon.colcon_core.package_identification:_identify(src/inno_camera_tools) by extensions ['colcon_meta']
[0.392s] Level 1:colcon.colcon_core.package_identification:_identify(src/inno_camera_tools) by extension 'colcon_meta'
[0.392s] Level 1:colcon.colcon_core.package_identification:_identify(src/inno_camera_tools) by extensions ['ros']
[0.393s] Level 1:colcon.colcon_core.package_identification:_identify(src/inno_camera_tools) by extension 'ros'
[0.396s] DEBUG:colcon.colcon_core.package_identification:Package 'src/inno_camera_tools' with type 'ros.ament_python' and name 'inno_camera_tools'
[0.397s] Level 1:colcon.colcon_core.package_identification:_identify(src/inno_robot_bringup) by extensions ['ignore', 'ignore_ament_install']
[0.397s] Level 1:colcon.colcon_core.package_identification:_identify(src/inno_robot_bringup) by extension 'ignore'
[0.397s] Level 1:colcon.colcon_core.package_identification:_identify(src/inno_robot_bringup) by extension 'ignore_ament_install'
[0.397s] Level 1:colcon.colcon_core.package_identification:_identify(src/inno_robot_bringup) by extensions ['colcon_pkg']
[0.397s] Level 1:colcon.colcon_core.package_identification:_identify(src/inno_robot_bringup) by extension 'colcon_pkg'
[0.397s] Level 1:colcon.colcon_core.package_identification:_identify(src/inno_robot_bringup) by extensions ['colcon_meta']
[0.397s] Level 1:colcon.colcon_core.package_identification:_identify(src/inno_robot_bringup) by extension 'colcon_meta'
[0.397s] Level 1:colcon.colcon_core.package_identification:_identify(src/inno_robot_bringup) by extensions ['ros']
[0.397s] Level 1:colcon.colcon_core.package_identification:_identify(src/inno_robot_bringup) by extension 'ros'
[0.398s] DEBUG:colcon.colcon_core.package_identification:Package 'src/inno_robot_bringup' with type 'ros.ament_python' and name 'inno_robot_bringup'
[0.398s] Level 1:colcon.colcon_core.package_identification:_identify(src/rf2o_laser_odometry) by extensions ['ignore', 'ignore_ament_install']
[0.398s] Level 1:colcon.colcon_core.package_identification:_identify(src/rf2o_laser_odometry) by extension 'ignore'
[0.398s] Level 1:colcon.colcon_core.package_identification:_identify(src/rf2o_laser_odometry) by extension 'ignore_ament_install'
[0.399s] Level 1:colcon.colcon_core.package_identification:_identify(src/rf2o_laser_odometry) by extensions ['colcon_pkg']
[0.399s] Level 1:colcon.colcon_core.package_identification:_identify(src/rf2o_laser_odometry) by extension 'colcon_pkg'
[0.399s] Level 1:colcon.colcon_core.package_identification:_identify(src/rf2o_laser_odometry) by extensions ['colcon_meta']
[0.399s] Level 1:colcon.colcon_core.package_identification:_identify(src/rf2o_laser_odometry) by extension 'colcon_meta'
[0.399s] Level 1:colcon.colcon_core.package_identification:_identify(src/rf2o_laser_odometry) by extensions ['ros']
[0.399s] Level 1:colcon.colcon_core.package_identification:_identify(src/rf2o_laser_odometry) by extension 'ros'
[0.400s] DEBUG:colcon.colcon_core.package_identification:Package 'src/rf2o_laser_odometry' with type 'ros.ament_cmake' and name 'rf2o_laser_odometry'
[0.401s] Level 1:colcon.colcon_core.package_identification:_identify(src/sllidar_ros2) by extensions ['ignore', 'ignore_ament_install']
[0.401s] Level 1:colcon.colcon_core.package_identification:_identify(src/sllidar_ros2) by extension 'ignore'
[0.401s] Level 1:colcon.colcon_core.package_identification:_identify(src/sllidar_ros2) by extension 'ignore_ament_install'
[0.401s] Level 1:colcon.colcon_core.package_identification:_identify(src/sllidar_ros2) by extensions ['colcon_pkg']
[0.401s] Level 1:colcon.colcon_core.package_identification:_identify(src/sllidar_ros2) by extension 'colcon_pkg'
[0.401s] Level 1:colcon.colcon_core.package_identification:_identify(src/sllidar_ros2) by extensions ['colcon_meta']
[0.401s] Level 1:colcon.colcon_core.package_identification:_identify(src/sllidar_ros2) by extension 'colcon_meta'
[0.401s] Level 1:colcon.colcon_core.package_identification:_identify(src/sllidar_ros2) by extensions ['ros']
[0.401s] Level 1:colcon.colcon_core.package_identification:_identify(src/sllidar_ros2) by extension 'ros'
[0.402s] DEBUG:colcon.colcon_core.package_identification:Package 'src/sllidar_ros2' with type 'ros.ament_cmake' and name 'sllidar_ros2'
[0.402s] Level 1:colcon.colcon_core.package_discovery:discover_packages(recursive) using defaults
[0.402s] Level 1:colcon.colcon_core.package_discovery:discover_packages(ignore) discover
[0.402s] Level 1:colcon.colcon_core.package_discovery:discover_packages(ignore) using defaults
[0.402s] Level 1:colcon.colcon_core.package_discovery:discover_packages(path) discover
[0.402s] Level 1:colcon.colcon_core.package_discovery:discover_packages(path) using defaults
[0.447s] INFO:colcon.colcon_core.package_selection:Skipping not selected package 'inno_camera_tools' in 'src/inno_camera_tools'
[0.447s] INFO:colcon.colcon_core.package_selection:Skipping not selected package 'rf2o_laser_odometry' in 'src/rf2o_laser_odometry'
[0.447s] INFO:colcon.colcon_core.package_selection:Skipping not selected package 'sllidar_ros2' in 'src/sllidar_ros2'
[0.447s] Level 1:colcon.colcon_core.package_discovery:discover_packages(prefix_path) check parameters
[0.448s] Level 1:colcon.colcon_core.package_discovery:discover_packages(prefix_path) discover
[0.451s] DEBUG:colcon.colcon_installed_package_information.package_discovery:Found 4 installed packages in /home/seeno04/inno_jazzy_ws/install
[0.451s] DEBUG:colcon.colcon_installed_package_information.package_discovery:Found 1 installed packages in /home/seeno04/inno_ws/install
[0.453s] DEBUG:colcon.colcon_installed_package_information.package_discovery:Found 229 installed packages in /opt/ros/jazzy
[0.454s] Level 1:colcon.colcon_core.package_discovery:discover_packages(prefix_path) using defaults
[0.520s] Level 5:colcon.colcon_core.verb:set package 'inno_robot_bringup' build argument 'cmake_args' from command line to 'None'
[0.521s] Level 5:colcon.colcon_core.verb:set package 'inno_robot_bringup' build argument 'cmake_target' from command line to 'None'
[0.522s] Level 5:colcon.colcon_core.verb:set package 'inno_robot_bringup' build argument 'cmake_target_skip_unavailable' from command line to 'False'
[0.522s] Level 5:colcon.colcon_core.verb:set package 'inno_robot_bringup' build argument 'cmake_clean_cache' from command line to 'False'
[0.522s] Level 5:colcon.colcon_core.verb:set package 'inno_robot_bringup' build argument 'cmake_clean_first' from command line to 'False'
[0.522s] Level 5:colcon.colcon_core.verb:set package 'inno_robot_bringup' build argument 'cmake_force_configure' from command line to 'False'
[0.522s] Level 5:colcon.colcon_core.verb:set package 'inno_robot_bringup' build argument 'ament_cmake_args' from command line to 'None'
[0.522s] Level 5:colcon.colcon_core.verb:set package 'inno_robot_bringup' build argument 'catkin_cmake_args' from command line to 'None'
[0.522s] Level 5:colcon.colcon_core.verb:set package 'inno_robot_bringup' build argument 'catkin_skip_building_tests' from command line to 'False'
[0.523s] DEBUG:colcon.colcon_core.verb:Building package 'inno_robot_bringup' with the following arguments: {'ament_cmake_args': None, 'build_base': '/home/seeno04/inno_jazzy_ws/build/inno_robot_bringup', 'catkin_cmake_args': None, 'catkin_skip_building_tests': False, 'cmake_args': None, 'cmake_clean_cache': False, 'cmake_clean_first': False, 'cmake_force_configure': False, 'cmake_target': None, 'cmake_target_skip_unavailable': False, 'install_base': '/home/seeno04/inno_jazzy_ws/install/inno_robot_bringup', 'merge_install': False, 'path': '/home/seeno04/inno_jazzy_ws/src/inno_robot_bringup', 'symlink_install': True, 'test_result_base': None}
[0.523s] INFO:colcon.colcon_core.executor:Executing jobs using 'parallel' executor
[0.525s] DEBUG:colcon.colcon_parallel_executor.executor.parallel:run_until_complete
[0.525s] INFO:colcon.colcon_ros.task.ament_python.build:Building ROS package in '/home/seeno04/inno_jazzy_ws/src/inno_robot_bringup' with build type 'ament_python'
[0.525s] Level 1:colcon.colcon_core.shell:create_environment_hook('inno_robot_bringup', 'ament_prefix_path')
[0.529s] INFO:colcon.colcon_core.plugin_system:Skipping extension 'colcon_core.shell.bat': Not used on non-Windows systems
[0.530s] INFO:colcon.colcon_core.shell:Creating environment hook '/home/seeno04/inno_jazzy_ws/install/inno_robot_bringup/share/inno_robot_bringup/hook/ament_prefix_path.ps1'
[0.531s] INFO:colcon.colcon_core.shell:Creating environment descriptor '/home/seeno04/inno_jazzy_ws/install/inno_robot_bringup/share/inno_robot_bringup/hook/ament_prefix_path.dsv'
[0.532s] INFO:colcon.colcon_core.shell:Creating environment hook '/home/seeno04/inno_jazzy_ws/install/inno_robot_bringup/share/inno_robot_bringup/hook/ament_prefix_path.sh'
[0.533s] INFO:colcon.colcon_core.shell:Skip shell extension 'powershell' for command environment: Not usable outside of PowerShell
[0.533s] DEBUG:colcon.colcon_core.shell:Skip shell extension 'dsv' for command environment
[1.051s] INFO:colcon.colcon_core.task.python.build:Building Python package in '/home/seeno04/inno_jazzy_ws/src/inno_robot_bringup'
[1.051s] INFO:colcon.colcon_core.shell:Skip shell extension 'powershell' for command environment: Not usable outside of PowerShell
[1.051s] DEBUG:colcon.colcon_core.shell:Skip shell extension 'dsv' for command environment
[2.290s] DEBUG:colcon.colcon_core.task.python.build:Available setuptools commands: symlink_data, setopt, install, build_scripts, sdist, saveopts, register, editable_wheel, bdist, develop, install_lib, easy_install, bdist_rpm, build, install_egg_info, install_scripts, egg_info, bdist_egg, extract_messages, build_clib, rotate, update_catalog, install_headers, build_ext, init_catalog, upload, compile_catalog, upload_docs, clean, bdist_wheel, test, bdist_dumb, build_py, install_data, dist_info, check, alias
[3.057s] DEBUG:colcon.colcon_core.task.python.build:Available setuptools 'develop' options: --install-dir, --user, --prefix, --dry-run, --local-snapshots-ok, --record, --editable, --index-url, --uninstall, --no-find-links, --no-deps, --egg-path, --build-directory, --install-layout, --multi-version, --quiet, --always-unzip, --force-installation-into-system-dir, --help, --allow-hosts, --version, --exclude-scripts, --no-user-cfg, --script-dir, --zip-ok, --always-copy, --find-links, --site-dirs, --upgrade, --verbose, --optimize
[3.060s] DEBUG:colcon.colcon_core.event_handler.log_command:Invoking command in '/home/seeno04/inno_jazzy_ws/build/inno_robot_bringup': AMENT_PREFIX_PATH=/home/seeno04/inno_jazzy_ws/install/inno_camera_tools:/home/seeno04/inno_jazzy_ws/install/inno_robot_bringup:/home/seeno04/inno_jazzy_ws/install/sllidar_ros2:/home/seeno04/inno_jazzy_ws/install/rf2o_laser_odometry:/home/seeno04/inno_ws/install/sllidar_ros2:/opt/ros/jazzy DEBUGINFOD_URLS=https://debuginfod.ubuntu.com PYTHONPATH=/home/seeno04/inno_jazzy_ws/build/inno_robot_bringup/prefix_override:/usr/lib/python3/dist-packages/colcon_core/task/python/colcon_distutils_commands:/home/seeno04/inno_jazzy_ws/install/inno_robot_bringup/lib/python3.12/site-packages:/home/seeno04/inno_jazzy_ws/build/inno_camera_tools:/home/seeno04/inno_jazzy_ws/install/inno_camera_tools/lib/python3.12/site-packages:/home/seeno04/inno_jazzy_ws/build/inno_robot_bringup:/home/seeno04/inno_jazzy_ws/install/inno_robot_bringup/lib/python3.12/site-packages:/opt/ros/jazzy/lib/python3.12/site-packages /usr/bin/python3 -W ignore:setup.py install is deprecated -W ignore:easy_install command is deprecated setup.py develop --editable --build-directory /home/seeno04/inno_jazzy_ws/build/inno_robot_bringup/build --no-deps symlink_data
[4.320s] Level 1:colcon.colcon_core.shell:create_environment_hook('inno_robot_bringup', 'pythonpath_develop')
[4.321s] INFO:colcon.colcon_core.shell:Creating environment hook '/home/seeno04/inno_jazzy_ws/build/inno_robot_bringup/share/inno_robot_bringup/hook/pythonpath_develop.ps1'
[4.322s] INFO:colcon.colcon_core.shell:Creating environment descriptor '/home/seeno04/inno_jazzy_ws/build/inno_robot_bringup/share/inno_robot_bringup/hook/pythonpath_develop.dsv'
[4.335s] DEBUG:colcon.colcon_core.event_handler.log_command:Invoked command in '/home/seeno04/inno_jazzy_ws/build/inno_robot_bringup' returned '0': AMENT_PREFIX_PATH=/home/seeno04/inno_jazzy_ws/install/inno_camera_tools:/home/seeno04/inno_jazzy_ws/install/inno_robot_bringup:/home/seeno04/inno_jazzy_ws/install/sllidar_ros2:/home/seeno04/inno_jazzy_ws/install/rf2o_laser_odometry:/home/seeno04/inno_ws/install/sllidar_ros2:/opt/ros/jazzy DEBUGINFOD_URLS=https://debuginfod.ubuntu.com PYTHONPATH=/home/seeno04/inno_jazzy_ws/build/inno_robot_bringup/prefix_override:/usr/lib/python3/dist-packages/colcon_core/task/python/colcon_distutils_commands:/home/seeno04/inno_jazzy_ws/install/inno_robot_bringup/lib/python3.12/site-packages:/home/seeno04/inno_jazzy_ws/build/inno_camera_tools:/home/seeno04/inno_jazzy_ws/install/inno_camera_tools/lib/python3.12/site-packages:/home/seeno04/inno_jazzy_ws/build/inno_robot_bringup:/home/seeno04/inno_jazzy_ws/install/inno_robot_bringup/lib/python3.12/site-packages:/opt/ros/jazzy/lib/python3.12/site-packages /usr/bin/python3 -W ignore:setup.py install is deprecated -W ignore:easy_install command is deprecated setup.py develop --editable --build-directory /home/seeno04/inno_jazzy_ws/build/inno_robot_bringup/build --no-deps symlink_data
[4.336s] INFO:colcon.colcon_core.shell:Creating environment hook '/home/seeno04/inno_jazzy_ws/build/inno_robot_bringup/share/inno_robot_bringup/hook/pythonpath_develop.sh'
[4.342s] Level 1:colcon.colcon_core.environment:checking '/home/seeno04/inno_jazzy_ws/install/inno_robot_bringup' for CMake module files
[4.343s] Level 1:colcon.colcon_core.environment:checking '/home/seeno04/inno_jazzy_ws/install/inno_robot_bringup' for CMake config files
[4.344s] Level 1:colcon.colcon_core.environment:checking '/home/seeno04/inno_jazzy_ws/install/inno_robot_bringup/lib'
[4.345s] Level 1:colcon.colcon_core.environment:checking '/home/seeno04/inno_jazzy_ws/install/inno_robot_bringup/bin'
[4.345s] Level 1:colcon.colcon_core.environment:checking '/home/seeno04/inno_jazzy_ws/install/inno_robot_bringup/lib/pkgconfig/inno_robot_bringup.pc'
[4.347s] Level 1:colcon.colcon_core.environment:checking '/home/seeno04/inno_jazzy_ws/install/inno_robot_bringup/lib/python3.12/site-packages'
[4.347s] Level 1:colcon.colcon_core.shell:create_environment_hook('inno_robot_bringup', 'pythonpath')
[4.347s] INFO:colcon.colcon_core.shell:Creating environment hook '/home/seeno04/inno_jazzy_ws/install/inno_robot_bringup/share/inno_robot_bringup/hook/pythonpath.ps1'
[4.349s] INFO:colcon.colcon_core.shell:Creating environment descriptor '/home/seeno04/inno_jazzy_ws/install/inno_robot_bringup/share/inno_robot_bringup/hook/pythonpath.dsv'
[4.351s] INFO:colcon.colcon_core.shell:Creating environment hook '/home/seeno04/inno_jazzy_ws/install/inno_robot_bringup/share/inno_robot_bringup/hook/pythonpath.sh'
[4.355s] Level 1:colcon.colcon_core.environment:checking '/home/seeno04/inno_jazzy_ws/install/inno_robot_bringup/bin'
[4.355s] Level 1:colcon.colcon_core.environment:create_environment_scripts_only(inno_robot_bringup)
[4.356s] INFO:colcon.colcon_core.shell:Creating package script '/home/seeno04/inno_jazzy_ws/install/inno_robot_bringup/share/inno_robot_bringup/package.ps1'
[4.358s] INFO:colcon.colcon_core.shell:Creating package descriptor '/home/seeno04/inno_jazzy_ws/install/inno_robot_bringup/share/inno_robot_bringup/package.dsv'
[4.359s] INFO:colcon.colcon_core.shell:Creating package script '/home/seeno04/inno_jazzy_ws/install/inno_robot_bringup/share/inno_robot_bringup/package.sh'
[4.361s] INFO:colcon.colcon_core.shell:Creating package script '/home/seeno04/inno_jazzy_ws/install/inno_robot_bringup/share/inno_robot_bringup/package.bash'
[4.368s] INFO:colcon.colcon_core.shell:Creating package script '/home/seeno04/inno_jazzy_ws/install/inno_robot_bringup/share/inno_robot_bringup/package.zsh'
[4.370s] Level 1:colcon.colcon_core.environment:create_file_with_runtime_dependencies(/home/seeno04/inno_jazzy_ws/install/inno_robot_bringup/share/colcon-core/packages/inno_robot_bringup)
[4.371s] DEBUG:colcon.colcon_parallel_executor.executor.parallel:closing loop
[4.371s] DEBUG:colcon.colcon_parallel_executor.executor.parallel:loop closed
[4.371s] DEBUG:colcon.colcon_parallel_executor.executor.parallel:run_until_complete finished with '0'
[4.371s] DEBUG:colcon.colcon_core.event_reactor:joining thread
[4.381s] INFO:colcon.colcon_core.plugin_system:Skipping extension 'colcon_notification.desktop_notification.terminal_notifier': Not used on non-Darwin systems
[4.381s] INFO:colcon.colcon_core.plugin_system:Skipping extension 'colcon_notification.desktop_notification.win32': Not used on non-Windows systems
[4.381s] INFO:colcon.colcon_notification.desktop_notification:Sending desktop notification using 'notify2'
[4.434s] DEBUG:colcon.colcon_core.event_reactor:joined thread
[4.435s] INFO:colcon.colcon_core.shell:Creating prefix script '/home/seeno04/inno_jazzy_ws/install/local_setup.ps1'
[4.437s] INFO:colcon.colcon_core.shell:Creating prefix util module '/home/seeno04/inno_jazzy_ws/install/_local_setup_util_ps1.py'
[4.438s] INFO:colcon.colcon_core.shell:Creating prefix chain script '/home/seeno04/inno_jazzy_ws/install/setup.ps1'
[4.441s] INFO:colcon.colcon_core.shell:Creating prefix script '/home/seeno04/inno_jazzy_ws/install/local_setup.sh'
[4.442s] INFO:colcon.colcon_core.shell:Creating prefix util module '/home/seeno04/inno_jazzy_ws/install/_local_setup_util_sh.py'
[4.447s] INFO:colcon.colcon_core.shell:Creating prefix chain script '/home/seeno04/inno_jazzy_ws/install/setup.sh'
[4.449s] INFO:colcon.colcon_core.shell:Creating prefix script '/home/seeno04/inno_jazzy_ws/install/local_setup.bash'
[4.453s] INFO:colcon.colcon_core.shell:Creating prefix chain script '/home/seeno04/inno_jazzy_ws/install/setup.bash'
[4.455s] INFO:colcon.colcon_core.shell:Creating prefix script '/home/seeno04/inno_jazzy_ws/install/local_setup.zsh'
[4.459s] INFO:colcon.colcon_core.shell:Creating prefix chain script '/home/seeno04/inno_jazzy_ws/install/setup.zsh'
