[0.215s] DEBUG:colcon:Command line arguments: ['/usr/bin/colcon', 'build', '--symlink-install', '--packages-select', 'inno_camera_tools', 'inno_robot_bringup']
[0.215s] DEBUG:colcon:Parsed command line arguments: Namespace(log_base=None, log_level=None, verb_name='build', build_base='build', install_base='install', merge_install=False, symlink_install=True, test_result_base=None, continue_on_error=False, executor='parallel', parallel_workers=4, event_handlers=None, ignore_user_meta=False, metas=['./colcon.meta'], base_paths=['.'], packages_ignore=None, packages_ignore_regex=None, paths=None, packages_up_to=None, packages_up_to_regex=None, packages_above=None, packages_above_and_dependencies=None, packages_above_depth=None, packages_select_by_dep=None, packages_skip_by_dep=None, packages_skip_up_to=None, packages_select_build_failed=False, packages_skip_build_finished=False, packages_select_test_failures=False, packages_skip_test_passed=False, packages_select=['inno_camera_tools', 'inno_robot_bringup'], packages_skip=None, packages_select_regex=None, packages_skip_regex=None, packages_start=None, packages_end=None, allow_overriding=[], cmake_args=None, cmake_target=None, cmake_target_skip_unavailable=False, cmake_clean_cache=False, cmake_clean_first=False, cmake_force_configure=False, ament_cmake_args=None, catkin_cmake_args=None, catkin_skip_building_tests=False, mixin_files=None, mixin=None, verb_parser=<colcon_mixin.mixin.mixin_argument.MixinArgumentDecorator object at 0xffffa5eba810>, verb_extension=<colcon_core.verb.build.BuildVerb object at 0xffffa606b4d0>, main=<bound method BuildVerb.main of <colcon_core.verb.build.BuildVerb object at 0xffffa606b4d0>>, mixin_verb=('build',))
[0.295s] Level 1:colcon.colcon_core.package_discovery:discover_packages(colcon_meta) check parameters
[0.295s] Level 1:colcon.colcon_core.package_discovery:discover_packages(recursive) check parameters
[0.295s] Level 1:colcon.colcon_core.package_discovery:discover_packages(ignore) check parameters
[0.295s] Level 1:colcon.colcon_core.package_discovery:discover_packages(path) check parameters
[0.295s] Level 1:colcon.colcon_core.package_discovery:discover_packages(colcon_meta) discover
[0.296s] Level 1:colcon.colcon_core.package_discovery:discover_packages(recursive) discover
[0.296s] INFO:colcon.colcon_core.package_discovery:Crawling recursively for packages in '/home/seeno04/inno_jazzy_ws'
[0.296s] Level 1:colcon.colcon_core.package_identification:_identify(.) by extensions ['ignore', 'ignore_ament_install']
[0.296s] Level 1:colcon.colcon_core.package_identification:_identify(.) by extension 'ignore'
[0.296s] Level 1:colcon.colcon_core.package_identification:_identify(.) by extension 'ignore_ament_install'
[0.296s] Level 1:colcon.colcon_core.package_identification:_identify(.) by extensions ['colcon_pkg']
[0.296s] Level 1:colcon.colcon_core.package_identification:_identify(.) by extension 'colcon_pkg'
[0.296s] Level 1:colcon.colcon_core.package_identification:_identify(.) by extensions ['colcon_meta']
[0.296s] Level 1:colcon.colcon_core.package_identification:_identify(.) by extension 'colcon_meta'
[0.296s] Level 1:colcon.colcon_core.package_identification:_identify(.) by extensions ['ros']
[0.296s] Level 1:colcon.colcon_core.package_identification:_identify(.) by extension 'ros'
[0.357s] Level 1:colcon.colcon_core.package_identification:_identify(.) by extensions ['cmake', 'python']
[0.358s] Level 1:colcon.colcon_core.package_identification:_identify(.) by extension 'cmake'
[0.358s] Level 1:colcon.colcon_core.package_identification:_identify(.) by extension 'python'
[0.358s] Level 1:colcon.colcon_core.package_identification:_identify(.) by extensions ['python_setup_py']
[0.358s] Level 1:colcon.colcon_core.package_identification:_identify(.) by extension 'python_setup_py'
[0.358s] Level 1:colcon.colcon_core.package_identification:_identify(build) by extensions ['ignore', 'ignore_ament_install']
[0.358s] Level 1:colcon.colcon_core.package_identification:_identify(build) by extension 'ignore'
[0.358s] Level 1:colcon.colcon_core.package_identification:_identify(build) ignored
[0.358s] Level 1:colcon.colcon_core.package_identification:_identify(calibration_results) by extensions ['ignore', 'ignore_ament_install']
[0.358s] Level 1:colcon.colcon_core.package_identification:_identify(calibration_results) by extension 'ignore'
[0.359s] Level 1:colcon.colcon_core.package_identification:_identify(calibration_results) by extension 'ignore_ament_install'
[0.359s] Level 1:colcon.colcon_core.package_identification:_identify(calibration_results) by extensions ['colcon_pkg']
[0.359s] Level 1:colcon.colcon_core.package_identification:_identify(calibration_results) by extension 'colcon_pkg'
[0.359s] Level 1:colcon.colcon_core.package_identification:_identify(calibration_results) by extensions ['colcon_meta']
[0.359s] Level 1:colcon.colcon_core.package_identification:_identify(calibration_results) by extension 'colcon_meta'
[0.359s] Level 1:colcon.colcon_core.package_identification:_identify(calibration_results) by extensions ['ros']
[0.359s] Level 1:colcon.colcon_core.package_identification:_identify(calibration_results) by extension 'ros'
[0.359s] Level 1:colcon.colcon_core.package_identification:_identify(calibration_results) by extensions ['cmake', 'python']
[0.359s] Level 1:colcon.colcon_core.package_identification:_identify(calibration_results) by extension 'cmake'
[0.359s] Level 1:colcon.colcon_core.package_identification:_identify(calibration_results) by extension 'python'
[0.359s] Level 1:colcon.colcon_core.package_identification:_identify(calibration_results) by extensions ['python_setup_py']
[0.359s] Level 1:colcon.colcon_core.package_identification:_identify(calibration_results) by extension 'python_setup_py'
[0.359s] Level 1:colcon.colcon_core.package_identification:_identify(docs) by extensions ['ignore', 'ignore_ament_install']
[0.360s] Level 1:colcon.colcon_core.package_identification:_identify(docs) by extension 'ignore'
[0.360s] Level 1:colcon.colcon_core.package_identification:_identify(docs) by extension 'ignore_ament_install'
[0.360s] Level 1:colcon.colcon_core.package_identification:_identify(docs) by extensions ['colcon_pkg']
[0.360s] Level 1:colcon.colcon_core.package_identification:_identify(docs) by extension 'colcon_pkg'
[0.360s] Level 1:colcon.colcon_core.package_identification:_identify(docs) by extensions ['colcon_meta']
[0.360s] Level 1:colcon.colcon_core.package_identification:_identify(docs) by extension 'colcon_meta'
[0.360s] Level 1:colcon.colcon_core.package_identification:_identify(docs) by extensions ['ros']
[0.360s] Level 1:colcon.colcon_core.package_identification:_identify(docs) by extension 'ros'
[0.360s] Level 1:colcon.colcon_core.package_identification:_identify(docs) by extensions ['cmake', 'python']
[0.360s] Level 1:colcon.colcon_core.package_identification:_identify(docs) by extension 'cmake'
[0.360s] Level 1:colcon.colcon_core.package_identification:_identify(docs) by extension 'python'
[0.360s] Level 1:colcon.colcon_core.package_identification:_identify(docs) by extensions ['python_setup_py']
[0.360s] Level 1:colcon.colcon_core.package_identification:_identify(docs) by extension 'python_setup_py'
[0.360s] Level 1:colcon.colcon_core.package_identification:_identify(install) by extensions ['ignore', 'ignore_ament_install']
[0.360s] Level 1:colcon.colcon_core.package_identification:_identify(install) by extension 'ignore'
[0.361s] Level 1:colcon.colcon_core.package_identification:_identify(install) ignored
[0.361s] Level 1:colcon.colcon_core.package_identification:_identify(log) by extensions ['ignore', 'ignore_ament_install']
[0.361s] Level 1:colcon.colcon_core.package_identification:_identify(log) by extension 'ignore'
[0.361s] Level 1:colcon.colcon_core.package_identification:_identify(log) ignored
[0.361s] Level 1:colcon.colcon_core.package_identification:_identify(reference_humble) by extensions ['ignore', 'ignore_ament_install']
[0.361s] Level 1:colcon.colcon_core.package_identification:_identify(reference_humble) by extension 'ignore'
[0.361s] Level 1:colcon.colcon_core.package_identification:_identify(reference_humble) by extension 'ignore_ament_install'
[0.361s] Level 1:colcon.colcon_core.package_identification:_identify(reference_humble) by extensions ['colcon_pkg']
[0.361s] Level 1:colcon.colcon_core.package_identification:_identify(reference_humble) by extension 'colcon_pkg'
[0.361s] Level 1:colcon.colcon_core.package_identification:_identify(reference_humble) by extensions ['colcon_meta']
[0.361s] Level 1:colcon.colcon_core.package_identification:_identify(reference_humble) by extension 'colcon_meta'
[0.361s] Level 1:colcon.colcon_core.package_identification:_identify(reference_humble) by extensions ['ros']
[0.361s] Level 1:colcon.colcon_core.package_identification:_identify(reference_humble) by extension 'ros'
[0.362s] Level 1:colcon.colcon_core.package_identification:_identify(reference_humble) by extensions ['cmake', 'python']
[0.362s] Level 1:colcon.colcon_core.package_identification:_identify(reference_humble) by extension 'cmake'
[0.362s] Level 1:colcon.colcon_core.package_identification:_identify(reference_humble) by extension 'python'
[0.362s] Level 1:colcon.colcon_core.package_identification:_identify(reference_humble) by extensions ['python_setup_py']
[0.362s] Level 1:colcon.colcon_core.package_identification:_identify(reference_humble) by extension 'python_setup_py'
[0.362s] Level 1:colcon.colcon_core.package_identification:_identify(scripts) by extensions ['ignore', 'ignore_ament_install']
[0.362s] Level 1:colcon.colcon_core.package_identification:_identify(scripts) by extension 'ignore'
[0.362s] Level 1:colcon.colcon_core.package_identification:_identify(scripts) by extension 'ignore_ament_install'
[0.362s] Level 1:colcon.colcon_core.package_identification:_identify(scripts) by extensions ['colcon_pkg']
[0.362s] Level 1:colcon.colcon_core.package_identification:_identify(scripts) by extension 'colcon_pkg'
[0.362s] Level 1:colcon.colcon_core.package_identification:_identify(scripts) by extensions ['colcon_meta']
[0.362s] Level 1:colcon.colcon_core.package_identification:_identify(scripts) by extension 'colcon_meta'
[0.362s] Level 1:colcon.colcon_core.package_identification:_identify(scripts) by extensions ['ros']
[0.362s] Level 1:colcon.colcon_core.package_identification:_identify(scripts) by extension 'ros'
[0.362s] Level 1:colcon.colcon_core.package_identification:_identify(scripts) by extensions ['cmake', 'python']
[0.362s] Level 1:colcon.colcon_core.package_identification:_identify(scripts) by extension 'cmake'
[0.362s] Level 1:colcon.colcon_core.package_identification:_identify(scripts) by extension 'python'
[0.362s] Level 1:colcon.colcon_core.package_identification:_identify(scripts) by extensions ['python_setup_py']
[0.362s] Level 1:colcon.colcon_core.package_identification:_identify(scripts) by extension 'python_setup_py'
[0.363s] Level 1:colcon.colcon_core.package_identification:_identify(src) by extensions ['ignore', 'ignore_ament_install']
[0.363s] Level 1:colcon.colcon_core.package_identification:_identify(src) by extension 'ignore'
[0.363s] Level 1:colcon.colcon_core.package_identification:_identify(src) by extension 'ignore_ament_install'
[0.363s] Level 1:colcon.colcon_core.package_identification:_identify(src) by extensions ['colcon_pkg']
[0.363s] Level 1:colcon.colcon_core.package_identification:_identify(src) by extension 'colcon_pkg'
[0.363s] Level 1:colcon.colcon_core.package_identification:_identify(src) by extensions ['colcon_meta']
[0.363s] Level 1:colcon.colcon_core.package_identification:_identify(src) by extension 'colcon_meta'
[0.363s] Level 1:colcon.colcon_core.package_identification:_identify(src) by extensions ['ros']
[0.363s] Level 1:colcon.colcon_core.package_identification:_identify(src) by extension 'ros'
[0.363s] Level 1:colcon.colcon_core.package_identification:_identify(src) by extensions ['cmake', 'python']
[0.363s] Level 1:colcon.colcon_core.package_identification:_identify(src) by extension 'cmake'
[0.363s] Level 1:colcon.colcon_core.package_identification:_identify(src) by extension 'python'
[0.363s] Level 1:colcon.colcon_core.package_identification:_identify(src) by extensions ['python_setup_py']
[0.363s] Level 1:colcon.colcon_core.package_identification:_identify(src) by extension 'python_setup_py'
[0.363s] Level 1:colcon.colcon_core.package_identification:_identify(src/inno_camera_tools) by extensions ['ignore', 'ignore_ament_install']
[0.363s] Level 1:colcon.colcon_core.package_identification:_identify(src/inno_camera_tools) by extension 'ignore'
[0.364s] Level 1:colcon.colcon_core.package_identification:_identify(src/inno_camera_tools) by extension 'ignore_ament_install'
[0.364s] Level 1:colcon.colcon_core.package_identification:_identify(src/inno_camera_tools) by extensions ['colcon_pkg']
[0.364s] Level 1:colcon.colcon_core.package_identification:_identify(src/inno_camera_tools) by extension 'colcon_pkg'
[0.364s] Level 1:colcon.colcon_core.package_identification:_identify(src/inno_camera_tools) by extensions ['colcon_meta']
[0.364s] Level 1:colcon.colcon_core.package_identification:_identify(src/inno_camera_tools) by extension 'colcon_meta'
[0.364s] Level 1:colcon.colcon_core.package_identification:_identify(src/inno_camera_tools) by extensions ['ros']
[0.364s] Level 1:colcon.colcon_core.package_identification:_identify(src/inno_camera_tools) by extension 'ros'
[0.368s] DEBUG:colcon.colcon_core.package_identification:Found ROS schema reference in package manifest in 'src/inno_camera_tools'
[0.368s] WARNING:colcon.colcon_core.package_identification:Failed to parse ROS package manifest in 'src/inno_camera_tools': Error(s) in package 'src/inno_camera_tools/package.xml':
Invalid email "seeno04@localhost" for person "seeno04"
[0.368s] Level 1:colcon.colcon_core.package_identification:_identify(src/inno_camera_tools) by extensions ['cmake', 'python']
[0.368s] Level 1:colcon.colcon_core.package_identification:_identify(src/inno_camera_tools) by extension 'cmake'
[0.368s] Level 1:colcon.colcon_core.package_identification:_identify(src/inno_camera_tools) by extension 'python'
[0.368s] DEBUG:colcon.colcon_core.package_identification:Python package in 'src/inno_camera_tools' passes arguments to the setup() function which requires a different identification extension than 'python'
[0.368s] Level 1:colcon.colcon_core.package_identification:_identify(src/inno_camera_tools) by extensions ['python_setup_py']
[0.369s] Level 1:colcon.colcon_core.package_identification:_identify(src/inno_camera_tools) by extension 'python_setup_py'
[0.860s] DEBUG:colcon.colcon_core.package_identification:Package 'src/inno_camera_tools' with type 'python' and name 'inno_camera_tools'
[0.863s] Level 1:colcon.colcon_core.package_identification:_identify(src/inno_robot_bringup) by extensions ['ignore', 'ignore_ament_install']
[0.863s] Level 1:colcon.colcon_core.package_identification:_identify(src/inno_robot_bringup) by extension 'ignore'
[0.863s] Level 1:colcon.colcon_core.package_identification:_identify(src/inno_robot_bringup) by extension 'ignore_ament_install'
[0.863s] Level 1:colcon.colcon_core.package_identification:_identify(src/inno_robot_bringup) by extensions ['colcon_pkg']
[0.863s] Level 1:colcon.colcon_core.package_identification:_identify(src/inno_robot_bringup) by extension 'colcon_pkg'
[0.863s] Level 1:colcon.colcon_core.package_identification:_identify(src/inno_robot_bringup) by extensions ['colcon_meta']
[0.863s] Level 1:colcon.colcon_core.package_identification:_identify(src/inno_robot_bringup) by extension 'colcon_meta'
[0.863s] Level 1:colcon.colcon_core.package_identification:_identify(src/inno_robot_bringup) by extensions ['ros']
[0.863s] Level 1:colcon.colcon_core.package_identification:_identify(src/inno_robot_bringup) by extension 'ros'
[0.865s] DEBUG:colcon.colcon_core.package_identification:Found ROS schema reference in package manifest in 'src/inno_robot_bringup'
[0.865s] WARNING:colcon.colcon_core.package_identification:Failed to parse ROS package manifest in 'src/inno_robot_bringup': Error(s) in package 'src/inno_robot_bringup/package.xml':
Invalid email "seeno04@localhost" for person "seeno04"
[0.865s] Level 1:colcon.colcon_core.package_identification:_identify(src/inno_robot_bringup) by extensions ['cmake', 'python']
[0.865s] Level 1:colcon.colcon_core.package_identification:_identify(src/inno_robot_bringup) by extension 'cmake'
[0.865s] Level 1:colcon.colcon_core.package_identification:_identify(src/inno_robot_bringup) by extension 'python'
[0.865s] DEBUG:colcon.colcon_core.package_identification:Python package in 'src/inno_robot_bringup' passes arguments to the setup() function which requires a different identification extension than 'python'
[0.865s] Level 1:colcon.colcon_core.package_identification:_identify(src/inno_robot_bringup) by extensions ['python_setup_py']
[0.865s] Level 1:colcon.colcon_core.package_identification:_identify(src/inno_robot_bringup) by extension 'python_setup_py'
[1.318s] DEBUG:colcon.colcon_core.package_identification:Package 'src/inno_robot_bringup' with type 'python' and name 'inno_robot_bringup'
[1.319s] Level 1:colcon.colcon_core.package_identification:_identify(src/rf2o_laser_odometry) by extensions ['ignore', 'ignore_ament_install']
[1.319s] Level 1:colcon.colcon_core.package_identification:_identify(src/rf2o_laser_odometry) by extension 'ignore'
[1.319s] Level 1:colcon.colcon_core.package_identification:_identify(src/rf2o_laser_odometry) by extension 'ignore_ament_install'
[1.319s] Level 1:colcon.colcon_core.package_identification:_identify(src/rf2o_laser_odometry) by extensions ['colcon_pkg']
[1.319s] Level 1:colcon.colcon_core.package_identification:_identify(src/rf2o_laser_odometry) by extension 'colcon_pkg'
[1.319s] Level 1:colcon.colcon_core.package_identification:_identify(src/rf2o_laser_odometry) by extensions ['colcon_meta']
[1.319s] Level 1:colcon.colcon_core.package_identification:_identify(src/rf2o_laser_odometry) by extension 'colcon_meta'
[1.319s] Level 1:colcon.colcon_core.package_identification:_identify(src/rf2o_laser_odometry) by extensions ['ros']
[1.319s] Level 1:colcon.colcon_core.package_identification:_identify(src/rf2o_laser_odometry) by extension 'ros'
[1.321s] DEBUG:colcon.colcon_core.package_identification:Package 'src/rf2o_laser_odometry' with type 'ros.ament_cmake' and name 'rf2o_laser_odometry'
[1.321s] Level 1:colcon.colcon_core.package_identification:_identify(src/sllidar_ros2) by extensions ['ignore', 'ignore_ament_install']
[1.321s] Level 1:colcon.colcon_core.package_identification:_identify(src/sllidar_ros2) by extension 'ignore'
[1.321s] Level 1:colcon.colcon_core.package_identification:_identify(src/sllidar_ros2) by extension 'ignore_ament_install'
[1.322s] Level 1:colcon.colcon_core.package_identification:_identify(src/sllidar_ros2) by extensions ['colcon_pkg']
[1.322s] Level 1:colcon.colcon_core.package_identification:_identify(src/sllidar_ros2) by extension 'colcon_pkg'
[1.322s] Level 1:colcon.colcon_core.package_identification:_identify(src/sllidar_ros2) by extensions ['colcon_meta']
[1.322s] Level 1:colcon.colcon_core.package_identification:_identify(src/sllidar_ros2) by extension 'colcon_meta'
[1.322s] Level 1:colcon.colcon_core.package_identification:_identify(src/sllidar_ros2) by extensions ['ros']
[1.322s] Level 1:colcon.colcon_core.package_identification:_identify(src/sllidar_ros2) by extension 'ros'
[1.323s] DEBUG:colcon.colcon_core.package_identification:Package 'src/sllidar_ros2' with type 'ros.ament_cmake' and name 'sllidar_ros2'
[1.323s] Level 1:colcon.colcon_core.package_discovery:discover_packages(recursive) using defaults
[1.323s] Level 1:colcon.colcon_core.package_discovery:discover_packages(ignore) discover
[1.323s] Level 1:colcon.colcon_core.package_discovery:discover_packages(ignore) using defaults
[1.323s] Level 1:colcon.colcon_core.package_discovery:discover_packages(path) discover
[1.323s] Level 1:colcon.colcon_core.package_discovery:discover_packages(path) using defaults
[1.360s] INFO:colcon.colcon_core.package_selection:Skipping not selected package 'rf2o_laser_odometry' in 'src/rf2o_laser_odometry'
[1.360s] INFO:colcon.colcon_core.package_selection:Skipping not selected package 'sllidar_ros2' in 'src/sllidar_ros2'
[1.361s] Level 1:colcon.colcon_core.package_discovery:discover_packages(prefix_path) check parameters
[1.361s] Level 1:colcon.colcon_core.package_discovery:discover_packages(prefix_path) discover
[1.364s] DEBUG:colcon.colcon_installed_package_information.package_discovery:Found 1 installed packages in /home/seeno04/inno_ws/install
[1.366s] DEBUG:colcon.colcon_installed_package_information.package_discovery:Found 229 installed packages in /opt/ros/jazzy
[1.367s] Level 1:colcon.colcon_core.package_discovery:discover_packages(prefix_path) using defaults
[1.430s] Level 5:colcon.colcon_core.verb:set package 'inno_camera_tools' build argument 'cmake_args' from command line to 'None'
[1.430s] Level 5:colcon.colcon_core.verb:set package 'inno_camera_tools' build argument 'cmake_target' from command line to 'None'
[1.430s] Level 5:colcon.colcon_core.verb:set package 'inno_camera_tools' build argument 'cmake_target_skip_unavailable' from command line to 'False'
[1.430s] Level 5:colcon.colcon_core.verb:set package 'inno_camera_tools' build argument 'cmake_clean_cache' from command line to 'False'
[1.430s] Level 5:colcon.colcon_core.verb:set package 'inno_camera_tools' build argument 'cmake_clean_first' from command line to 'False'
[1.430s] Level 5:colcon.colcon_core.verb:set package 'inno_camera_tools' build argument 'cmake_force_configure' from command line to 'False'
[1.430s] Level 5:colcon.colcon_core.verb:set package 'inno_camera_tools' build argument 'ament_cmake_args' from command line to 'None'
[1.430s] Level 5:colcon.colcon_core.verb:set package 'inno_camera_tools' build argument 'catkin_cmake_args' from command line to 'None'
[1.430s] Level 5:colcon.colcon_core.verb:set package 'inno_camera_tools' build argument 'catkin_skip_building_tests' from command line to 'False'
[1.430s] DEBUG:colcon.colcon_core.verb:Building package 'inno_camera_tools' with the following arguments: {'ament_cmake_args': None, 'build_base': '/home/seeno04/inno_jazzy_ws/build/inno_camera_tools', 'catkin_cmake_args': None, 'catkin_skip_building_tests': False, 'cmake_args': None, 'cmake_clean_cache': False, 'cmake_clean_first': False, 'cmake_force_configure': False, 'cmake_target': None, 'cmake_target_skip_unavailable': False, 'install_base': '/home/seeno04/inno_jazzy_ws/install/inno_camera_tools', 'merge_install': False, 'path': '/home/seeno04/inno_jazzy_ws/src/inno_camera_tools', 'symlink_install': True, 'test_result_base': None}
[1.431s] Level 5:colcon.colcon_core.verb:set package 'inno_robot_bringup' build argument 'cmake_args' from command line to 'None'
[1.431s] Level 5:colcon.colcon_core.verb:set package 'inno_robot_bringup' build argument 'cmake_target' from command line to 'None'
[1.431s] Level 5:colcon.colcon_core.verb:set package 'inno_robot_bringup' build argument 'cmake_target_skip_unavailable' from command line to 'False'
[1.431s] Level 5:colcon.colcon_core.verb:set package 'inno_robot_bringup' build argument 'cmake_clean_cache' from command line to 'False'
[1.431s] Level 5:colcon.colcon_core.verb:set package 'inno_robot_bringup' build argument 'cmake_clean_first' from command line to 'False'
[1.431s] Level 5:colcon.colcon_core.verb:set package 'inno_robot_bringup' build argument 'cmake_force_configure' from command line to 'False'
[1.431s] Level 5:colcon.colcon_core.verb:set package 'inno_robot_bringup' build argument 'ament_cmake_args' from command line to 'None'
[1.431s] Level 5:colcon.colcon_core.verb:set package 'inno_robot_bringup' build argument 'catkin_cmake_args' from command line to 'None'
[1.431s] Level 5:colcon.colcon_core.verb:set package 'inno_robot_bringup' build argument 'catkin_skip_building_tests' from command line to 'False'
[1.431s] DEBUG:colcon.colcon_core.verb:Building package 'inno_robot_bringup' with the following arguments: {'ament_cmake_args': None, 'build_base': '/home/seeno04/inno_jazzy_ws/build/inno_robot_bringup', 'catkin_cmake_args': None, 'catkin_skip_building_tests': False, 'cmake_args': None, 'cmake_clean_cache': False, 'cmake_clean_first': False, 'cmake_force_configure': False, 'cmake_target': None, 'cmake_target_skip_unavailable': False, 'install_base': '/home/seeno04/inno_jazzy_ws/install/inno_robot_bringup', 'merge_install': False, 'path': '/home/seeno04/inno_jazzy_ws/src/inno_robot_bringup', 'symlink_install': True, 'test_result_base': None}
[1.431s] INFO:colcon.colcon_core.executor:Executing jobs using 'parallel' executor
[1.433s] DEBUG:colcon.colcon_parallel_executor.executor.parallel:run_until_complete
[1.433s] INFO:colcon.colcon_core.task.python.build:Building Python package in '/home/seeno04/inno_jazzy_ws/src/inno_camera_tools'
[1.438s] INFO:colcon.colcon_core.plugin_system:Skipping extension 'colcon_core.shell.bat': Not used on non-Windows systems
[1.439s] INFO:colcon.colcon_core.shell:Skip shell extension 'powershell' for command environment: Not usable outside of PowerShell
[1.439s] DEBUG:colcon.colcon_core.shell:Skip shell extension 'dsv' for command environment
[1.445s] INFO:colcon.colcon_core.task.python.build:Building Python package in '/home/seeno04/inno_jazzy_ws/src/inno_robot_bringup'
[1.445s] INFO:colcon.colcon_core.shell:Skip shell extension 'powershell' for command environment: Not usable outside of PowerShell
[1.445s] DEBUG:colcon.colcon_core.shell:Skip shell extension 'dsv' for command environment
[3.771s] DEBUG:colcon.colcon_core.task.python.build:Available setuptools commands: egg_info, extract_messages, install_egg_info, setopt, install_headers, build, install_data, dist_info, upload, easy_install, register, build_clib, develop, bdist_wheel, sdist, symlink_data, clean, update_catalog, check, upload_docs, compile_catalog, editable_wheel, install_scripts, bdist, rotate, build_py, build_ext, init_catalog, bdist_egg, install, install_lib, bdist_dumb, build_scripts, test, saveopts, bdist_rpm, alias
[3.789s] DEBUG:colcon.colcon_core.task.python.build:Available setuptools commands: egg_info, extract_messages, install_egg_info, setopt, install_headers, build, install_data, dist_info, upload, easy_install, register, build_clib, develop, bdist_wheel, sdist, symlink_data, clean, update_catalog, check, upload_docs, compile_catalog, editable_wheel, install_scripts, bdist, rotate, build_py, build_ext, init_catalog, bdist_egg, install, install_lib, bdist_dumb, build_scripts, test, saveopts, bdist_rpm, alias
[4.493s] DEBUG:colcon.colcon_core.task.python.build:Available setuptools 'develop' options: --script-dir, --no-user-cfg, --dry-run, --exclude-scripts, --install-layout, --install-dir, --optimize, --no-deps, --site-dirs, --multi-version, --local-snapshots-ok, --verbose, --uninstall, --always-copy, --prefix, --record, --help, --upgrade, --allow-hosts, --always-unzip, --user, --quiet, --build-directory, --force-installation-into-system-dir, --index-url, --no-find-links, --egg-path, --editable, --zip-ok, --find-links, --version
[4.498s] DEBUG:colcon.colcon_core.event_handler.log_command:Invoking command in '/home/seeno04/inno_jazzy_ws/build/inno_camera_tools': DEBUGINFOD_URLS=https://debuginfod.ubuntu.com PYTHONPATH=/home/seeno04/inno_jazzy_ws/build/inno_camera_tools/prefix_override:/usr/lib/python3/dist-packages/colcon_core/task/python/colcon_distutils_commands:/home/seeno04/inno_jazzy_ws/install/inno_camera_tools/lib/python3.12/site-packages:${PYTHONPATH} /usr/bin/python3 -W ignore:setup.py install is deprecated -W ignore:easy_install command is deprecated setup.py develop --editable --build-directory /home/seeno04/inno_jazzy_ws/build/inno_camera_tools/build --no-deps symlink_data
[4.517s] DEBUG:colcon.colcon_core.task.python.build:Available setuptools 'develop' options: --script-dir, --no-user-cfg, --dry-run, --exclude-scripts, --install-layout, --install-dir, --optimize, --no-deps, --site-dirs, --multi-version, --local-snapshots-ok, --verbose, --uninstall, --always-copy, --prefix, --record, --help, --upgrade, --allow-hosts, --always-unzip, --user, --quiet, --build-directory, --force-installation-into-system-dir, --index-url, --no-find-links, --egg-path, --editable, --zip-ok, --find-links, --version
[4.521s] DEBUG:colcon.colcon_core.event_handler.log_command:Invoking command in '/home/seeno04/inno_jazzy_ws/build/inno_robot_bringup': DEBUGINFOD_URLS=https://debuginfod.ubuntu.com PYTHONPATH=/home/seeno04/inno_jazzy_ws/build/inno_robot_bringup/prefix_override:/usr/lib/python3/dist-packages/colcon_core/task/python/colcon_distutils_commands:/home/seeno04/inno_jazzy_ws/install/inno_robot_bringup/lib/python3.12/site-packages:${PYTHONPATH} /usr/bin/python3 -W ignore:setup.py install is deprecated -W ignore:easy_install command is deprecated setup.py develop --editable --build-directory /home/seeno04/inno_jazzy_ws/build/inno_robot_bringup/build --no-deps symlink_data
[5.688s] Level 1:colcon.colcon_core.shell:create_environment_hook('inno_camera_tools', 'pythonpath_develop')
[5.688s] INFO:colcon.colcon_core.shell:Creating environment hook '/home/seeno04/inno_jazzy_ws/build/inno_camera_tools/share/inno_camera_tools/hook/pythonpath_develop.ps1'
[5.691s] INFO:colcon.colcon_core.shell:Creating environment descriptor '/home/seeno04/inno_jazzy_ws/build/inno_camera_tools/share/inno_camera_tools/hook/pythonpath_develop.dsv'
[5.694s] INFO:colcon.colcon_core.shell:Creating environment hook '/home/seeno04/inno_jazzy_ws/build/inno_camera_tools/share/inno_camera_tools/hook/pythonpath_develop.sh'
[5.695s] DEBUG:colcon.colcon_core.event_handler.log_command:Invoked command in '/home/seeno04/inno_jazzy_ws/build/inno_camera_tools' returned '0': DEBUGINFOD_URLS=https://debuginfod.ubuntu.com PYTHONPATH=/home/seeno04/inno_jazzy_ws/build/inno_camera_tools/prefix_override:/usr/lib/python3/dist-packages/colcon_core/task/python/colcon_distutils_commands:/home/seeno04/inno_jazzy_ws/install/inno_camera_tools/lib/python3.12/site-packages:${PYTHONPATH} /usr/bin/python3 -W ignore:setup.py install is deprecated -W ignore:easy_install command is deprecated setup.py develop --editable --build-directory /home/seeno04/inno_jazzy_ws/build/inno_camera_tools/build --no-deps symlink_data
[5.702s] Level 1:colcon.colcon_core.environment:checking '/home/seeno04/inno_jazzy_ws/install/inno_camera_tools' for CMake module files
[5.706s] Level 1:colcon.colcon_core.environment:checking '/home/seeno04/inno_jazzy_ws/install/inno_camera_tools' for CMake config files
[5.708s] Level 1:colcon.colcon_core.environment:checking '/home/seeno04/inno_jazzy_ws/install/inno_camera_tools/lib'
[5.709s] Level 1:colcon.colcon_core.environment:checking '/home/seeno04/inno_jazzy_ws/install/inno_camera_tools/bin'
[5.711s] Level 1:colcon.colcon_core.environment:checking '/home/seeno04/inno_jazzy_ws/install/inno_camera_tools/lib/pkgconfig/inno_camera_tools.pc'
[5.712s] Level 1:colcon.colcon_core.environment:checking '/home/seeno04/inno_jazzy_ws/install/inno_camera_tools/lib/python3.12/site-packages'
[5.712s] Level 1:colcon.colcon_core.shell:create_environment_hook('inno_camera_tools', 'pythonpath')
[5.713s] INFO:colcon.colcon_core.shell:Creating environment hook '/home/seeno04/inno_jazzy_ws/install/inno_camera_tools/share/inno_camera_tools/hook/pythonpath.ps1'
[5.714s] INFO:colcon.colcon_core.shell:Creating environment descriptor '/home/seeno04/inno_jazzy_ws/install/inno_camera_tools/share/inno_camera_tools/hook/pythonpath.dsv'
[5.714s] INFO:colcon.colcon_core.shell:Creating environment hook '/home/seeno04/inno_jazzy_ws/install/inno_camera_tools/share/inno_camera_tools/hook/pythonpath.sh'
[5.715s] Level 1:colcon.colcon_core.environment:checking '/home/seeno04/inno_jazzy_ws/install/inno_camera_tools/bin'
[5.715s] Level 1:colcon.colcon_core.environment:create_environment_scripts_only(inno_camera_tools)
[5.715s] INFO:colcon.colcon_core.shell:Creating package script '/home/seeno04/inno_jazzy_ws/install/inno_camera_tools/share/inno_camera_tools/package.ps1'
[5.717s] INFO:colcon.colcon_core.shell:Creating package descriptor '/home/seeno04/inno_jazzy_ws/install/inno_camera_tools/share/inno_camera_tools/package.dsv'
[5.718s] INFO:colcon.colcon_core.shell:Creating package script '/home/seeno04/inno_jazzy_ws/install/inno_camera_tools/share/inno_camera_tools/package.sh'
[5.719s] INFO:colcon.colcon_core.shell:Creating package script '/home/seeno04/inno_jazzy_ws/install/inno_camera_tools/share/inno_camera_tools/package.bash'
[5.720s] INFO:colcon.colcon_core.shell:Creating package script '/home/seeno04/inno_jazzy_ws/install/inno_camera_tools/share/inno_camera_tools/package.zsh'
[5.722s] Level 1:colcon.colcon_core.environment:create_file_with_runtime_dependencies(/home/seeno04/inno_jazzy_ws/install/inno_camera_tools/share/colcon-core/packages/inno_camera_tools)
[5.738s] Level 1:colcon.colcon_core.shell:create_environment_hook('inno_robot_bringup', 'pythonpath_develop')
[5.739s] INFO:colcon.colcon_core.shell:Creating environment hook '/home/seeno04/inno_jazzy_ws/build/inno_robot_bringup/share/inno_robot_bringup/hook/pythonpath_develop.ps1'
[5.740s] INFO:colcon.colcon_core.shell:Creating environment descriptor '/home/seeno04/inno_jazzy_ws/build/inno_robot_bringup/share/inno_robot_bringup/hook/pythonpath_develop.dsv'
[5.740s] INFO:colcon.colcon_core.shell:Creating environment hook '/home/seeno04/inno_jazzy_ws/build/inno_robot_bringup/share/inno_robot_bringup/hook/pythonpath_develop.sh'
[5.741s] Level 1:colcon.colcon_core.environment:checking '/home/seeno04/inno_jazzy_ws/install/inno_robot_bringup' for CMake module files
[5.742s] Level 1:colcon.colcon_core.environment:checking '/home/seeno04/inno_jazzy_ws/install/inno_robot_bringup' for CMake config files
[5.742s] Level 1:colcon.colcon_core.environment:checking '/home/seeno04/inno_jazzy_ws/install/inno_robot_bringup/lib'
[5.742s] Level 1:colcon.colcon_core.environment:checking '/home/seeno04/inno_jazzy_ws/install/inno_robot_bringup/bin'
[5.742s] Level 1:colcon.colcon_core.environment:checking '/home/seeno04/inno_jazzy_ws/install/inno_robot_bringup/lib/pkgconfig/inno_robot_bringup.pc'
[5.743s] Level 1:colcon.colcon_core.environment:checking '/home/seeno04/inno_jazzy_ws/install/inno_robot_bringup/lib/python3.12/site-packages'
[5.743s] Level 1:colcon.colcon_core.shell:create_environment_hook('inno_robot_bringup', 'pythonpath')
[5.743s] INFO:colcon.colcon_core.shell:Creating environment hook '/home/seeno04/inno_jazzy_ws/install/inno_robot_bringup/share/inno_robot_bringup/hook/pythonpath.ps1'
[5.744s] INFO:colcon.colcon_core.shell:Creating environment descriptor '/home/seeno04/inno_jazzy_ws/install/inno_robot_bringup/share/inno_robot_bringup/hook/pythonpath.dsv'
[5.744s] INFO:colcon.colcon_core.shell:Creating environment hook '/home/seeno04/inno_jazzy_ws/install/inno_robot_bringup/share/inno_robot_bringup/hook/pythonpath.sh'
[5.745s] DEBUG:colcon.colcon_core.event_handler.log_command:Invoked command in '/home/seeno04/inno_jazzy_ws/build/inno_robot_bringup' returned '0': DEBUGINFOD_URLS=https://debuginfod.ubuntu.com PYTHONPATH=/home/seeno04/inno_jazzy_ws/build/inno_robot_bringup/prefix_override:/usr/lib/python3/dist-packages/colcon_core/task/python/colcon_distutils_commands:/home/seeno04/inno_jazzy_ws/install/inno_robot_bringup/lib/python3.12/site-packages:${PYTHONPATH} /usr/bin/python3 -W ignore:setup.py install is deprecated -W ignore:easy_install command is deprecated setup.py develop --editable --build-directory /home/seeno04/inno_jazzy_ws/build/inno_robot_bringup/build --no-deps symlink_data
[5.745s] Level 1:colcon.colcon_core.environment:checking '/home/seeno04/inno_jazzy_ws/install/inno_robot_bringup/bin'
[5.746s] Level 1:colcon.colcon_core.environment:create_environment_scripts_only(inno_robot_bringup)
[5.746s] INFO:colcon.colcon_core.shell:Creating package script '/home/seeno04/inno_jazzy_ws/install/inno_robot_bringup/share/inno_robot_bringup/package.ps1'
[5.747s] INFO:colcon.colcon_core.shell:Creating package descriptor '/home/seeno04/inno_jazzy_ws/install/inno_robot_bringup/share/inno_robot_bringup/package.dsv'
[5.748s] INFO:colcon.colcon_core.shell:Creating package script '/home/seeno04/inno_jazzy_ws/install/inno_robot_bringup/share/inno_robot_bringup/package.sh'
[5.748s] INFO:colcon.colcon_core.shell:Creating package script '/home/seeno04/inno_jazzy_ws/install/inno_robot_bringup/share/inno_robot_bringup/package.bash'
[5.749s] INFO:colcon.colcon_core.shell:Creating package script '/home/seeno04/inno_jazzy_ws/install/inno_robot_bringup/share/inno_robot_bringup/package.zsh'
[5.749s] Level 1:colcon.colcon_core.environment:create_file_with_runtime_dependencies(/home/seeno04/inno_jazzy_ws/install/inno_robot_bringup/share/colcon-core/packages/inno_robot_bringup)
[5.750s] DEBUG:colcon.colcon_parallel_executor.executor.parallel:closing loop
[5.750s] DEBUG:colcon.colcon_parallel_executor.executor.parallel:loop closed
[5.750s] DEBUG:colcon.colcon_parallel_executor.executor.parallel:run_until_complete finished with '0'
[5.750s] DEBUG:colcon.colcon_core.event_reactor:joining thread
[5.763s] INFO:colcon.colcon_core.plugin_system:Skipping extension 'colcon_notification.desktop_notification.terminal_notifier': Not used on non-Darwin systems
[5.763s] INFO:colcon.colcon_core.plugin_system:Skipping extension 'colcon_notification.desktop_notification.win32': Not used on non-Windows systems
[5.763s] INFO:colcon.colcon_notification.desktop_notification:Sending desktop notification using 'notify2'
[5.803s] DEBUG:colcon.colcon_core.event_reactor:joined thread
[5.803s] INFO:colcon.colcon_core.shell:Creating prefix script '/home/seeno04/inno_jazzy_ws/install/local_setup.ps1'
[5.805s] INFO:colcon.colcon_core.shell:Creating prefix util module '/home/seeno04/inno_jazzy_ws/install/_local_setup_util_ps1.py'
[5.806s] INFO:colcon.colcon_core.shell:Creating prefix chain script '/home/seeno04/inno_jazzy_ws/install/setup.ps1'
[5.808s] INFO:colcon.colcon_core.shell:Creating prefix script '/home/seeno04/inno_jazzy_ws/install/local_setup.sh'
[5.809s] INFO:colcon.colcon_core.shell:Creating prefix util module '/home/seeno04/inno_jazzy_ws/install/_local_setup_util_sh.py'
[5.811s] INFO:colcon.colcon_core.shell:Creating prefix chain script '/home/seeno04/inno_jazzy_ws/install/setup.sh'
[5.816s] INFO:colcon.colcon_core.shell:Creating prefix script '/home/seeno04/inno_jazzy_ws/install/local_setup.bash'
[5.818s] INFO:colcon.colcon_core.shell:Creating prefix chain script '/home/seeno04/inno_jazzy_ws/install/setup.bash'
[5.820s] INFO:colcon.colcon_core.shell:Creating prefix script '/home/seeno04/inno_jazzy_ws/install/local_setup.zsh'
[5.821s] INFO:colcon.colcon_core.shell:Creating prefix chain script '/home/seeno04/inno_jazzy_ws/install/setup.zsh'
