[0.714s] Invoking command in '/home/seeno04/inno_jazzy_ws/build/rf2o_laser_odometry': CMAKE_PREFIX_PATH=${CMAKE_PREFIX_PATH}:/home/seeno04/inno_jazzy_ws/install/inno_robot_bringup:/home/seeno04/inno_jazzy_ws/install/inno_camera_tools:/opt/ros/jazzy DEBUGINFOD_URLS=https://debuginfod.ubuntu.com /usr/bin/cmake /home/seeno04/inno_jazzy_ws/src/rf2o_laser_odometry -DAMENT_CMAKE_SYMLINK_INSTALL=1 -DCMAKE_INSTALL_PREFIX=/home/seeno04/inno_jazzy_ws/install/rf2o_laser_odometry
[0.989s] -- Found ament_cmake: 2.5.6 (/opt/ros/jazzy/share/ament_cmake/cmake)
[1.770s] -- Override CMake install command with custom implementation using symlinks instead of copying resources
[1.935s] -- Found rclcpp: 28.1.21 (/opt/ros/jazzy/share/rclcpp/cmake)
[2.158s] -- Found rosidl_generator_c: 4.6.9 (/opt/ros/jazzy/share/rosidl_generator_c/cmake)
[2.215s] -- Found rosidl_generator_cpp: 4.6.9 (/opt/ros/jazzy/share/rosidl_generator_cpp/cmake)
[2.319s] -- Using all available rosidl_typesupport_c: rosidl_typesupport_fastrtps_c;rosidl_typesupport_introspection_c
[2.413s] -- Using all available rosidl_typesupport_cpp: rosidl_typesupport_fastrtps_cpp;rosidl_typesupport_introspection_cpp
[2.702s] -- Found rmw_implementation_cmake: 7.3.3 (/opt/ros/jazzy/share/rmw_implementation_cmake/cmake)
[2.723s] -- Found rmw_fastrtps_cpp: 8.4.4 (/opt/ros/jazzy/share/rmw_fastrtps_cpp/cmake)
[3.048s] -- Using RMW implementation 'rmw_fastrtps_cpp' as default
[3.364s] -- Found std_msgs: 5.3.8 (/opt/ros/jazzy/share/std_msgs/cmake)
[3.436s] -- Found geometry_msgs: 5.3.8 (/opt/ros/jazzy/share/geometry_msgs/cmake)
[3.481s] -- Found tf2_geometry_msgs: 0.36.21 (/opt/ros/jazzy/share/tf2_geometry_msgs/cmake)
[3.518s] -- Found eigen3_cmake_module: 0.3.1 (/opt/ros/jazzy/share/eigen3_cmake_module/cmake)
[3.524s] -- Ensuring Eigen3 include directory is part of orocos-kdl CMake target
[4.108s] -- Found sensor_msgs: 5.3.8 (/opt/ros/jazzy/share/sensor_msgs/cmake)
[4.230s] -- Found nav_msgs: 5.3.8 (/opt/ros/jazzy/share/nav_msgs/cmake)
[4.804s] -- Configuring done (3.9s)
[4.930s] -- Generating done (0.1s)
[4.954s] -- Build files have been written to: /home/seeno04/inno_jazzy_ws/build/rf2o_laser_odometry
[5.008s] Invoked command in '/home/seeno04/inno_jazzy_ws/build/rf2o_laser_odometry' returned '0': CMAKE_PREFIX_PATH=${CMAKE_PREFIX_PATH}:/home/seeno04/inno_jazzy_ws/install/inno_robot_bringup:/home/seeno04/inno_jazzy_ws/install/inno_camera_tools:/opt/ros/jazzy DEBUGINFOD_URLS=https://debuginfod.ubuntu.com /usr/bin/cmake /home/seeno04/inno_jazzy_ws/src/rf2o_laser_odometry -DAMENT_CMAKE_SYMLINK_INSTALL=1 -DCMAKE_INSTALL_PREFIX=/home/seeno04/inno_jazzy_ws/install/rf2o_laser_odometry
[5.008s] Invoking command in '/home/seeno04/inno_jazzy_ws/build/rf2o_laser_odometry': CMAKE_PREFIX_PATH=${CMAKE_PREFIX_PATH}:/home/seeno04/inno_jazzy_ws/install/inno_robot_bringup:/home/seeno04/inno_jazzy_ws/install/inno_camera_tools:/opt/ros/jazzy DEBUGINFOD_URLS=https://debuginfod.ubuntu.com /usr/bin/cmake --build /home/seeno04/inno_jazzy_ws/build/rf2o_laser_odometry -- -j4 -l4
[5.395s] [ 60%] Built target rf2o_laser_odometry_node
[5.525s] [100%] Built target rf2o_laser_odometry
[5.554s] Invoked command in '/home/seeno04/inno_jazzy_ws/build/rf2o_laser_odometry' returned '0': CMAKE_PREFIX_PATH=${CMAKE_PREFIX_PATH}:/home/seeno04/inno_jazzy_ws/install/inno_robot_bringup:/home/seeno04/inno_jazzy_ws/install/inno_camera_tools:/opt/ros/jazzy DEBUGINFOD_URLS=https://debuginfod.ubuntu.com /usr/bin/cmake --build /home/seeno04/inno_jazzy_ws/build/rf2o_laser_odometry -- -j4 -l4
[5.581s] Invoking command in '/home/seeno04/inno_jazzy_ws/build/rf2o_laser_odometry': CMAKE_PREFIX_PATH=${CMAKE_PREFIX_PATH}:/home/seeno04/inno_jazzy_ws/install/inno_robot_bringup:/home/seeno04/inno_jazzy_ws/install/inno_camera_tools:/opt/ros/jazzy DEBUGINFOD_URLS=https://debuginfod.ubuntu.com /usr/bin/cmake --install /home/seeno04/inno_jazzy_ws/build/rf2o_laser_odometry
[5.627s] -- Install configuration: ""
[5.628s] -- Execute custom install script
[5.630s] -- Up-to-date symlink: /home/seeno04/inno_jazzy_ws/install/rf2o_laser_odometry/lib/rf2o_laser_odometry/rf2o_laser_odometry_node
[5.632s] -- Up-to-date symlink: /home/seeno04/inno_jazzy_ws/install/rf2o_laser_odometry/share/rf2o_laser_odometry/launch/rf2o_laser_odometry.launch.py
[5.632s] -- Up-to-date symlink: /home/seeno04/inno_jazzy_ws/install/rf2o_laser_odometry/share/ament_index/resource_index/package_run_dependencies/rf2o_laser_odometry
[5.633s] -- Up-to-date symlink: /home/seeno04/inno_jazzy_ws/install/rf2o_laser_odometry/share/ament_index/resource_index/parent_prefix_path/rf2o_laser_odometry
[5.637s] -- Up-to-date symlink: /home/seeno04/inno_jazzy_ws/install/rf2o_laser_odometry/share/rf2o_laser_odometry/environment/ament_prefix_path.sh
[5.637s] -- Up-to-date symlink: /home/seeno04/inno_jazzy_ws/install/rf2o_laser_odometry/share/rf2o_laser_odometry/environment/ament_prefix_path.dsv
[5.637s] -- Up-to-date symlink: /home/seeno04/inno_jazzy_ws/install/rf2o_laser_odometry/share/rf2o_laser_odometry/environment/path.sh
[5.638s] -- Up-to-date symlink: /home/seeno04/inno_jazzy_ws/install/rf2o_laser_odometry/share/rf2o_laser_odometry/environment/path.dsv
[5.638s] -- Up-to-date symlink: /home/seeno04/inno_jazzy_ws/install/rf2o_laser_odometry/share/rf2o_laser_odometry/local_setup.bash
[5.639s] -- Up-to-date symlink: /home/seeno04/inno_jazzy_ws/install/rf2o_laser_odometry/share/rf2o_laser_odometry/local_setup.sh
[5.640s] -- Up-to-date symlink: /home/seeno04/inno_jazzy_ws/install/rf2o_laser_odometry/share/rf2o_laser_odometry/local_setup.zsh
[5.640s] -- Up-to-date symlink: /home/seeno04/inno_jazzy_ws/install/rf2o_laser_odometry/share/rf2o_laser_odometry/local_setup.dsv
[5.645s] -- Symlinking: /home/seeno04/inno_jazzy_ws/install/rf2o_laser_odometry/share/rf2o_laser_odometry/package.dsv
[5.668s] -- Up-to-date symlink: /home/seeno04/inno_jazzy_ws/install/rf2o_laser_odometry/share/ament_index/resource_index/packages/rf2o_laser_odometry
[5.669s] -- Up-to-date symlink: /home/seeno04/inno_jazzy_ws/install/rf2o_laser_odometry/share/rf2o_laser_odometry/cmake/rf2o_laser_odometryConfig.cmake
[5.670s] -- Up-to-date symlink: /home/seeno04/inno_jazzy_ws/install/rf2o_laser_odometry/share/rf2o_laser_odometry/cmake/rf2o_laser_odometryConfig-version.cmake
[5.671s] -- Up-to-date symlink: /home/seeno04/inno_jazzy_ws/install/rf2o_laser_odometry/share/rf2o_laser_odometry/package.xml
[5.675s] Invoked command in '/home/seeno04/inno_jazzy_ws/build/rf2o_laser_odometry' returned '0': CMAKE_PREFIX_PATH=${CMAKE_PREFIX_PATH}:/home/seeno04/inno_jazzy_ws/install/inno_robot_bringup:/home/seeno04/inno_jazzy_ws/install/inno_camera_tools:/opt/ros/jazzy DEBUGINFOD_URLS=https://debuginfod.ubuntu.com /usr/bin/cmake --install /home/seeno04/inno_jazzy_ws/build/rf2o_laser_odometry
