'libpisp'에 복제합니다...
remote: Enumerating objects: 109, done.[K
remote: Counting objects:   0% (1/109)[K
remote: Counting objects:   1% (2/109)[K
remote: Counting objects:   2% (3/109)[K
remote: Counting objects:   3% (4/109)[K
remote: Counting objects:   4% (5/109)[K
remote: Counting objects:   5% (6/109)[K
remote: Counting objects:   6% (7/109)[K
remote: Counting objects:   7% (8/109)[K
remote: Counting objects:   8% (9/109)[K
remote: Counting objects:   9% (10/109)[K
remote: Counting objects:  10% (11/109)[K
remote: Counting objects:  11% (12/109)[K
remote: Counting objects:  12% (14/109)[K
remote: Counting objects:  13% (15/109)[K
remote: Counting objects:  14% (16/109)[K
remote: Counting objects:  15% (17/109)[K
remote: Counting objects:  16% (18/109)[K
remote: Counting objects:  17% (19/109)[K
remote: Counting objects:  18% (20/109)[K
remote: Counting objects:  19% (21/109)[K
remote: Counting objects:  20% (22/109)[K
remote: Counting objects:  21% (23/109)[K
remote: Counting objects:  22% (24/109)[K
remote: Counting objects:  23% (26/109)[K
remote: Counting objects:  24% (27/109)[K
remote: Counting objects:  25% (28/109)[K
remote: Counting objects:  26% (29/109)[K
remote: Counting objects:  27% (30/109)[K
remote: Counting objects:  28% (31/109)[K
remote: Counting objects:  29% (32/109)[K
remote: Counting objects:  30% (33/109)[K
remote: Counting objects:  31% (34/109)[K
remote: Counting objects:  32% (35/109)[K
remote: Counting objects:  33% (36/109)[K
remote: Counting objects:  34% (38/109)[K
remote: Counting objects:  35% (39/109)[K
remote: Counting objects:  36% (40/109)[K
remote: Counting objects:  37% (41/109)[K
remote: Counting objects:  38% (42/109)[K
remote: Counting objects:  39% (43/109)[K
remote: Counting objects:  40% (44/109)[K
remote: Counting objects:  41% (45/109)[K
remote: Counting objects:  42% (46/109)[K
remote: Counting objects:  43% (47/109)[K
remote: Counting objects:  44% (48/109)[K
remote: Counting objects:  45% (50/109)[K
remote: Counting objects:  46% (51/109)[K
remote: Counting objects:  47% (52/109)[K
remote: Counting objects:  48% (53/109)[K
remote: Counting objects:  49% (54/109)[K
remote: Counting objects:  50% (55/109)[K
remote: Counting objects:  51% (56/109)[K
remote: Counting objects:  52% (57/109)[K
remote: Counting objects:  53% (58/109)[K
remote: Counting objects:  54% (59/109)[K
remote: Counting objects:  55% (60/109)[K
remote: Counting objects:  56% (62/109)[K
remote: Counting objects:  57% (63/109)[K
remote: Counting objects:  58% (64/109)[K
remote: Counting objects:  59% (65/109)[K
remote: Counting objects:  60% (66/109)[K
remote: Counting objects:  61% (67/109)[K
remote: Counting objects:  62% (68/109)[K
remote: Counting objects:  63% (69/109)[K
remote: Counting objects:  64% (70/109)[K
remote: Counting objects:  65% (71/109)[K
remote: Counting objects:  66% (72/109)[K
remote: Counting objects:  67% (74/109)[K
remote: Counting objects:  68% (75/109)[K
remote: Counting objects:  69% (76/109)[K
remote: Counting objects:  70% (77/109)[K
remote: Counting objects:  71% (78/109)[K
remote: Counting objects:  72% (79/109)[K
remote: Counting objects:  73% (80/109)[K
remote: Counting objects:  74% (81/109)[K
remote: Counting objects:  75% (82/109)[K
remote: Counting objects:  76% (83/109)[K
remote: Counting objects:  77% (84/109)[K
remote: Counting objects:  78% (86/109)[K
remote: Counting objects:  79% (87/109)[K
remote: Counting objects:  80% (88/109)[K
remote: Counting objects:  81% (89/109)[K
remote: Counting objects:  82% (90/109)[K
remote: Counting objects:  83% (91/109)[K
remote: Counting objects:  84% (92/109)[K
remote: Counting objects:  85% (93/109)[K
remote: Counting objects:  86% (94/109)[K
remote: Counting objects:  87% (95/109)[K
remote: Counting objects:  88% (96/109)[K
remote: Counting objects:  89% (98/109)[K
remote: Counting objects:  90% (99/109)[K
remote: Counting objects:  91% (100/109)[K
remote: Counting objects:  92% (101/109)[K
remote: Counting objects:  93% (102/109)[K
remote: Counting objects:  94% (103/109)[K
remote: Counting objects:  95% (104/109)[K
remote: Counting objects:  96% (105/109)[K
remote: Counting objects:  97% (106/109)[K
remote: Counting objects:  98% (107/109)[K
remote: Counting objects:  99% (108/109)[K
remote: Counting objects: 100% (109/109)[K
remote: Counting objects: 100% (109/109), done.[K
remote: Compressing objects:   0% (1/102)[K
remote: Compressing objects:   1% (2/102)[K
remote: Compressing objects:   2% (3/102)[K
remote: Compressing objects:   3% (4/102)[K
remote: Compressing objects:   4% (5/102)[K
remote: Compressing objects:   5% (6/102)[K
remote: Compressing objects:   6% (7/102)[K
remote: Compressing objects:   7% (8/102)[K
remote: Compressing objects:   8% (9/102)[K
remote: Compressing objects:   9% (10/102)[K
remote: Compressing objects:  10% (11/102)[K
remote: Compressing objects:  11% (12/102)[K
remote: Compressing objects:  12% (13/102)[K
remote: Compressing objects:  13% (14/102)[K
remote: Compressing objects:  14% (15/102)[K
remote: Compressing objects:  15% (16/102)[K
remote: Compressing objects:  16% (17/102)[K
remote: Compressing objects:  17% (18/102)[K
remote: Compressing objects:  18% (19/102)[K
remote: Compressing objects:  19% (20/102)[K
remote: Compressing objects:  20% (21/102)[K
remote: Compressing objects:  21% (22/102)[K
remote: Compressing objects:  22% (23/102)[K
remote: Compressing objects:  23% (24/102)[K
remote: Compressing objects:  24% (25/102)[K
remote: Compressing objects:  25% (26/102)[K
remote: Compressing objects:  26% (27/102)[K
remote: Compressing objects:  27% (28/102)[K
remote: Compressing objects:  28% (29/102)[K
remote: Compressing objects:  29% (30/102)[K
remote: Compressing objects:  30% (31/102)[K
remote: Compressing objects:  31% (32/102)[K
remote: Compressing objects:  32% (33/102)[K
remote: Compressing objects:  33% (34/102)[K
remote: Compressing objects:  34% (35/102)[K
remote: Compressing objects:  35% (36/102)[K
remote: Compressing objects:  36% (37/102)[K
remote: Compressing objects:  37% (38/102)[K
remote: Compressing objects:  38% (39/102)[K
remote: Compressing objects:  39% (40/102)[K
remote: Compressing objects:  40% (41/102)[K
remote: Compressing objects:  41% (42/102)[K
remote: Compressing objects:  42% (43/102)[K
remote: Compressing objects:  43% (44/102)[K
remote: Compressing objects:  44% (45/102)[K
remote: Compressing objects:  45% (46/102)[K
remote: Compressing objects:  46% (47/102)[K
remote: Compressing objects:  47% (48/102)[K
remote: Compressing objects:  48% (49/102)[K
remote: Compressing objects:  49% (50/102)[K
remote: Compressing objects:  50% (51/102)[K
remote: Compressing objects:  51% (53/102)[K
remote: Compressing objects:  52% (54/102)[K
remote: Compressing objects:  53% (55/102)[K
remote: Compressing objects:  54% (56/102)[K
remote: Compressing objects:  55% (57/102)[K
remote: Compressing objects:  56% (58/102)[K
remote: Compressing objects:  57% (59/102)[K
remote: Compressing objects:  58% (60/102)[K
remote: Compressing objects:  59% (61/102)[K
remote: Compressing objects:  60% (62/102)[K
remote: Compressing objects:  61% (63/102)[K
remote: Compressing objects:  62% (64/102)[K
remote: Compressing objects:  63% (65/102)[K
remote: Compressing objects:  64% (66/102)[K
remote: Compressing objects:  65% (67/102)[K
remote: Compressing objects:  66% (68/102)[K
remote: Compressing objects:  67% (69/102)[K
remote: Compressing objects:  68% (70/102)[K
remote: Compressing objects:  69% (71/102)[K
remote: Compressing objects:  70% (72/102)[K
remote: Compressing objects:  71% (73/102)[K
remote: Compressing objects:  72% (74/102)[K
remote: Compressing objects:  73% (75/102)[K
remote: Compressing objects:  74% (76/102)[K
remote: Compressing objects:  75% (77/102)[K
remote: Compressing objects:  76% (78/102)[K
remote: Compressing objects:  77% (79/102)[K
remote: Compressing objects:  78% (80/102)[K
remote: Compressing objects:  79% (81/102)[K
remote: Compressing objects:  80% (82/102)[K
remote: Compressing objects:  81% (83/102)[K
remote: Compressing objects:  82% (84/102)[K
remote: Compressing objects:  83% (85/102)[K
remote: Compressing objects:  84% (86/102)[K
remote: Compressing objects:  85% (87/102)[K
remote: Compressing objects:  86% (88/102)[K
remote: Compressing objects:  87% (89/102)[K
remote: Compressing objects:  88% (90/102)[K
remote: Compressing objects:  89% (91/102)[K
remote: Compressing objects:  90% (92/102)[K
remote: Compressing objects:  91% (93/102)[K
remote: Compressing objects:  92% (94/102)[K
remote: Compressing objects:  93% (95/102)[K
remote: Compressing objects:  94% (96/102)[K
remote: Compressing objects:  95% (97/102)[K
remote: Compressing objects:  96% (98/102)[K
remote: Compressing objects:  97% (99/102)[K
remote: Compressing objects:  98% (100/102)[K
remote: Compressing objects:  99% (101/102)[K
remote: Compressing objects: 100% (102/102)[K
remote: Compressing objects: 100% (102/102), done.[K
오브젝트를 받는 중:   0% (1/109)
오브젝트를 받는 중:   1% (2/109)
오브젝트를 받는 중:   2% (3/109)
오브젝트를 받는 중:   3% (4/109)
오브젝트를 받는 중:   4% (5/109)
오브젝트를 받는 중:   5% (6/109)
오브젝트를 받는 중:   6% (7/109)
오브젝트를 받는 중:   7% (8/109)
오브젝트를 받는 중:   8% (9/109)
오브젝트를 받는 중:   9% (10/109)
오브젝트를 받는 중:  10% (11/109)
오브젝트를 받는 중:  11% (12/109)
오브젝트를 받는 중:  12% (14/109)
오브젝트를 받는 중:  13% (15/109)
오브젝트를 받는 중:  14% (16/109)
오브젝트를 받는 중:  15% (17/109)
오브젝트를 받는 중:  16% (18/109)
오브젝트를 받는 중:  17% (19/109)
오브젝트를 받는 중:  18% (20/109)
오브젝트를 받는 중:  19% (21/109)
오브젝트를 받는 중:  20% (22/109)
오브젝트를 받는 중:  21% (23/109)
오브젝트를 받는 중:  22% (24/109)
오브젝트를 받는 중:  23% (26/109)
오브젝트를 받는 중:  24% (27/109)
오브젝트를 받는 중:  25% (28/109)
오브젝트를 받는 중:  26% (29/109)
오브젝트를 받는 중:  27% (30/109)
오브젝트를 받는 중:  28% (31/109)
오브젝트를 받는 중:  29% (32/109)
오브젝트를 받는 중:  30% (33/109)
오브젝트를 받는 중:  31% (34/109)
오브젝트를 받는 중:  32% (35/109)
오브젝트를 받는 중:  33% (36/109)
오브젝트를 받는 중:  34% (38/109)
오브젝트를 받는 중:  35% (39/109)
오브젝트를 받는 중:  36% (40/109)
오브젝트를 받는 중:  37% (41/109)
오브젝트를 받는 중:  38% (42/109)
오브젝트를 받는 중:  39% (43/109)
오브젝트를 받는 중:  40% (44/109)
오브젝트를 받는 중:  41% (45/109)
오브젝트를 받는 중:  42% (46/109)
오브젝트를 받는 중:  43% (47/109)
오브젝트를 받는 중:  44% (48/109)
오브젝트를 받는 중:  45% (50/109)
오브젝트를 받는 중:  46% (51/109)
오브젝트를 받는 중:  47% (52/109)
오브젝트를 받는 중:  48% (53/109)
오브젝트를 받는 중:  49% (54/109)
오브젝트를 받는 중:  50% (55/109)
오브젝트를 받는 중:  51% (56/109)
오브젝트를 받는 중:  52% (57/109)
오브젝트를 받는 중:  53% (58/109)
오브젝트를 받는 중:  54% (59/109)
오브젝트를 받는 중:  55% (60/109)
오브젝트를 받는 중:  56% (62/109)
오브젝트를 받는 중:  57% (63/109)
오브젝트를 받는 중:  58% (64/109)
오브젝트를 받는 중:  59% (65/109)
오브젝트를 받는 중:  60% (66/109)
오브젝트를 받는 중:  61% (67/109)
오브젝트를 받는 중:  62% (68/109)
오브젝트를 받는 중:  63% (69/109)
오브젝트를 받는 중:  64% (70/109)
오브젝트를 받는 중:  65% (71/109)
오브젝트를 받는 중:  66% (72/109)
오브젝트를 받는 중:  67% (74/109)
오브젝트를 받는 중:  68% (75/109)
오브젝트를 받는 중:  69% (76/109)
오브젝트를 받는 중:  70% (77/109)
오브젝트를 받는 중:  71% (78/109)
오브젝트를 받는 중:  72% (79/109)
오브젝트를 받는 중:  73% (80/109)
오브젝트를 받는 중:  74% (81/109)
오브젝트를 받는 중:  75% (82/109)
오브젝트를 받는 중:  76% (83/109)
오브젝트를 받는 중:  77% (84/109)
오브젝트를 받는 중:  78% (86/109)
오브젝트를 받는 중:  79% (87/109)
오브젝트를 받는 중:  80% (88/109)
오브젝트를 받는 중:  81% (89/109)
오브젝트를 받는 중:  82% (90/109)
오브젝트를 받는 중:  83% (91/109)
오브젝트를 받는 중:  84% (92/109)
오브젝트를 받는 중:  85% (93/109)
오브젝트를 받는 중:  86% (94/109)
오브젝트를 받는 중:  87% (95/109)
오브젝트를 받는 중:  88% (96/109)
오브젝트를 받는 중:  89% (98/109)
오브젝트를 받는 중:  90% (99/109)
remote: Total 109 (delta 5), reused 75 (delta 4), pack-reused 0 (from 0)[K
오브젝트를 받는 중:  91% (100/109)
오브젝트를 받는 중:  92% (101/109)
오브젝트를 받는 중:  93% (102/109)
오브젝트를 받는 중:  94% (103/109)
오브젝트를 받는 중:  95% (104/109)
오브젝트를 받는 중:  96% (105/109)
오브젝트를 받는 중:  97% (106/109)
오브젝트를 받는 중:  98% (107/109)
오브젝트를 받는 중:  99% (108/109)
오브젝트를 받는 중: 100% (109/109)
오브젝트를 받는 중: 100% (109/109), 128.73 KiB | 1.43 MiB/s, 완료.
델타를 알아내는 중:   0% (0/5)
델타를 알아내는 중:  20% (1/5)
델타를 알아내는 중:  40% (2/5)
델타를 알아내는 중:  60% (3/5)
델타를 알아내는 중:  80% (4/5)
델타를 알아내는 중: 100% (5/5)
델타를 알아내는 중: 100% (5/5), 완료.
