[1mThe Meson build system[0m
Version: 1.3.2
Source dir: [1m/home/seeno04/camera_ws/src/libcamera[0m
Build dir: [1m/home/seeno04/camera_ws/build/libcamera[0m
Build type: [1mnative build[0m
../../src/libcamera/meson_options.txt:76: [1;33mWARNING:[0m Keyword argument "value" defined multiple times.
[1;33mWARNING:[0m This will be an error in future Meson releases.
Project name: [1mlibcamera[0m
Project version: [1m0.7.1[0m
C compiler for the host machine: [1mcc[0m (gcc 13.3.0 "cc (Ubuntu 13.3.0-6ubuntu2~24.04.1) 13.3.0")
C linker for the host machine: [1mcc[0m ld.bfd 2.42
C++ compiler for the host machine: [1mc++[0m (gcc 13.3.0 "c++ (Ubuntu 13.3.0-6ubuntu2~24.04.1) 13.3.0")
C++ linker for the host machine: [1mc++[0m ld.bfd 2.42
Host machine cpu family: [1maarch64[0m
Host machine cpu: [1maarch64[0m
Header "[1munistd.h[0m" has symbol "[1mclose_range[0m" : [1;32mYES[0m 
Header "[1mfcntl.h[0m" has symbol "[1mF_ADD_SEALS[0m" : [1;32mYES[0m 
Header "[1munistd.h[0m" has symbol "[1missetugid[0m" : [1;31mNO[0m 
Header "[1mlocale.h[0m" has symbol "[1mlocale_t[0m" : [1;32mYES[0m 
Header "[1msys/mman.h[0m" has symbol "[1mmemfd_create[0m" : [1;32mYES[0m 
Header "[1mstdlib.h[0m" has symbol "[1msecure_getenv[0m" : [1;32mYES[0m 
Header "[1mversion[0m" has symbol "[1m_LIBCPP_VERSION[0m" : [1;31mNO[0m 
Header "[1mversion[0m" has symbol "[1m__GLIBCXX__[0m" : [1;32mYES[0m 
[1mMessage:[0m Detected C++ standard library: libstdc++
Compiler for C supports arguments -Wno-c99-designator: [1;31mNO[0m 
Found pkg-config: [1;32mYES[0m [1m(/usr/bin/pkg-config)[0m [1;34m1.8.1[0m
Run-time dependency [1mlttng-ust[0m found: [1;32mYES[0m [36m2.13.7[0m
Program [1m./parser.py[0m found: [1;32mYES[0m (/home/seeno04/camera_ws/src/libcamera/utils/codegen/ipc/./parser.py)
Program [1m./generate.py[0m found: [1;32mYES[0m (/home/seeno04/camera_ws/src/libcamera/utils/codegen/ipc/./generate.py)
Program [1m./extract-docs.py[0m found: [1;32mYES[0m (/home/seeno04/camera_ws/src/libcamera/utils/codegen/ipc/./extract-docs.py)
Configuring [1mversion.h[0m using configuration
Program [1mopenssl[0m found: [1;32mYES[0m (/usr/bin/openssl)
Found CMake: [1m/usr/bin/cmake[0m (3.28.3)
Run-time dependency [1mlibyuv[0m found: [1;31mNO[0m (tried pkgconfig and cmake)
Has header "[1mlibyuv.h[0m" : [1;32mYES[0m 
Library [1myuv[0m found: [1;32mYES[0m
Library [1matomic[0m found: [1;32mYES[0m
Run-time dependency [1mthreads[0m found: [1;32mYES[0m
Run-time dependency [1mlibdw[0m found: [1;32mYES[0m [36m0.190[0m
Run-time dependency [1mlibunwind[0m found: [1;32mYES[0m [36m1.6.2[0m
Header "[1mexecinfo.h[0m" has symbol "[1mbacktrace[0m" : [1;32mYES[0m 
Library [1mrt[0m found: [1;32mYES[0m
Run-time dependency [1mlibpisp[0m found: [1;31mNO[0m (tried pkgconfig and cmake)
Looking for a fallback subproject for the dependency [1mlibpisp[0m
'libpisp'에 복제합니다...
remote: Enumerating objects: 109, done.[K
remote: Counting objects:   0% (1/109)[K
remote: Counting objects:   1% (2/109)[K
remote: Counting objects:   2% (3/109)[K
remote: Counting objects:   3% (4/109)[K
remote: Counting objects:   4% (5/109)[K
remote: Counting objects:   5% (6/109)[K
remote: Counting objects:   6% (7/109)[K
remote: Counting objects:   7% (8/109)[K
remote: Counting objects:   8% (9/109)[K
remote: Counting objects:   9% (10/109)[K
remote: Counting objects:  10% (11/109)[K
remote: Counting objects:  11% (12/109)[K
remote: Counting objects:  12% (14/109)[K
remote: Counting objects:  13% (15/109)[K
remote: Counting objects:  14% (16/109)[K
remote: Counting objects:  15% (17/109)[K
remote: Counting objects:  16% (18/109)[K
remote: Counting objects:  17% (19/109)[K
remote: Counting objects:  18% (20/109)[K
remote: Counting objects:  19% (21/109)[K
remote: Counting objects:  20% (22/109)[K
remote: Counting objects:  21% (23/109)[K
remote: Counting objects:  22% (24/109)[K
remote: Counting objects:  23% (26/109)[K
remote: Counting objects:  24% (27/109)[K
remote: Counting objects:  25% (28/109)[K
remote: Counting objects:  26% (29/109)[K
remote: Counting objects:  27% (30/109)[K
remote: Counting objects:  28% (31/109)[K
remote: Counting objects:  29% (32/109)[K
remote: Counting objects:  30% (33/109)[K
remote: Counting objects:  31% (34/109)[K
remote: Counting objects:  32% (35/109)[K
remote: Counting objects:  33% (36/109)[K
remote: Counting objects:  34% (38/109)[K
remote: Counting objects:  35% (39/109)[K
remote: Counting objects:  36% (40/109)[K
remote: Counting objects:  37% (41/109)[K
remote: Counting objects:  38% (42/109)[K
remote: Counting objects:  39% (43/109)[K
remote: Counting objects:  40% (44/109)[K
remote: Counting objects:  41% (45/109)[K
remote: Counting objects:  42% (46/109)[K
remote: Counting objects:  43% (47/109)[K
remote: Counting objects:  44% (48/109)[K
remote: Counting objects:  45% (50/109)[K
remote: Counting objects:  46% (51/109)[K
remote: Counting objects:  47% (52/109)[K
remote: Counting objects:  48% (53/109)[K
remote: Counting objects:  49% (54/109)[K
remote: Counting objects:  50% (55/109)[K
remote: Counting objects:  51% (56/109)[K
remote: Counting objects:  52% (57/109)[K
remote: Counting objects:  53% (58/109)[K
remote: Counting objects:  54% (59/109)[K
remote: Counting objects:  55% (60/109)[K
remote: Counting objects:  56% (62/109)[K
remote: Counting objects:  57% (63/109)[K
remote: Counting objects:  58% (64/109)[K
remote: Counting objects:  59% (65/109)[K
remote: Counting objects:  60% (66/109)[K
remote: Counting objects:  61% (67/109)[K
remote: Counting objects:  62% (68/109)[K
remote: Counting objects:  63% (69/109)[K
remote: Counting objects:  64% (70/109)[K
remote: Counting objects:  65% (71/109)[K
remote: Counting objects:  66% (72/109)[K
remote: Counting objects:  67% (74/109)[K
remote: Counting objects:  68% (75/109)[K
remote: Counting objects:  69% (76/109)[K
remote: Counting objects:  70% (77/109)[K
remote: Counting objects:  71% (78/109)[K
remote: Counting objects:  72% (79/109)[K
remote: Counting objects:  73% (80/109)[K
remote: Counting objects:  74% (81/109)[K
remote: Counting objects:  75% (82/109)[K
remote: Counting objects:  76% (83/109)[K
remote: Counting objects:  77% (84/109)[K
remote: Counting objects:  78% (86/109)[K
remote: Counting objects:  79% (87/109)[K
remote: Counting objects:  80% (88/109)[K
remote: Counting objects:  81% (89/109)[K
remote: Counting objects:  82% (90/109)[K
remote: Counting objects:  83% (91/109)[K
remote: Counting objects:  84% (92/109)[K
remote: Counting objects:  85% (93/109)[K
remote: Counting objects:  86% (94/109)[K
remote: Counting objects:  87% (95/109)[K
remote: Counting objects:  88% (96/109)[K
remote: Counting objects:  89% (98/109)[K
remote: Counting objects:  90% (99/109)[K
remote: Counting objects:  91% (100/109)[K
remote: Counting objects:  92% (101/109)[K
remote: Counting objects:  93% (102/109)[K
remote: Counting objects:  94% (103/109)[K
remote: Counting objects:  95% (104/109)[K
remote: Counting objects:  96% (105/109)[K
remote: Counting objects:  97% (106/109)[K
remote: Counting objects:  98% (107/109)[K
remote: Counting objects:  99% (108/109)[K
remote: Counting objects: 100% (109/109)[K
remote: Counting objects: 100% (109/109), done.[K
remote: Compressing objects:   0% (1/102)[K
remote: Compressing objects:   1% (2/102)[K
remote: Compressing objects:   2% (3/102)[K
remote: Compressing objects:   3% (4/102)[K
remote: Compressing objects:   4% (5/102)[K
remote: Compressing objects:   5% (6/102)[K
remote: Compressing objects:   6% (7/102)[K
remote: Compressing objects:   7% (8/102)[K
remote: Compressing objects:   8% (9/102)[K
remote: Compressing objects:   9% (10/102)[K
remote: Compressing objects:  10% (11/102)[K
remote: Compressing objects:  11% (12/102)[K
remote: Compressing objects:  12% (13/102)[K
remote: Compressing objects:  13% (14/102)[K
remote: Compressing objects:  14% (15/102)[K
remote: Compressing objects:  15% (16/102)[K
remote: Compressing objects:  16% (17/102)[K
remote: Compressing objects:  17% (18/102)[K
remote: Compressing objects:  18% (19/102)[K
remote: Compressing objects:  19% (20/102)[K
remote: Compressing objects:  20% (21/102)[K
remote: Compressing objects:  21% (22/102)[K
remote: Compressing objects:  22% (23/102)[K
remote: Compressing objects:  23% (24/102)[K
remote: Compressing objects:  24% (25/102)[K
remote: Compressing objects:  25% (26/102)[K
remote: Compressing objects:  26% (27/102)[K
remote: Compressing objects:  27% (28/102)[K
remote: Compressing objects:  28% (29/102)[K
remote: Compressing objects:  29% (30/102)[K
remote: Compressing objects:  30% (31/102)[K
remote: Compressing objects:  31% (32/102)[K
remote: Compressing objects:  32% (33/102)[K
remote: Compressing objects:  33% (34/102)[K
remote: Compressing objects:  34% (35/102)[K
remote: Compressing objects:  35% (36/102)[K
remote: Compressing objects:  36% (37/102)[K
remote: Compressing objects:  37% (38/102)[K
remote: Compressing objects:  38% (39/102)[K
remote: Compressing objects:  39% (40/102)[K
remote: Compressing objects:  40% (41/102)[K
remote: Compressing objects:  41% (42/102)[K
remote: Compressing objects:  42% (43/102)[K
remote: Compressing objects:  43% (44/102)[K
remote: Compressing objects:  44% (45/102)[K
remote: Compressing objects:  45% (46/102)[K
remote: Compressing objects:  46% (47/102)[K
remote: Compressing objects:  47% (48/102)[K
remote: Compressing objects:  48% (49/102)[K
remote: Compressing objects:  49% (50/102)[K
remote: Compressing objects:  50% (51/102)[K
remote: Compressing objects:  51% (53/102)[K
remote: Compressing objects:  52% (54/102)[K
remote: Compressing objects:  53% (55/102)[K
remote: Compressing objects:  54% (56/102)[K
remote: Compressing objects:  55% (57/102)[K
remote: Compressing objects:  56% (58/102)[K
remote: Compressing objects:  57% (59/102)[K
remote: Compressing objects:  58% (60/102)[K
remote: Compressing objects:  59% (61/102)[K
remote: Compressing objects:  60% (62/102)[K
remote: Compressing objects:  61% (63/102)[K
remote: Compressing objects:  62% (64/102)[K
remote: Compressing objects:  63% (65/102)[K
remote: Compressing objects:  64% (66/102)[K
remote: Compressing objects:  65% (67/102)[K
remote: Compressing objects:  66% (68/102)[K
remote: Compressing objects:  67% (69/102)[K
remote: Compressing objects:  68% (70/102)[K
remote: Compressing objects:  69% (71/102)[K
remote: Compressing objects:  70% (72/102)[K
remote: Compressing objects:  71% (73/102)[K
remote: Compressing objects:  72% (74/102)[K
remote: Compressing objects:  73% (75/102)[K
remote: Compressing objects:  74% (76/102)[K
remote: Compressing objects:  75% (77/102)[K
remote: Compressing objects:  76% (78/102)[K
remote: Compressing objects:  77% (79/102)[K
remote: Compressing objects:  78% (80/102)[K
remote: Compressing objects:  79% (81/102)[K
remote: Compressing objects:  80% (82/102)[K
remote: Compressing objects:  81% (83/102)[K
remote: Compressing objects:  82% (84/102)[K
remote: Compressing objects:  83% (85/102)[K
remote: Compressing objects:  84% (86/102)[K
remote: Compressing objects:  85% (87/102)[K
remote: Compressing objects:  86% (88/102)[K
remote: Compressing objects:  87% (89/102)[K
remote: Compressing objects:  88% (90/102)[K
remote: Compressing objects:  89% (91/102)[K
remote: Compressing objects:  90% (92/102)[K
remote: Compressing objects:  91% (93/102)[K
remote: Compressing objects:  92% (94/102)[K
remote: Compressing objects:  93% (95/102)[K
remote: Compressing objects:  94% (96/102)[K
remote: Compressing objects:  95% (97/102)[K
remote: Compressing objects:  96% (98/102)[K
remote: Compressing objects:  97% (99/102)[K
remote: Compressing objects:  98% (100/102)[K
remote: Compressing objects:  99% (101/102)[K
remote: Compressing objects: 100% (102/102)[K
remote: Compressing objects: 100% (102/102), done.[K
오브젝트를 받는 중:   0% (1/109)
오브젝트를 받는 중:   1% (2/109)
오브젝트를 받는 중:   2% (3/109)
오브젝트를 받는 중:   3% (4/109)
오브젝트를 받는 중:   4% (5/109)
오브젝트를 받는 중:   5% (6/109)
오브젝트를 받는 중:   6% (7/109)
오브젝트를 받는 중:   7% (8/109)
오브젝트를 받는 중:   8% (9/109)
오브젝트를 받는 중:   9% (10/109)
오브젝트를 받는 중:  10% (11/109)
오브젝트를 받는 중:  11% (12/109)
오브젝트를 받는 중:  12% (14/109)
오브젝트를 받는 중:  13% (15/109)
오브젝트를 받는 중:  14% (16/109)
오브젝트를 받는 중:  15% (17/109)
오브젝트를 받는 중:  16% (18/109)
오브젝트를 받는 중:  17% (19/109)
오브젝트를 받는 중:  18% (20/109)
오브젝트를 받는 중:  19% (21/109)
오브젝트를 받는 중:  20% (22/109)
오브젝트를 받는 중:  21% (23/109)
오브젝트를 받는 중:  22% (24/109)
오브젝트를 받는 중:  23% (26/109)
오브젝트를 받는 중:  24% (27/109)
오브젝트를 받는 중:  25% (28/109)
오브젝트를 받는 중:  26% (29/109)
오브젝트를 받는 중:  27% (30/109)
오브젝트를 받는 중:  28% (31/109)
오브젝트를 받는 중:  29% (32/109)
오브젝트를 받는 중:  30% (33/109)
오브젝트를 받는 중:  31% (34/109)
오브젝트를 받는 중:  32% (35/109)
오브젝트를 받는 중:  33% (36/109)
오브젝트를 받는 중:  34% (38/109)
오브젝트를 받는 중:  35% (39/109)
오브젝트를 받는 중:  36% (40/109)
오브젝트를 받는 중:  37% (41/109)
오브젝트를 받는 중:  38% (42/109)
오브젝트를 받는 중:  39% (43/109)
오브젝트를 받는 중:  40% (44/109)
오브젝트를 받는 중:  41% (45/109)
오브젝트를 받는 중:  42% (46/109)
오브젝트를 받는 중:  43% (47/109)
오브젝트를 받는 중:  44% (48/109)
오브젝트를 받는 중:  45% (50/109)
오브젝트를 받는 중:  46% (51/109)
오브젝트를 받는 중:  47% (52/109)
오브젝트를 받는 중:  48% (53/109)
오브젝트를 받는 중:  49% (54/109)
오브젝트를 받는 중:  50% (55/109)
오브젝트를 받는 중:  51% (56/109)
오브젝트를 받는 중:  52% (57/109)
오브젝트를 받는 중:  53% (58/109)
오브젝트를 받는 중:  54% (59/109)
오브젝트를 받는 중:  55% (60/109)
오브젝트를 받는 중:  56% (62/109)
오브젝트를 받는 중:  57% (63/109)
오브젝트를 받는 중:  58% (64/109)
오브젝트를 받는 중:  59% (65/109)
오브젝트를 받는 중:  60% (66/109)
오브젝트를 받는 중:  61% (67/109)
오브젝트를 받는 중:  62% (68/109)
오브젝트를 받는 중:  63% (69/109)
오브젝트를 받는 중:  64% (70/109)
오브젝트를 받는 중:  65% (71/109)
오브젝트를 받는 중:  66% (72/109)
오브젝트를 받는 중:  67% (74/109)
오브젝트를 받는 중:  68% (75/109)
오브젝트를 받는 중:  69% (76/109)
오브젝트를 받는 중:  70% (77/109)
오브젝트를 받는 중:  71% (78/109)
오브젝트를 받는 중:  72% (79/109)
오브젝트를 받는 중:  73% (80/109)
오브젝트를 받는 중:  74% (81/109)
오브젝트를 받는 중:  75% (82/109)
오브젝트를 받는 중:  76% (83/109)
오브젝트를 받는 중:  77% (84/109)
오브젝트를 받는 중:  78% (86/109)
오브젝트를 받는 중:  79% (87/109)
오브젝트를 받는 중:  80% (88/109)
오브젝트를 받는 중:  81% (89/109)
오브젝트를 받는 중:  82% (90/109)
오브젝트를 받는 중:  83% (91/109)
오브젝트를 받는 중:  84% (92/109)
오브젝트를 받는 중:  85% (93/109)
오브젝트를 받는 중:  86% (94/109)
오브젝트를 받는 중:  87% (95/109)
오브젝트를 받는 중:  88% (96/109)
오브젝트를 받는 중:  89% (98/109)
오브젝트를 받는 중:  90% (99/109)
remote: Total 109 (delta 5), reused 75 (delta 4), pack-reused 0 (from 0)[K
오브젝트를 받는 중:  91% (100/109)
오브젝트를 받는 중:  92% (101/109)
오브젝트를 받는 중:  93% (102/109)
오브젝트를 받는 중:  94% (103/109)
오브젝트를 받는 중:  95% (104/109)
오브젝트를 받는 중:  96% (105/109)
오브젝트를 받는 중:  97% (106/109)
오브젝트를 받는 중:  98% (107/109)
오브젝트를 받는 중:  99% (108/109)
오브젝트를 받는 중: 100% (109/109)
오브젝트를 받는 중: 100% (109/109), 128.73 KiB | 1.43 MiB/s, 완료.
델타를 알아내는 중:   0% (0/5)
델타를 알아내는 중:  20% (1/5)
델타를 알아내는 중:  40% (2/5)
델타를 알아내는 중:  60% (3/5)
델타를 알아내는 중:  80% (4/5)
델타를 알아내는 중: 100% (5/5)
델타를 알아내는 중: 100% (5/5), 완료.

Executing subproject [1mlibpisp[0m 

libpisp| Project name: [1mlibpisp[0m
libpisp| Project version: [1m1.5.0[0m
libpisp| C compiler for the host machine: [1mcc[0m (gcc 13.3.0 "cc (Ubuntu 13.3.0-6ubuntu2~24.04.1) 13.3.0")
libpisp| C linker for the host machine: [1mcc[0m ld.bfd 2.42
libpisp| C++ compiler for the host machine: [1mc++[0m (gcc 13.3.0 "c++ (Ubuntu 13.3.0-6ubuntu2~24.04.1) 13.3.0")
libpisp| C++ linker for the host machine: [1mc++[0m ld.bfd 2.42
libpisp| Configuring [1mpisp_build_config.h[0m using configuration
libpisp| Run-time dependency [1mnlohmann_json[0m found: [1;31mNO[0m (tried pkgconfig and cmake)
libpisp| Looking for a fallback subproject for the dependency [1mnlohmann_json[0m
libpisp| Using [1msubprojects/libpisp/subprojects/nlohmann_json.wrap[0m
libpisp| Downloading [1mnlohmann_json[0m source from [1mhttps://github.com/nlohmann/json/releases/download/v3.12.0/include.zip[0m
Download size: 309160
Downloading: ..........

Executing subproject [1mlibpisp:nlohmann_json[0m

nlohmann_json| Project name: [1mnlohmann_json[0m
nlohmann_json| Project version: [1m3.12.0[0m
nlohmann_json| C++ compiler for the host machine: [1mc++[0m (gcc 13.3.0 "c++ (Ubuntu 13.3.0-6ubuntu2~24.04.1) 13.3.0")
nlohmann_json| C++ linker for the host machine: [1mc++[0m ld.bfd 2.42
nlohmann_json| Build targets in project: [1m25[0m
nlohmann_json| Subproject [1mnlohmann_json[0m finished.

libpisp| Dependency [1mnlohmann_json[0m from subproject [1msubprojects/nlohmann_json-3.12.0[0m found: [1;32mYES[0m [36m3.12.0[0m
libpisp| Dependency [1mthreads[0m found: [1;32mYES[0m [36munknown[0m [1;34m(cached)[0m
libpisp| Library [1mdl[0m found: [1;32mYES[0m
libpisp| Run-time dependency [1mBoost[0m (found: log, log_setup, system, thread) found: [1;32mYES[0m [36m1.83.0[0m (/usr)
libpisp| Dependency [1mgstreamer-1.0[0m skipped: feature [1mgstreamer[0m disabled
libpisp| Dependency [1mgstreamer-base-1.0[0m skipped: feature [1mgstreamer[0m disabled
libpisp| Dependency [1mgstreamer-video-1.0[0m skipped: feature [1mgstreamer[0m disabled
libpisp| Dependency [1mgstreamer-allocators-1.0[0m skipped: feature [1mgstreamer[0m disabled
libpisp| Build targets in project: [1m27[0m
libpisp| Subproject [1mlibpisp[0m finished.

Dependency [1mlibpisp[0m from subproject [1msubprojects/libpisp[0m found: [1;32mYES[0m [36m1.5.0[0m
Run-time dependency [1mdl[0m found: [1;32mYES[0m
Run-time dependency [1mlibudev[0m found: [1;32mYES[0m [36m255[0m
Run-time dependency [1myaml-0.1[0m found: [1;32mYES[0m [36m0.2.5[0m
Run-time dependency [1mgnutls[0m found: [1;32mYES[0m [36m3.8.3[0m
Header "[1muchar.h[0m" has symbol "[1mmbrtoc16[0m" skipped: feature [1mandroid[0m disabled
Run-time dependency [1mtensorflow-lite[0m found: [1;31mNO[0m (tried pkgconfig and cmake)
Dependency [1mlibevent_pthreads[0m skipped: feature [1mcam[0m disabled
Dependency [1mlibevent_pthreads[0m skipped: feature [1mlc-compliance[0m disabled
Run-time dependency [1mlibtiff-4[0m found: [1;32mYES[0m [36m4.5.1[0m
Dependency [1mgtest[0m skipped: feature [1mlc-compliance[0m disabled
Dependency [1mqt6 (modules: Core, Gui, OpenGL, OpenGLWidgets, Widgets)[0m skipped: feature [1mqcam[0m disabled
Run-time dependency [1mglib-2.0[0m found: [1;32mYES[0m [36m2.80.0[0m
Run-time dependency [1mgstreamer-video-1.0[0m found: [1;32mYES[0m [36m1.24.2[0m
Run-time dependency [1mgstreamer-allocators-1.0[0m found: [1;32mYES[0m [36m1.24.2[0m
Program python3 found: [1;32mYES[0m (/usr/bin/python3)
Run-time dependency [1mpybind11[0m found: [1;32mYES[0m [36m2.11.1[0m
Run-time dependency [1mpython[0m found: [1;32mYES[0m [36m3.12[0m
Configuring [1mlibcamerify[0m using configuration
Program [1mdoxygen[0m skipped: feature [1mdocumentation[0m disabled
Program [1mdot[0m skipped: feature [1mdocumentation[0m disabled
Program [1msphinx-build-3 sphinx-build[0m skipped: feature [1mdocumentation[0m disabled
Configuring [1mconfig.h[0m using configuration
Build targets in project: [1m53[0m

libcamera [36m0.7.1[0m

  [1mVersions[0m
    Sources                  : 0.7.1+rpt20260609

  [1mPaths[0m
    LIBCAMERA_DATA_DIR       : "/home/seeno04/camera_ws/install/libcamera/share/libcamera"
    LIBCAMERA_SYSCONF_DIR    : "/home/seeno04/camera_ws/install/libcamera/etc/libcamera"
    IPA_PROXY_DIR            : "/home/seeno04/camera_ws/install/libcamera/libexec/libcamera"
    IPA_CONFIG_DIR           : "/home/seeno04/camera_ws/install/libcamera/etc/libcamera/ipa:/home/seeno04/camera_ws/install/libcamera/share/libcamera/ipa"
    IPA_MODULE_DIR           : "/home/seeno04/camera_ws/install/libcamera/lib/libcamera/ipa"

  [1mConfiguration[0m
    SoftISP support          : [1;31mNO[0m
    IPA modules signed with  : gnutls
    Enabled pipelines        : rpi/pisp
                               rpi/vc4
    Enabled IPA modules      : rpi/pisp
                               rpi/vc4
    Controls files           : control_ids_core.yaml
                               control_ids_debug.yaml
                               control_ids_draft.yaml
                               control_ids_rpi.yaml
    Properties files         : property_ids_draft.yaml
                               property_ids_core.yaml
    Hotplug support          : [1;32mYES[0m
    Tracing support          : [1;32mYES[0m
    Android support          : [1;31mNO[0m
    GStreamer support        : [1;32mYES[0m
    Python bindings          : [1;32mYES[0m
    V4L2 emulation support   : [1;32mYES[0m
    Unit tests               : [1;31mNO[0m

  [1mApplications[0m
    cam application          : [1;31mNO[0m
    cam options              :
    DNG output support       : [1;32mYES[0m
    qcam application         : [1;31mNO[0m
    lc-compliance application: [1;31mNO[0m

  [1mSubprojects[0m
    libpisp                  : [1;32mYES[0m
    nlohmann_json            : [1;32mYES[0m (from libpisp)

  [1mUser defined options[0m
    buildtype                : release
    libdir                   : lib
    prefix                   : /home/seeno04/camera_ws/install/libcamera

Found ninja-1.11.1 at /usr/bin/ninja
[1;32mINFO:[0m autodetecting backend as ninja
[1;32mINFO:[0m calculating backend command to run: /usr/bin/ninja

[0/264] Generating utils/codegen/ipc/mojom_templates with a custom command (wrapped by meson to set env)[K
[0/264] Compiling C object utils/ipu3/ipu3-pack.p/ipu3-pack.c.o[K
[0/264] Compiling C object utils/ipu3/ipu3-unpack.p/ipu3-unpack.c.o[K
[0/264] Generating include/libcamera/internal/tp_header with a custom command[K
[0/264] Generating include/libcamera/ipa/core_mojom_module with a custom command (wrapped by meson to set env)[K
[0/264] Generating include/libcamera/control_ids_rpi.yaml_h with a custom command (wrapped by meson to set env)[K
[1/264] Generating include/libcamera/internal/tp_header with a custom command[K
[1/264] Generating include/libcamera/property_ids_core.yaml_h with a custom command (wrapped by meson to set env)[K
[2/264] Compiling C object utils/ipu3/ipu3-unpack.p/ipu3-unpack.c.o[K
[2/264] Linking target utils/ipu3/ipu3-unpack[K
[3/264] Compiling C object utils/ipu3/ipu3-pack.p/ipu3-pack.c.o[K
[3/264] Linking target utils/ipu3/ipu3-pack[K
[4/264] Generating include/libcamera/ipa/core_mojom_module with a custom command (wrapped by meson to set env)[K
[4/264] Generating include/libcamera/ipa/raspberrypi_mojom_module with a custom command (wrapped by meson to set env)[K
[5/264] Linking target utils/ipu3/ipu3-pack[K
[5/264] Generating include/libcamera/formats_h with a custom command[K
[6/264] Linking target utils/ipu3/ipu3-unpack[K
[6/264] Generating src/ipa-priv-key with a custom command[K
[7/264] Generating include/libcamera/control_ids_rpi.yaml_h with a custom command (wrapped by meson to set env)[K
[7/264] Compiling C++ object src/libcamera/base/libcamera-base.so.0.7.1.p/bound_method.cpp.o[K
[8/264] Generating utils/codegen/ipc/mojom_templates with a custom command (wrapped by meson to set env)[K
[8/264] Generating include/libcamera/ipa/core_ipa_interface_h with a custom command (wrapped by meson to set env)[K
[9/264] Generating include/libcamera/property_ids_core.yaml_h with a custom command (wrapped by meson to set env)[K
[9/264] Generating include/libcamera/ipa/core_ipa_serializer_h with a custom command (wrapped by meson to set env)[K
[10/264] Generating include/libcamera/ipa/raspberrypi_mojom_module with a custom command (wrapped by meson to set env)[K
[10/264] Generating include/libcamera/ipa/raspberrypi_ipa_interface_h with a custom command (wrapped by meson to set env)[K
[11/264] Generating include/libcamera/formats_h with a custom command[K
[11/264] Generating include/libcamera/ipa/raspberrypi_ipa_serializer_h with a custom command (wrapped by meson to set env)[K
[12/264] Generating include/libcamera/ipa/raspberrypi_ipa_interface_h with a custom command (wrapped by meson to set env)[K
[12/264] Generating include/libcamera/ipa/raspberrypi_proxy_h with a custom command (wrapped by meson to set env)[K
[13/264] Generating include/libcamera/ipa/core_ipa_serializer_h with a custom command (wrapped by meson to set env)[K
[13/264] Generating include/libcamera/gen-header with a custom command[K
[14/264] Generating include/libcamera/ipa/core_ipa_interface_h with a custom command (wrapped by meson to set env)[K
[14/264] Compiling C++ object src/libcamera/base/libcamera-base.so.0.7.1.p/class.cpp.o[K
[15/264] Generating include/libcamera/gen-header with a custom command[K
[15/264] Compiling C++ object src/libcamera/base/libcamera-base.so.0.7.1.p/flags.cpp.o[K
[16/264] Generating include/libcamera/ipa/raspberrypi_ipa_serializer_h with a custom command (wrapped by meson to set env)[K
[16/264] Compiling C++ object src/libcamera/base/libcamera-base.so.0.7.1.p/object.cpp.o[K
[17/264] Compiling C++ object src/libcamera/base/libcamera-base.so.0.7.1.p/flags.cpp.o[K
[17/264] Compiling C++ object src/libcamera/base/libcamera-base.so.0.7.1.p/shared_fd.cpp.o[K
[18/264] Generating include/libcamera/ipa/raspberrypi_proxy_h with a custom command (wrapped by meson to set env)[K
[18/264] Compiling C++ object src/libcamera/base/libcamera-base.so.0.7.1.p/signal.cpp.o[K
[19/264] Generating src/ipa-priv-key with a custom command[K
........+..+.........+...+......+++++++++++++++++++++++++++++++++++++++++++++++++++++++++++++++++*....+..+.........+++++++++++++++++++++++++++++++++++++++++++++++++++++++++++++++++*....+..+......+.......+..+.+............+........+.+......+.....+....+.....+.+.................+...+.......+........+....+..............+.+...+...........+.........+.+.........+..+......+.........+....+..+.........+.............+.....+...+...+............+.......+...+........+......+..........+...+...+.....+....+...+..+.........+....+...+...+..+++++++++++++++++++++++++++++++++++++++++++++++++++++++++++++++++
..+..................+..+.......+.....+....+.....+.+...+...........+......+......+...+....+............+........+.+.....+.+......+.....+.......+...+++++++++++++++++++++++++++++++++++++++++++++++++++++++++++++++++*.+....+...........+.......+...+............+..+..........+........+.+.....+....+...+........+++++++++++++++++++++++++++++++++++++++++++++++++++++++++++++++++*.............+.+......+.....+...+.............+.................+......+......+.+........+......+.+.....+.............+............+..+...+...............+...+.+...........+.......+...........+......+.+...+............+.........+...+..+....+...........+....+..+....+.....+...+......+.........+...+....+...+...+........+.+........+......+....+..+.........+....+.................+...+.+.........+.....+.+............+..+..........+..+.+..................+..+.......+..+......+.........+......+............+............+......+.......+............+...+.....+.....................+.+...+...........+......+.+...+..+.........+...+...+............+.+..............+......+.+...+...+........+.........+.+.....+......+.+..+...+...+....+...+...+..+...+......+......+.........+....+......+++++++++++++++++++++++++++++++++++++++++++++++++++++++++++++++++

[19/264] Compiling C++ object src/libcamera/base/libcamera-base.so.0.7.1.p/unique_fd.cpp.o[K
[20/264] Compiling C++ object src/libcamera/base/libcamera-base.so.0.7.1.p/class.cpp.o[K
[20/264] Compiling C++ object src/libcamera/base/libcamera-base.so.0.7.1.p/backtrace.cpp.o[K
[21/264] Compiling C++ object src/libcamera/base/libcamera-base.so.0.7.1.p/signal.cpp.o[K
[21/264] Compiling C++ object src/libcamera/base/libcamera-base.so.0.7.1.p/event_dispatcher.cpp.o[K
[22/264] Compiling C++ object src/libcamera/base/libcamera-base.so.0.7.1.p/bound_method.cpp.o[K
[22/264] Compiling C++ object src/libcamera/base/libcamera-base.so.0.7.1.p/event_dispatcher_poll.cpp.o[K
[23/264] Compiling C++ object src/libcamera/base/libcamera-base.so.0.7.1.p/unique_fd.cpp.o[K
[23/264] Compiling C++ object src/libcamera/base/libcamera-base.so.0.7.1.p/event_notifier.cpp.o[K
[24/264] Compiling C++ object src/libcamera/base/libcamera-base.so.0.7.1.p/shared_fd.cpp.o[K
[24/264] Compiling C++ object src/libcamera/base/libcamera-base.so.0.7.1.p/file.cpp.o[K
[25/264] Compiling C++ object src/libcamera/base/libcamera-base.so.0.7.1.p/object.cpp.o[K
[25/264] Compiling C++ object src/libcamera/base/libcamera-base.so.0.7.1.p/log.cpp.o[K
[26/264] Compiling C++ object src/libcamera/base/libcamera-base.so.0.7.1.p/backtrace.cpp.o[K
[26/264] Compiling C++ object src/libcamera/base/libcamera-base.so.0.7.1.p/memfd.cpp.o[K
[27/264] Compiling C++ object src/libcamera/base/libcamera-base.so.0.7.1.p/event_dispatcher.cpp.o[K
[27/264] Compiling C++ object src/libcamera/base/libcamera-base.so.0.7.1.p/message.cpp.o[K
[28/264] Compiling C++ object src/libcamera/base/libcamera-base.so.0.7.1.p/event_dispatcher_poll.cpp.o[K
[28/264] Compiling C++ object src/libcamera/base/libcamera-base.so.0.7.1.p/mutex.cpp.o[K
[29/264] Compiling C++ object src/libcamera/base/libcamera-base.so.0.7.1.p/file.cpp.o[K
[29/264] Compiling C++ object src/libcamera/base/libcamera-base.so.0.7.1.p/semaphore.cpp.o[K
[30/264] Compiling C++ object src/libcamera/base/libcamera-base.so.0.7.1.p/event_notifier.cpp.o[K
[30/264] Compiling C++ object src/libcamera/base/libcamera-base.so.0.7.1.p/thread.cpp.o[K
[31/264] Compiling C++ object src/libcamera/base/libcamera-base.so.0.7.1.p/mutex.cpp.o[K
[31/264] Compiling C++ object src/libcamera/base/libcamera-base.so.0.7.1.p/timer.cpp.o[K
[32/264] Compiling C++ object src/libcamera/base/libcamera-base.so.0.7.1.p/message.cpp.o[K
[32/264] Compiling C++ object src/libcamera/base/libcamera-base.so.0.7.1.p/utils.cpp.o[K
[33/264] Compiling C++ object src/libcamera/base/libcamera-base.so.0.7.1.p/memfd.cpp.o[K
[33/264] Generating subprojects/libpisp/src/libpisp/backend/Default config to build dir with a custom command[K
[34/264] Generating subprojects/libpisp/src/libpisp/backend/Default config to build dir with a custom command[K
[34/264] Generating subprojects/libpisp/src/version.cpp with a custom command[K
[35/264] Compiling C++ object src/libcamera/base/libcamera-base.so.0.7.1.p/semaphore.cpp.o[K
[35/264] Compiling C++ object subprojects/libpisp/src/libpisp.so.1.5.0.p/libpisp_common_pisp_utils.cpp.o[K
[36/264] Generating subprojects/libpisp/src/version.cpp with a custom command[K
[36/264] Compiling C++ object subprojects/libpisp/src/libpisp.so.1.5.0.p/meson-generated_.._version.cpp.o[K
[37/264] Compiling C++ object subprojects/libpisp/src/libpisp.so.1.5.0.p/meson-generated_.._version.cpp.o[K
[37/264] Compiling C++ object subprojects/libpisp/src/libpisp.so.1.5.0.p/libpisp_common_pisp_logging.cpp.o[K
[38/264] Compiling C++ object src/libcamera/base/libcamera-base.so.0.7.1.p/log.cpp.o[K
[38/264] Compiling C++ object subprojects/libpisp/src/libpisp.so.1.5.0.p/libpisp_common_pisp_pwl.cpp.o[K
[39/264] Compiling C++ object src/libcamera/base/libcamera-base.so.0.7.1.p/utils.cpp.o[K
[39/264] Compiling C++ object subprojects/libpisp/src/libpisp.so.1.5.0.p/libpisp_variants_variant.cpp.o[K
[40/264] Compiling C++ object src/libcamera/base/libcamera-base.so.0.7.1.p/timer.cpp.o[K
[40/264] Compiling C++ object subprojects/libpisp/src/libpisp.so.1.5.0.p/libpisp_frontend_frontend.cpp.o[K
[41/264] Compiling C++ object subprojects/libpisp/src/libpisp.so.1.5.0.p/libpisp_variants_variant.cpp.o[K
[41/264] Compiling C++ object subprojects/libpisp/src/libpisp.so.1.5.0.p/libpisp_backend_backend.cpp.o[K
[42/264] Compiling C++ object src/libcamera/base/libcamera-base.so.0.7.1.p/thread.cpp.o[K
[42/264] Linking target src/libcamera/base/libcamera-base.so.0.7.1[K
[43/264] Linking target src/libcamera/base/libcamera-base.so.0.7.1[K
[43/264] Generating symbol file src/libcamera/base/libcamera-base.so.0.7.1.p/libcamera-base.so.0.7.1.symbols[K
[44/264] Compiling C++ object subprojects/libpisp/src/libpisp.so.1.5.0.p/libpisp_common_pisp_utils.cpp.o[K
[44/264] Compiling C++ object subprojects/libpisp/src/libpisp.so.1.5.0.p/libpisp_backend_backend_debug.cpp.o[K
[45/264] Generating symbol file src/libcamera/base/libcamera-base.so.0.7.1.p/libcamera-base.so.0.7.1.symbols[K
[45/264] Compiling C++ object subprojects/libpisp/src/libpisp.so.1.5.0.p/libpisp_backend_backend_default_config.cpp.o[K
[46/264] Compiling C++ object subprojects/libpisp/src/libpisp.so.1.5.0.p/libpisp_backend_backend.cpp.o[K
[46/264] Compiling C++ object subprojects/libpisp/src/libpisp.so.1.5.0.p/libpisp_backend_backend_prepare.cpp.o[K
[47/264] Compiling C++ object subprojects/libpisp/src/libpisp.so.1.5.0.p/libpisp_frontend_frontend.cpp.o[K
[47/264] Compiling C++ object subprojects/libpisp/src/libpisp.so.1.5.0.p/libpisp_backend_tiling_context_stage.cpp.o[K
[48/264] Compiling C++ object subprojects/libpisp/src/libpisp.so.1.5.0.p/libpisp_common_pisp_pwl.cpp.o[K
[48/264] Compiling C++ object subprojects/libpisp/src/libpisp.so.1.5.0.p/libpisp_backend_tiling_crop_stage.cpp.o[K
[49/264] Compiling C++ object subprojects/libpisp/src/libpisp.so.1.5.0.p/libpisp_common_pisp_logging.cpp.o[K
[49/264] Compiling C++ object subprojects/libpisp/src/libpisp.so.1.5.0.p/libpisp_backend_tiling_input_stage.cpp.o[K
[50/264] Compiling C++ object subprojects/libpisp/src/libpisp.so.1.5.0.p/libpisp_backend_tiling_context_stage.cpp.o[K
[50/264] Compiling C++ object subprojects/libpisp/src/libpisp.so.1.5.0.p/libpisp_backend_tiling_output_stage.cpp.o[K
[51/264] Compiling C++ object subprojects/libpisp/src/libpisp.so.1.5.0.p/libpisp_backend_tiling_crop_stage.cpp.o[K
[51/264] Compiling C++ object subprojects/libpisp/src/libpisp.so.1.5.0.p/libpisp_backend_tiling_pipeline.cpp.o[K
[52/264] Compiling C++ object subprojects/libpisp/src/libpisp.so.1.5.0.p/libpisp_backend_backend_prepare.cpp.o[K
[52/264] Compiling C++ object subprojects/libpisp/src/libpisp.so.1.5.0.p/libpisp_backend_tiling_pisp_tiling.cpp.o[K
[53/264] Compiling C++ object subprojects/libpisp/src/libpisp.so.1.5.0.p/libpisp_backend_backend_default_config.cpp.o[K
[53/264] Compiling C++ object subprojects/libpisp/src/libpisp.so.1.5.0.p/libpisp_backend_tiling_rescale_stage.cpp.o[K
[54/264] Compiling C++ object subprojects/libpisp/src/libpisp.so.1.5.0.p/libpisp_backend_backend_debug.cpp.o[K
[54/264] Compiling C++ object subprojects/libpisp/src/libpisp.so.1.5.0.p/libpisp_backend_tiling_split_stage.cpp.o[K
[55/264] Compiling C++ object subprojects/libpisp/src/libpisp.so.1.5.0.p/libpisp_backend_tiling_input_stage.cpp.o[K
[55/264] Compiling C++ object subprojects/libpisp/src/libpisp.so.1.5.0.p/libpisp_backend_tiling_stages.cpp.o[K
[56/264] Compiling C++ object subprojects/libpisp/src/libpisp.so.1.5.0.p/libpisp_backend_tiling_pipeline.cpp.o[K
[56/264] Compiling C++ object subprojects/libpisp/src/libpisp.so.1.5.0.p/helpers_backend_device.cpp.o[K
[57/264] Compiling C++ object subprojects/libpisp/src/libpisp.so.1.5.0.p/libpisp_backend_tiling_output_stage.cpp.o[K
[57/264] Compiling C++ object subprojects/libpisp/src/libpisp.so.1.5.0.p/helpers_buffer.cpp.o[K
[58/264] Compiling C++ object subprojects/libpisp/src/libpisp.so.1.5.0.p/libpisp_backend_tiling_pisp_tiling.cpp.o[K
[58/264] Compiling C++ object subprojects/libpisp/src/libpisp.so.1.5.0.p/helpers_media_device.cpp.o[K
[59/264] Compiling C++ object subprojects/libpisp/src/libpisp.so.1.5.0.p/helpers_buffer.cpp.o[K
[59/264] Compiling C++ object subprojects/libpisp/src/libpisp.so.1.5.0.p/helpers_v4l2_device.cpp.o[K
[60/264] Compiling C++ object subprojects/libpisp/src/libpisp.so.1.5.0.p/libpisp_backend_tiling_stages.cpp.o[K
[60/264] Generating src/libcamera/proxy/raspberrypi_proxy_cpp with a custom command (wrapped by meson to set env)[K
[61/264] Generating src/libcamera/proxy/raspberrypi_proxy_cpp with a custom command (wrapped by meson to set env)[K
[61/264] Generating src/libcamera/controls_ids_cpp with a custom command (wrapped by meson to set env)[K
[62/264] Generating src/libcamera/controls_ids_cpp with a custom command (wrapped by meson to set env)[K
[62/264] Generating src/libcamera/properties_ids_cpp with a custom command (wrapped by meson to set env)[K
[63/264] Generating src/libcamera/properties_ids_cpp with a custom command (wrapped by meson to set env)[K
[63/264] Generating src/libcamera/version.cpp with a custom command[K
[64/264] Compiling C++ object subprojects/libpisp/src/libpisp.so.1.5.0.p/libpisp_backend_tiling_rescale_stage.cpp.o[K
[64/264] Generating src/libcamera/ipa_pub_key_cpp with a custom command[K
[65/264] Generating src/libcamera/ipa_pub_key_cpp with a custom command[K
writing RSA key

[65/264] Generating src/libcamera/gen-shader-headers with a custom command[K
[66/264] Compiling C++ object subprojects/libpisp/src/libpisp.so.1.5.0.p/libpisp_backend_tiling_split_stage.cpp.o[K
[66/264] Generating src/libcamera/proxy/worker/raspberrypi_proxy_worker with a custom command (wrapped by meson to set env)[K
[67/264] Generating src/libcamera/gen-shader-headers with a custom command[K
[SHADER-GEN] bayer_1x_packed_frag
[SHADER-GEN] bayer_unpacked_frag
[SHADER-GEN] bayer_unpacked_vert
[SHADER-GEN] identity_vert

[67/264] Compiling C++ object src/libcamera/libcamera.so.0.7.1.p/meson-generated_.._control_ids.cpp.o[K
[68/264] Generating src/libcamera/version.cpp with a custom command[K
[68/264] Compiling C++ object src/libcamera/libcamera.so.0.7.1.p/meson-generated_.._property_ids.cpp.o[K
[69/264] Generating src/libcamera/proxy/worker/raspberrypi_proxy_worker with a custom command (wrapped by meson to set env)[K
[69/264] Compiling C++ object src/libcamera/libcamera.so.0.7.1.p/meson-generated_.._version.cpp.o[K
[70/264] Compiling C++ object subprojects/libpisp/src/libpisp.so.1.5.0.p/helpers_media_device.cpp.o[K
[70/264] Compiling C++ object src/libcamera/libcamera.so.0.7.1.p/meson-generated_.._proxy_raspberrypi_ipa_proxy.cpp.o[K
[71/264] Compiling C++ object src/libcamera/libcamera.so.0.7.1.p/meson-generated_.._property_ids.cpp.o[K
[71/264] Compiling C++ object src/libcamera/libcamera.so.0.7.1.p/meson-generated_.._ipa_pub_key.cpp.o[K
[72/264] Compiling C++ object subprojects/libpisp/src/libpisp.so.1.5.0.p/helpers_backend_device.cpp.o[K
[72/264] Compiling C++ object src/libcamera/libcamera.so.0.7.1.p/camera.cpp.o[K
[73/264] Compiling C++ object src/libcamera/libcamera.so.0.7.1.p/meson-generated_.._version.cpp.o[K
[73/264] Compiling C++ object src/libcamera/libcamera.so.0.7.1.p/camera_manager.cpp.o[K
[74/264] Compiling C++ object subprojects/libpisp/src/libpisp.so.1.5.0.p/helpers_v4l2_device.cpp.o[K
[74/264] Linking target subprojects/libpisp/src/libpisp.so.1.5.0[K
[75/264] Linking target subprojects/libpisp/src/libpisp.so.1.5.0[K
[75/264] Generating symbol file subprojects/libpisp/src/libpisp.so.1.5.0.p/libpisp.so.1.5.0.symbols[K
[76/264] Generating symbol file subprojects/libpisp/src/libpisp.so.1.5.0.p/libpisp.so.1.5.0.symbols[K
[76/264] Compiling C++ object src/libcamera/libcamera.so.0.7.1.p/color_space.cpp.o[K
[77/264] Compiling C++ object src/libcamera/libcamera.so.0.7.1.p/meson-generated_.._ipa_pub_key.cpp.o[K
[77/264] Compiling C++ object src/libcamera/libcamera.so.0.7.1.p/controls.cpp.o[K
[78/264] Compiling C++ object src/libcamera/libcamera.so.0.7.1.p/meson-generated_.._control_ids.cpp.o[K
[78/264] Compiling C++ object src/libcamera/libcamera.so.0.7.1.p/fence.cpp.o[K
[79/264] Compiling C++ object src/libcamera/libcamera.so.0.7.1.p/fence.cpp.o[K
[79/264] Compiling C++ object src/libcamera/libcamera.so.0.7.1.p/framebuffer.cpp.o[K
[80/264] Compiling C++ object src/libcamera/libcamera.so.0.7.1.p/color_space.cpp.o[K
[80/264] Compiling C++ object src/libcamera/libcamera.so.0.7.1.p/framebuffer_allocator.cpp.o[K
[81/264] Compiling C++ object src/libcamera/libcamera.so.0.7.1.p/camera.cpp.o[K
[81/264] Compiling C++ object src/libcamera/libcamera.so.0.7.1.p/geometry.cpp.o[K
[82/264] Compiling C++ object src/libcamera/libcamera.so.0.7.1.p/camera_manager.cpp.o[K
[82/264] Compiling C++ object src/libcamera/libcamera.so.0.7.1.p/orientation.cpp.o[K
[83/264] Compiling C++ object src/libcamera/libcamera.so.0.7.1.p/orientation.cpp.o[K
[83/264] Compiling C++ object src/libcamera/libcamera.so.0.7.1.p/pixel_format.cpp.o[K
[84/264] Compiling C++ object src/libcamera/libcamera.so.0.7.1.p/meson-generated_.._proxy_raspberrypi_ipa_proxy.cpp.o[K
[84/264] Compiling C++ object src/libcamera/libcamera.so.0.7.1.p/request.cpp.o[K
[85/264] Compiling C++ object src/libcamera/libcamera.so.0.7.1.p/controls.cpp.o[K
[85/264] Compiling C++ object src/libcamera/libcamera.so.0.7.1.p/stream.cpp.o[K
[86/264] Compiling C++ object src/libcamera/libcamera.so.0.7.1.p/framebuffer.cpp.o[K
[86/264] Compiling C++ object src/libcamera/libcamera.so.0.7.1.p/transform.cpp.o[K
[87/264] Compiling C++ object src/libcamera/libcamera.so.0.7.1.p/pixel_format.cpp.o[K
[87/264] Compiling C++ object src/libcamera/libcamera.so.0.7.1.p/bayer_format.cpp.o[K
[88/264] Compiling C++ object src/libcamera/libcamera.so.0.7.1.p/transform.cpp.o[K
[88/264] Compiling C++ object src/libcamera/libcamera.so.0.7.1.p/byte_stream_buffer.cpp.o[K
[89/264] Compiling C++ object src/libcamera/libcamera.so.0.7.1.p/geometry.cpp.o[K
[89/264] Compiling C++ object src/libcamera/libcamera.so.0.7.1.p/camera_controls.cpp.o[K
[90/264] Compiling C++ object src/libcamera/libcamera.so.0.7.1.p/request.cpp.o[K
[90/264] Compiling C++ object src/libcamera/libcamera.so.0.7.1.p/camera_lens.cpp.o[K
[91/264] Compiling C++ object src/libcamera/libcamera.so.0.7.1.p/framebuffer_allocator.cpp.o[K
[91/264] Compiling C++ object src/libcamera/libcamera.so.0.7.1.p/clock_recovery.cpp.o[K
[92/264] Compiling C++ object src/libcamera/libcamera.so.0.7.1.p/bayer_format.cpp.o[K
[92/264] Compiling C++ object src/libcamera/libcamera.so.0.7.1.p/control_serializer.cpp.o[K
[93/264] Compiling C++ object src/libcamera/libcamera.so.0.7.1.p/camera_controls.cpp.o[K
[93/264] Compiling C++ object src/libcamera/libcamera.so.0.7.1.p/control_validator.cpp.o[K
[94/264] Compiling C++ object src/libcamera/libcamera.so.0.7.1.p/stream.cpp.o[K
[94/264] Compiling C++ object src/libcamera/libcamera.so.0.7.1.p/converter.cpp.o[K
[95/264] Compiling C++ object src/libcamera/libcamera.so.0.7.1.p/byte_stream_buffer.cpp.o[K
[95/264] Compiling C++ object src/libcamera/libcamera.so.0.7.1.p/debug_controls.cpp.o[K
[96/264] Compiling C++ object src/libcamera/libcamera.so.0.7.1.p/control_validator.cpp.o[K
[96/264] Compiling C++ object src/libcamera/libcamera.so.0.7.1.p/delayed_controls.cpp.o[K
[97/264] Compiling C++ object src/libcamera/libcamera.so.0.7.1.p/clock_recovery.cpp.o[K
[97/264] Compiling C++ object src/libcamera/libcamera.so.0.7.1.p/device_enumerator.cpp.o[K
[98/264] Compiling C++ object src/libcamera/libcamera.so.0.7.1.p/camera_lens.cpp.o[K
[98/264] Compiling C++ object src/libcamera/libcamera.so.0.7.1.p/device_enumerator_sysfs.cpp.o[K
[99/264] Compiling C++ object src/libcamera/libcamera.so.0.7.1.p/control_serializer.cpp.o[K
[99/264] Compiling C++ object src/libcamera/libcamera.so.0.7.1.p/dma_buf_allocator.cpp.o[K
[100/264] Compiling C++ object src/libcamera/libcamera.so.0.7.1.p/debug_controls.cpp.o[K
[100/264] Compiling C++ object src/libcamera/libcamera.so.0.7.1.p/formats.cpp.o[K
[101/264] Compiling C++ object src/libcamera/libcamera.so.0.7.1.p/delayed_controls.cpp.o[K
[101/264] Compiling C++ object src/libcamera/libcamera.so.0.7.1.p/global_configuration.cpp.o[K
[102/264] Compiling C++ object src/libcamera/libcamera.so.0.7.1.p/converter.cpp.o[K
[102/264] Compiling C++ object src/libcamera/libcamera.so.0.7.1.p/ipa_controls.cpp.o[K
[103/264] Compiling C++ object src/libcamera/libcamera.so.0.7.1.p/ipa_controls.cpp.o[K
[103/264] Compiling C++ object src/libcamera/libcamera.so.0.7.1.p/ipa_data_serializer.cpp.o[K
[104/264] Compiling C++ object src/libcamera/libcamera.so.0.7.1.p/dma_buf_allocator.cpp.o[K
[104/264] Compiling C++ object src/libcamera/libcamera.so.0.7.1.p/ipa_interface.cpp.o[K
[105/264] Compiling C++ object src/libcamera/libcamera.so.0.7.1.p/ipa_interface.cpp.o[K
[105/264] Compiling C++ object src/libcamera/libcamera.so.0.7.1.p/ipa_manager.cpp.o[K
[106/264] Compiling C++ object src/libcamera/libcamera.so.0.7.1.p/device_enumerator_sysfs.cpp.o[K
[106/264] Compiling C++ object src/libcamera/libcamera.so.0.7.1.p/ipa_module.cpp.o[K
[107/264] Compiling C++ object src/libcamera/libcamera.so.0.7.1.p/device_enumerator.cpp.o[K
[107/264] Compiling C++ object src/libcamera/libcamera.so.0.7.1.p/ipa_proxy.cpp.o[K
[108/264] Compiling C++ object src/libcamera/libcamera.so.0.7.1.p/formats.cpp.o[K
[108/264] Compiling C++ object src/libcamera/libcamera.so.0.7.1.p/ipc_pipe.cpp.o[K
[109/264] Compiling C++ object src/libcamera/libcamera.so.0.7.1.p/ipa_data_serializer.cpp.o[K
[109/264] Compiling C++ object src/libcamera/libcamera.so.0.7.1.p/ipc_pipe_unixsocket.cpp.o[K
[110/264] Compiling C++ object src/libcamera/libcamera.so.0.7.1.p/global_configuration.cpp.o[K
[110/264] Compiling C++ object src/libcamera/libcamera.so.0.7.1.p/ipc_unixsocket.cpp.o[K
[111/264] Compiling C++ object src/libcamera/libcamera.so.0.7.1.p/ipa_module.cpp.o[K
[111/264] Compiling C++ object src/libcamera/libcamera.so.0.7.1.p/mapped_framebuffer.cpp.o[K
[112/264] Compiling C++ object src/libcamera/libcamera.so.0.7.1.p/ipa_manager.cpp.o[K
[112/264] Compiling C++ object src/libcamera/libcamera.so.0.7.1.p/matrix.cpp.o[K
[113/264] Compiling C++ object src/libcamera/libcamera.so.0.7.1.p/ipc_pipe.cpp.o[K
[113/264] Compiling C++ object src/libcamera/libcamera.so.0.7.1.p/media_device.cpp.o[K
[114/264] Compiling C++ object src/libcamera/libcamera.so.0.7.1.p/ipa_proxy.cpp.o[K
[114/264] Compiling C++ object src/libcamera/libcamera.so.0.7.1.p/media_object.cpp.o[K
[115/264] Compiling C++ object src/libcamera/libcamera.so.0.7.1.p/ipc_unixsocket.cpp.o[K
[115/264] Compiling C++ object src/libcamera/libcamera.so.0.7.1.p/media_pipeline.cpp.o[K
[116/264] Compiling C++ object src/libcamera/libcamera.so.0.7.1.p/ipc_pipe_unixsocket.cpp.o[K
[116/264] Compiling C++ object src/libcamera/libcamera.so.0.7.1.p/pipeline_handler.cpp.o[K
[117/264] Compiling C++ object src/libcamera/libcamera.so.0.7.1.p/matrix.cpp.o[K
[117/264] Compiling C++ object src/libcamera/libcamera.so.0.7.1.p/process.cpp.o[K
[118/264] Compiling C++ object src/libcamera/libcamera.so.0.7.1.p/mapped_framebuffer.cpp.o[K
[118/264] Compiling C++ object src/libcamera/libcamera.so.0.7.1.p/pub_key.cpp.o[K
[119/264] Compiling C++ object src/libcamera/libcamera.so.0.7.1.p/pub_key.cpp.o[K
[119/264] Compiling C++ object src/libcamera/libcamera.so.0.7.1.p/shared_mem_object.cpp.o[K
[120/264] Compiling C++ object src/libcamera/libcamera.so.0.7.1.p/media_object.cpp.o[K
[120/264] Compiling C++ object src/libcamera/libcamera.so.0.7.1.p/source_paths.cpp.o[K
[121/264] Compiling C++ object src/libcamera/libcamera.so.0.7.1.p/shared_mem_object.cpp.o[K
[121/264] Compiling C++ object src/libcamera/libcamera.so.0.7.1.p/sysfs.cpp.o[K
[122/264] Compiling C++ object src/libcamera/libcamera.so.0.7.1.p/media_pipeline.cpp.o[K
[122/264] Compiling C++ object src/libcamera/libcamera.so.0.7.1.p/v4l2_device.cpp.o[K
[123/264] Compiling C++ object src/libcamera/libcamera.so.0.7.1.p/source_paths.cpp.o[K
[123/264] Compiling C++ object src/libcamera/libcamera.so.0.7.1.p/v4l2_pixelformat.cpp.o[K
[124/264] Compiling C++ object src/libcamera/libcamera.so.0.7.1.p/process.cpp.o[K
[124/264] Compiling C++ object src/libcamera/libcamera.so.0.7.1.p/v4l2_request.cpp.o[K
[125/264] Compiling C++ object src/libcamera/libcamera.so.0.7.1.p/pipeline_handler.cpp.o[K
[125/264] Compiling C++ object src/libcamera/libcamera.so.0.7.1.p/v4l2_subdevice.cpp.o[K
[126/264] Compiling C++ object src/libcamera/libcamera.so.0.7.1.p/media_device.cpp.o[K
[126/264] Compiling C++ object src/libcamera/libcamera.so.0.7.1.p/v4l2_videodevice.cpp.o[K
[127/264] Compiling C++ object src/libcamera/libcamera.so.0.7.1.p/sysfs.cpp.o[K
[127/264] Compiling C++ object src/libcamera/libcamera.so.0.7.1.p/value_node.cpp.o[K
[128/264] Compiling C++ object src/libcamera/libcamera.so.0.7.1.p/v4l2_request.cpp.o[K
[128/264] Compiling C++ object src/libcamera/libcamera.so.0.7.1.p/vector.cpp.o[K
[129/264] Compiling C++ object src/libcamera/libcamera.so.0.7.1.p/v4l2_pixelformat.cpp.o[K
[129/264] Compiling C++ object src/libcamera/libcamera.so.0.7.1.p/yaml_parser.cpp.o[K
[130/264] Compiling C++ object src/libcamera/libcamera.so.0.7.1.p/vector.cpp.o[K
[130/264] Compiling C++ object src/libcamera/libcamera.so.0.7.1.p/converter_converter_dw100.cpp.o[K
[131/264] Compiling C++ object src/libcamera/libcamera.so.0.7.1.p/v4l2_device.cpp.o[K
[131/264] Compiling C++ object src/libcamera/libcamera.so.0.7.1.p/converter_converter_dw100_vertexmap.cpp.o[K
[132/264] Compiling C++ object src/libcamera/libcamera.so.0.7.1.p/yaml_parser.cpp.o[K
[132/264] Compiling C++ object src/libcamera/libcamera.so.0.7.1.p/converter_converter_v4l2_m2m.cpp.o[K
[133/264] Compiling C++ object src/libcamera/libcamera.so.0.7.1.p/value_node.cpp.o[K
[133/264] Compiling C++ object src/libcamera/libcamera.so.0.7.1.p/pipeline_rpi_common_delayed_controls.cpp.o[K
[134/264] Compiling C++ object src/libcamera/libcamera.so.0.7.1.p/v4l2_videodevice.cpp.o[K
[134/264] Compiling C++ object src/libcamera/libcamera.so.0.7.1.p/pipeline_rpi_common_pipeline_base.cpp.o[K
[135/264] Compiling C++ object src/libcamera/libcamera.so.0.7.1.p/converter_converter_dw100.cpp.o[K
[135/264] Compiling C++ object src/libcamera/libcamera.so.0.7.1.p/pipeline_rpi_common_rpi_stream.cpp.o[K
[136/264] Compiling C++ object src/libcamera/libcamera.so.0.7.1.p/converter_converter_dw100_vertexmap.cpp.o[K
[136/264] Compiling C++ object src/libcamera/libcamera.so.0.7.1.p/pipeline_rpi_pisp_pisp.cpp.o[K
[137/264] Compiling C++ object src/libcamera/libcamera.so.0.7.1.p/pipeline_rpi_common_delayed_controls.cpp.o[K
[137/264] Compiling C++ object src/libcamera/libcamera.so.0.7.1.p/pipeline_rpi_vc4_vc4.cpp.o[K
[138/264] Compiling C++ object src/libcamera/libcamera.so.0.7.1.p/converter_converter_v4l2_m2m.cpp.o[K
[138/264] Compiling C++ object src/libcamera/libcamera.so.0.7.1.p/sensor_camera_sensor.cpp.o[K
[139/264] Compiling C++ object src/libcamera/libcamera.so.0.7.1.p/v4l2_subdevice.cpp.o[K
[139/264] Compiling C++ object src/libcamera/libcamera.so.0.7.1.p/sensor_camera_sensor_legacy.cpp.o[K
[140/264] Compiling C++ object src/libcamera/libcamera.so.0.7.1.p/pipeline_rpi_common_rpi_stream.cpp.o[K
[140/264] Compiling C++ object src/libcamera/libcamera.so.0.7.1.p/sensor_camera_sensor_properties.cpp.o[K
[141/264] Compiling C++ object src/libcamera/libcamera.so.0.7.1.p/sensor_camera_sensor.cpp.o[K
[141/264] Compiling C++ object src/libcamera/libcamera.so.0.7.1.p/sensor_camera_sensor_raw.cpp.o[K
[142/264] Compiling C++ object src/libcamera/libcamera.so.0.7.1.p/sensor_camera_sensor_properties.cpp.o[K
[142/264] Compiling C++ object src/libcamera/libcamera.so.0.7.1.p/tracepoints.cpp.o[K
[143/264] Compiling C++ object src/libcamera/libcamera.so.0.7.1.p/pipeline_rpi_common_pipeline_base.cpp.o[K
[143/264] Compiling C++ object src/libcamera/libcamera.so.0.7.1.p/device_enumerator_udev.cpp.o[K
[144/264] Compiling C++ object src/libcamera/libcamera.so.0.7.1.p/sensor_camera_sensor_legacy.cpp.o[K
[144/264] Compiling C++ object src/libcamera/proxy/worker/raspberrypi_ipa_proxy.p/meson-generated_.._raspberrypi_ipa_proxy_worker.cpp.o[K
[145/264] Compiling C++ object src/libcamera/libcamera.so.0.7.1.p/sensor_camera_sensor_raw.cpp.o[K
[145/264] Compiling C++ object src/ipa/libipa/libipa.a.p/agc_mean_luminance.cpp.o[K
[146/264] Compiling C++ object src/libcamera/libcamera.so.0.7.1.p/tracepoints.cpp.o[K
[146/264] Compiling C++ object src/ipa/libipa/libipa.a.p/algorithm.cpp.o[K
[147/264] Compiling C++ object src/libcamera/libcamera.so.0.7.1.p/pipeline_rpi_pisp_pisp.cpp.o[K
[147/264] Compiling C++ object src/ipa/libipa/libipa.a.p/awb_bayes.cpp.o[K
[148/264] Compiling C++ object src/libcamera/libcamera.so.0.7.1.p/pipeline_rpi_vc4_vc4.cpp.o[K
[148/264] Compiling C++ object src/ipa/libipa/libipa.a.p/awb_grey.cpp.o[K
[149/264] Compiling C++ object src/ipa/libipa/libipa.a.p/algorithm.cpp.o[K
[149/264] Compiling C++ object src/ipa/libipa/libipa.a.p/awb.cpp.o[K
[150/264] Compiling C++ object src/libcamera/libcamera.so.0.7.1.p/device_enumerator_udev.cpp.o[K
[150/264] Linking target src/libcamera/libcamera.so.0.7.1[K
[151/264] Linking target src/libcamera/libcamera.so.0.7.1[K
[151/264] Generating symbol file src/libcamera/libcamera.so.0.7.1.p/libcamera.so.0.7.1.symbols[K
[152/264] Compiling C++ object src/ipa/libipa/libipa.a.p/awb_bayes.cpp.o[K
[152/264] Compiling C++ object src/ipa/libipa/libipa.a.p/camera_sensor_helper.cpp.o[K
[153/264] Generating symbol file src/libcamera/libcamera.so.0.7.1.p/libcamera.so.0.7.1.symbols[K
[153/264] Compiling C++ object src/ipa/libipa/libipa.a.p/colours.cpp.o[K
[154/264] Compiling C++ object src/ipa/libipa/libipa.a.p/awb_grey.cpp.o[K
[154/264] Compiling C++ object src/ipa/libipa/libipa.a.p/exposure_mode_helper.cpp.o[K
[155/264] Compiling C++ object src/ipa/libipa/libipa.a.p/agc_mean_luminance.cpp.o[K
[155/264] Compiling C++ object src/ipa/libipa/libipa.a.p/fc_queue.cpp.o[K
[156/264] Compiling C++ object src/ipa/libipa/libipa.a.p/fc_queue.cpp.o[K
[156/264] Compiling C++ object src/ipa/libipa/libipa.a.p/fixedpoint.cpp.o[K
[157/264] Compiling C++ object src/ipa/libipa/libipa.a.p/awb.cpp.o[K
[157/264] Compiling C++ object src/ipa/libipa/libipa.a.p/histogram.cpp.o[K
[158/264] Compiling C++ object src/ipa/libipa/libipa.a.p/colours.cpp.o[K
[158/264] Compiling C++ object src/ipa/libipa/libipa.a.p/interpolator.cpp.o[K
[159/264] Compiling C++ object src/ipa/libipa/libipa.a.p/camera_sensor_helper.cpp.o[K
[159/264] Compiling C++ object src/ipa/libipa/libipa.a.p/lsc_polynomial.cpp.o[K
[160/264] Compiling C++ object src/ipa/libipa/libipa.a.p/exposure_mode_helper.cpp.o[K
[160/264] Compiling C++ object src/ipa/libipa/libipa.a.p/lux.cpp.o[K
[161/264] Compiling C++ object src/libcamera/proxy/worker/raspberrypi_ipa_proxy.p/meson-generated_.._raspberrypi_ipa_proxy_worker.cpp.o[K
[161/264] Linking target src/libcamera/proxy/worker/raspberrypi_ipa_proxy[K
[162/264] Linking target src/libcamera/proxy/worker/raspberrypi_ipa_proxy[K
[162/264] Compiling C++ object src/ipa/libipa/libipa.a.p/module.cpp.o[K
[163/264] Compiling C++ object src/ipa/libipa/libipa.a.p/interpolator.cpp.o[K
[163/264] Compiling C++ object src/ipa/libipa/libipa.a.p/pwl.cpp.o[K
[164/264] Compiling C++ object src/ipa/libipa/libipa.a.p/fixedpoint.cpp.o[K
[164/264] Compiling C++ object src/ipa/libipa/libipa.a.p/quantized.cpp.o[K
[165/264] Compiling C++ object src/ipa/libipa/libipa.a.p/histogram.cpp.o[K
[165/264] Compiling C++ object src/ipa/libipa/libipa.a.p/v4l2_params.cpp.o[K
[166/264] Compiling C++ object src/ipa/libipa/libipa.a.p/lsc_polynomial.cpp.o[K
[166/264] Compiling C++ object src/ipa/rpi/cam_helper/librpi_ipa_cam_helper.a.p/cam_helper.cpp.o[K
[167/264] Compiling C++ object src/ipa/libipa/libipa.a.p/module.cpp.o[K
[167/264] Compiling C++ object src/ipa/rpi/cam_helper/librpi_ipa_cam_helper.a.p/cam_helper_ov5647.cpp.o[K
[168/264] Compiling C++ object src/ipa/libipa/libipa.a.p/lux.cpp.o[K
[168/264] Compiling C++ object src/ipa/rpi/cam_helper/librpi_ipa_cam_helper.a.p/cam_helper_imx219.cpp.o[K
[169/264] Compiling C++ object src/ipa/libipa/libipa.a.p/quantized.cpp.o[K
[169/264] Compiling C++ object src/ipa/rpi/cam_helper/librpi_ipa_cam_helper.a.p/cam_helper_imx283.cpp.o[K
[170/264] Compiling C++ object src/ipa/rpi/cam_helper/librpi_ipa_cam_helper.a.p/cam_helper.cpp.o[K
[170/264] Compiling C++ object src/ipa/rpi/cam_helper/librpi_ipa_cam_helper.a.p/cam_helper_imx290.cpp.o[K
[171/264] Compiling C++ object src/ipa/libipa/libipa.a.p/v4l2_params.cpp.o[K
[171/264] Compiling C++ object src/ipa/rpi/cam_helper/librpi_ipa_cam_helper.a.p/cam_helper_imx296.cpp.o[K
[172/264] Compiling C++ object src/ipa/libipa/libipa.a.p/pwl.cpp.o[K
[172/264] Linking static target src/ipa/libipa/libipa.a[K
[173/264] Linking static target src/ipa/libipa/libipa.a[K
[173/264] Compiling C++ object src/ipa/rpi/cam_helper/librpi_ipa_cam_helper.a.p/cam_helper_imx415.cpp.o[K
[174/264] Compiling C++ object src/ipa/rpi/cam_helper/librpi_ipa_cam_helper.a.p/cam_helper_ov5647.cpp.o[K
[174/264] Compiling C++ object src/ipa/rpi/cam_helper/librpi_ipa_cam_helper.a.p/cam_helper_imx477.cpp.o[K
[175/264] Compiling C++ object src/ipa/rpi/cam_helper/librpi_ipa_cam_helper.a.p/cam_helper_imx283.cpp.o[K
[175/264] Compiling C++ object src/ipa/rpi/cam_helper/librpi_ipa_cam_helper.a.p/cam_helper_imx500.cpp.o[K
[176/264] Compiling C++ object src/ipa/rpi/cam_helper/librpi_ipa_cam_helper.a.p/cam_helper_imx219.cpp.o[K
[176/264] Compiling C++ object src/ipa/rpi/cam_helper/librpi_ipa_cam_helper.a.p/cam_helper_imx519.cpp.o[K
[177/264] Compiling C++ object src/ipa/rpi/cam_helper/librpi_ipa_cam_helper.a.p/cam_helper_imx290.cpp.o[K
[177/264] Compiling C++ object src/ipa/rpi/cam_helper/librpi_ipa_cam_helper.a.p/cam_helper_imx708.cpp.o[K
[178/264] Compiling C++ object src/ipa/rpi/cam_helper/librpi_ipa_cam_helper.a.p/cam_helper_imx296.cpp.o[K
[178/264] Compiling C++ object src/ipa/rpi/cam_helper/librpi_ipa_cam_helper.a.p/cam_helper_ov64a40.cpp.o[K
[179/264] Compiling C++ object src/ipa/rpi/cam_helper/librpi_ipa_cam_helper.a.p/cam_helper_imx415.cpp.o[K
[179/264] Compiling C++ object src/ipa/rpi/cam_helper/librpi_ipa_cam_helper.a.p/cam_helper_ov7251.cpp.o[K
[180/264] Compiling C++ object src/ipa/rpi/cam_helper/librpi_ipa_cam_helper.a.p/cam_helper_imx477.cpp.o[K
[180/264] Compiling C++ object src/ipa/rpi/cam_helper/librpi_ipa_cam_helper.a.p/cam_helper_ov9281.cpp.o[K
[181/264] Compiling C++ object src/ipa/rpi/cam_helper/librpi_ipa_cam_helper.a.p/cam_helper_imx500.cpp.o[K
[181/264] Compiling C++ object src/ipa/rpi/cam_helper/librpi_ipa_cam_helper.a.p/cam_helper_vd55g1.cpp.o[K
[182/264] Compiling C++ object src/ipa/rpi/cam_helper/librpi_ipa_cam_helper.a.p/cam_helper_imx519.cpp.o[K
[182/264] Compiling C++ object src/ipa/rpi/cam_helper/librpi_ipa_cam_helper.a.p/cam_helper_vd56g3.cpp.o[K
[183/264] Compiling C++ object src/ipa/rpi/cam_helper/librpi_ipa_cam_helper.a.p/cam_helper_ov7251.cpp.o[K
[183/264] Compiling C++ object src/ipa/rpi/cam_helper/librpi_ipa_cam_helper.a.p/md_parser_smia.cpp.o[K
[184/264] Compiling C++ object src/ipa/rpi/cam_helper/librpi_ipa_cam_helper.a.p/cam_helper_ov9281.cpp.o[K
[184/264] Compiling C++ object src/ipa/rpi/cam_helper/librpi_ipa_cam_helper.a.p/imx500_tensor_parser_imx500_tensor_parser.cpp.o[K
[185/264] Compiling C++ object src/ipa/rpi/cam_helper/librpi_ipa_cam_helper.a.p/cam_helper_imx708.cpp.o[K
[185/264] Compiling C++ object src/ipa/rpi/common/librpi_ipa_common.a.p/ipa_base.cpp.o[K
[186/264] Compiling C++ object src/ipa/rpi/cam_helper/librpi_ipa_cam_helper.a.p/cam_helper_ov64a40.cpp.o[K
[186/264] Compiling C++ object src/ipa/rpi/controller/librpi_ipa_controller.a.p/algorithm.cpp.o[K
[187/264] Compiling C++ object src/ipa/rpi/cam_helper/librpi_ipa_cam_helper.a.p/cam_helper_vd56g3.cpp.o[K
[187/264] Compiling C++ object src/ipa/rpi/controller/librpi_ipa_controller.a.p/controller.cpp.o[K
[188/264] Compiling C++ object src/ipa/rpi/controller/librpi_ipa_controller.a.p/algorithm.cpp.o[K
[188/264] Compiling C++ object src/ipa/rpi/controller/librpi_ipa_controller.a.p/device_status.cpp.o[K
[189/264] Compiling C++ object src/ipa/rpi/cam_helper/librpi_ipa_cam_helper.a.p/cam_helper_vd55g1.cpp.o[K
[189/264] Compiling C++ object src/ipa/rpi/controller/librpi_ipa_controller.a.p/histogram.cpp.o[K
[190/264] Compiling C++ object src/ipa/rpi/cam_helper/librpi_ipa_cam_helper.a.p/md_parser_smia.cpp.o[K
[190/264] Compiling C++ object src/ipa/rpi/controller/librpi_ipa_controller.a.p/rpi_af.cpp.o[K
[191/264] Compiling C++ object src/ipa/rpi/controller/librpi_ipa_controller.a.p/histogram.cpp.o[K
[191/264] Compiling C++ object src/ipa/rpi/controller/librpi_ipa_controller.a.p/rpi_agc.cpp.o[K
[192/264] Compiling C++ object src/ipa/rpi/controller/librpi_ipa_controller.a.p/controller.cpp.o[K
[192/264] Compiling C++ object src/ipa/rpi/controller/librpi_ipa_controller.a.p/rpi_agc_channel.cpp.o[K
[193/264] Compiling C++ object src/ipa/rpi/controller/librpi_ipa_controller.a.p/device_status.cpp.o[K
[193/264] Compiling C++ object src/ipa/rpi/controller/librpi_ipa_controller.a.p/rpi_alsc.cpp.o[K
[194/264] Compiling C++ object src/ipa/rpi/controller/librpi_ipa_controller.a.p/rpi_af.cpp.o[K
[194/264] Compiling C++ object src/ipa/rpi/controller/librpi_ipa_controller.a.p/rpi_awb.cpp.o[K
[195/264] Compiling C++ object src/ipa/rpi/cam_helper/librpi_ipa_cam_helper.a.p/imx500_tensor_parser_imx500_tensor_parser.cpp.o[K
[195/264] Linking static target src/ipa/rpi/cam_helper/librpi_ipa_cam_helper.a[K
[196/264] Linking static target src/ipa/rpi/cam_helper/librpi_ipa_cam_helper.a[K
[196/264] Compiling C++ object src/ipa/rpi/controller/librpi_ipa_controller.a.p/rpi_awb_bayes.cpp.o[K
[197/264] Compiling C++ object src/ipa/rpi/controller/librpi_ipa_controller.a.p/rpi_agc.cpp.o[K
[197/264] Compiling C++ object src/ipa/rpi/controller/librpi_ipa_controller.a.p/rpi_black_level.cpp.o[K
[198/264] Compiling C++ object src/ipa/rpi/controller/librpi_ipa_controller.a.p/rpi_agc_channel.cpp.o[K
[198/264] Compiling C++ object src/ipa/rpi/controller/librpi_ipa_controller.a.p/rpi_cac.cpp.o[K
[199/264] Compiling C++ object src/ipa/rpi/controller/librpi_ipa_controller.a.p/rpi_alsc.cpp.o[K
[199/264] Compiling C++ object src/ipa/rpi/controller/librpi_ipa_controller.a.p/rpi_ccm.cpp.o[K
[200/264] Compiling C++ object src/ipa/rpi/controller/librpi_ipa_controller.a.p/rpi_black_level.cpp.o[K
[200/264] Compiling C++ object src/ipa/rpi/controller/librpi_ipa_controller.a.p/rpi_contrast.cpp.o[K
[201/264] Compiling C++ object src/ipa/rpi/common/librpi_ipa_common.a.p/ipa_base.cpp.o[K
[201/264] Linking static target src/ipa/rpi/common/librpi_ipa_common.a[K
[202/264] Linking static target src/ipa/rpi/common/librpi_ipa_common.a[K
[202/264] Compiling C++ object src/ipa/rpi/controller/librpi_ipa_controller.a.p/rpi_decompand.cpp.o[K
[203/264] Compiling C++ object src/ipa/rpi/controller/librpi_ipa_controller.a.p/rpi_awb_bayes.cpp.o[K
[203/264] Compiling C++ object src/ipa/rpi/controller/librpi_ipa_controller.a.p/rpi_denoise.cpp.o[K
[204/264] Compiling C++ object src/ipa/rpi/controller/librpi_ipa_controller.a.p/rpi_awb.cpp.o[K
[204/264] Compiling C++ object src/ipa/rpi/controller/librpi_ipa_controller.a.p/rpi_dpc.cpp.o[K
[205/264] Compiling C++ object src/ipa/rpi/controller/librpi_ipa_controller.a.p/rpi_ccm.cpp.o[K
[205/264] Compiling C++ object src/ipa/rpi/controller/librpi_ipa_controller.a.p/rpi_geq.cpp.o[K
[206/264] Compiling C++ object src/ipa/rpi/controller/librpi_ipa_controller.a.p/rpi_cac.cpp.o[K
[206/264] Compiling C++ object src/ipa/rpi/controller/librpi_ipa_controller.a.p/rpi_hdr.cpp.o[K
[207/264] Compiling C++ object src/ipa/rpi/controller/librpi_ipa_controller.a.p/rpi_contrast.cpp.o[K
[207/264] Compiling C++ object src/ipa/rpi/controller/librpi_ipa_controller.a.p/rpi_lux.cpp.o[K
[208/264] Compiling C++ object src/ipa/rpi/controller/librpi_ipa_controller.a.p/rpi_decompand.cpp.o[K
[208/264] Compiling C++ object src/ipa/rpi/controller/librpi_ipa_controller.a.p/rpi_noise.cpp.o[K
[209/264] Compiling C++ object src/ipa/rpi/controller/librpi_ipa_controller.a.p/rpi_denoise.cpp.o[K
[209/264] Compiling C++ object src/ipa/rpi/controller/librpi_ipa_controller.a.p/rpi_saturation.cpp.o[K
[210/264] Compiling C++ object src/ipa/rpi/controller/librpi_ipa_controller.a.p/rpi_dpc.cpp.o[K
[210/264] Compiling C++ object src/ipa/rpi/controller/librpi_ipa_controller.a.p/rpi_sdn.cpp.o[K
[211/264] Compiling C++ object src/ipa/rpi/controller/librpi_ipa_controller.a.p/rpi_geq.cpp.o[K
[211/264] Compiling C++ object src/ipa/rpi/controller/librpi_ipa_controller.a.p/rpi_sharpen.cpp.o[K
[212/264] Compiling C++ object src/ipa/rpi/controller/librpi_ipa_controller.a.p/rpi_sdn.cpp.o[K
[212/264] Compiling C++ object src/ipa/rpi/controller/librpi_ipa_controller.a.p/rpi_sync.cpp.o[K
[213/264] Compiling C++ object src/ipa/rpi/controller/librpi_ipa_controller.a.p/rpi_saturation.cpp.o[K
[213/264] Compiling C++ object src/ipa/rpi/controller/librpi_ipa_controller.a.p/rpi_tonemap.cpp.o[K
[214/264] Compiling C++ object src/ipa/rpi/controller/librpi_ipa_controller.a.p/rpi_lux.cpp.o[K
[214/264] Compiling C++ object src/ipa/rpi/pisp/ipa_rpi_pisp.so.p/pisp.cpp.o[K
[215/264] Compiling C++ object src/ipa/rpi/controller/librpi_ipa_controller.a.p/rpi_hdr.cpp.o[K
[215/264] Compiling C++ object src/ipa/rpi/vc4/ipa_rpi_vc4.so.p/vc4.cpp.o[K
[216/264] Compiling C++ object src/ipa/rpi/controller/librpi_ipa_controller.a.p/rpi_noise.cpp.o[K
[216/264] Compiling C++ object src/apps/common/libapps.a.p/image.cpp.o[K
[217/264] Compiling C++ object src/ipa/rpi/controller/librpi_ipa_controller.a.p/rpi_sharpen.cpp.o[K
[217/264] Compiling C++ object src/apps/common/libapps.a.p/options.cpp.o[K
[218/264] Compiling C++ object src/ipa/rpi/controller/librpi_ipa_controller.a.p/rpi_sync.cpp.o[K
[218/264] Compiling C++ object src/apps/common/libapps.a.p/ppm_writer.cpp.o[K
[219/264] Compiling C++ object src/apps/common/libapps.a.p/image.cpp.o[K
[219/264] Compiling C++ object src/apps/common/libapps.a.p/stream_options.cpp.o[K
[220/264] Compiling C++ object src/ipa/rpi/controller/librpi_ipa_controller.a.p/rpi_tonemap.cpp.o[K
[220/264] Linking static target src/ipa/rpi/controller/librpi_ipa_controller.a[K
[221/264] Linking static target src/ipa/rpi/controller/librpi_ipa_controller.a[K
[221/264] Compiling C++ object src/apps/common/libapps.a.p/dng_writer.cpp.o[K
[222/264] Compiling C++ object src/apps/common/libapps.a.p/ppm_writer.cpp.o[K
[222/264] Compiling C++ object src/apps/ipa-verify/ipa_verify.p/main.cpp.o[K
[223/264] Compiling C++ object src/apps/common/libapps.a.p/stream_options.cpp.o[K
[223/264] Generating src/gstreamer/gstlibcamera-controls.cpp with a custom command (wrapped by meson to set env)[K
[224/264] Compiling C++ object src/apps/common/libapps.a.p/dng_writer.cpp.o[K
[224/264] Compiling C++ object src/gstreamer/libgstlibcamera.so.p/gstlibcamera-utils.cpp.o[K
[225/264] Generating src/gstreamer/gstlibcamera-controls.cpp with a custom command (wrapped by meson to set env)[K
[225/264] Compiling C++ object src/gstreamer/libgstlibcamera.so.p/meson-generated_.._gstlibcamera-controls.cpp.o[K
[226/264] Compiling C++ object src/ipa/rpi/vc4/ipa_rpi_vc4.so.p/vc4.cpp.o[K
[226/264] Linking target src/ipa/rpi/vc4/ipa_rpi_vc4.so[K
[227/264] Compiling C++ object src/apps/common/libapps.a.p/options.cpp.o[K
[227/264] Linking static target src/apps/common/libapps.a[K
[228/264] Linking static target src/apps/common/libapps.a[K
[228/264] Compiling C++ object src/gstreamer/libgstlibcamera.so.p/gstlibcamera.cpp.o[K
[229/264] Linking target src/ipa/rpi/vc4/ipa_rpi_vc4.so[K
[229/264] Generating src/ipa/rpi/vc4/ipa_rpi_vc4.so.sign with a custom command[K
[230/264] Generating src/ipa/rpi/vc4/ipa_rpi_vc4.so.sign with a custom command[K
[230/264] Compiling C++ object src/gstreamer/libgstlibcamera.so.p/gstlibcameraallocator.cpp.o[K
[231/264] Compiling C++ object src/ipa/rpi/pisp/ipa_rpi_pisp.so.p/pisp.cpp.o[K
[231/264] Linking target src/ipa/rpi/pisp/ipa_rpi_pisp.so[K
[232/264] Compiling C++ object src/gstreamer/libgstlibcamera.so.p/gstlibcamera.cpp.o[K
[232/264] Compiling C++ object src/gstreamer/libgstlibcamera.so.p/gstlibcamerapad.cpp.o[K
[233/264] Compiling C++ object src/apps/ipa-verify/ipa_verify.p/main.cpp.o[K
[233/264] Linking target src/apps/ipa-verify/ipa_verify[K
[234/264] Linking target src/ipa/rpi/pisp/ipa_rpi_pisp.so[K
[234/264] Generating src/ipa/rpi/pisp/ipa_rpi_pisp.so.sign with a custom command[K
[235/264] Generating src/ipa/rpi/pisp/ipa_rpi_pisp.so.sign with a custom command[K
[235/264] Compiling C++ object src/gstreamer/libgstlibcamera.so.p/gstlibcamerapool.cpp.o[K
[236/264] Linking target src/apps/ipa-verify/ipa_verify[K
[236/264] Compiling C++ object src/gstreamer/libgstlibcamera.so.p/gstlibcameraprovider.cpp.o[K
[237/264] Compiling C++ object src/gstreamer/libgstlibcamera.so.p/meson-generated_.._gstlibcamera-controls.cpp.o[K
[237/264] Compiling C++ object src/gstreamer/libgstlibcamera.so.p/gstlibcamerasrc.cpp.o[K
[238/264] Compiling C++ object src/gstreamer/libgstlibcamera.so.p/gstlibcamera-utils.cpp.o[K
[238/264] Generating src/py/libcamera/py_gen_controls with a custom command (wrapped by meson to set env)[K
[239/264] Compiling C++ object src/gstreamer/libgstlibcamera.so.p/gstlibcamerapad.cpp.o[K
[239/264] Generating src/py/libcamera/py_gen_properties with a custom command (wrapped by meson to set env)[K
[240/264] Generating src/py/libcamera/py_gen_properties with a custom command (wrapped by meson to set env)[K
[240/264] Generating src/py/libcamera/py_gen_formats with a custom command[K
[241/264] Generating src/py/libcamera/py_gen_formats with a custom command[K
[241/264] Compiling C++ object src/py/libcamera/_libcamera.cpython-312-aarch64-linux-gnu.so.p/meson-generated_.._py_properties_generated.cpp.o[K
[242/264] Generating src/py/libcamera/py_gen_controls with a custom command (wrapped by meson to set env)[K
[242/264] Compiling C++ object src/py/libcamera/_libcamera.cpython-312-aarch64-linux-gnu.so.p/meson-generated_.._py_controls_generated.cpp.o[K
[243/264] Compiling C++ object src/gstreamer/libgstlibcamera.so.p/gstlibcamerapool.cpp.o[K
[243/264] Compiling C++ object src/py/libcamera/_libcamera.cpython-312-aarch64-linux-gnu.so.p/meson-generated_.._py_formats_generated.cpp.o[K
[244/264] Compiling C++ object src/gstreamer/libgstlibcamera.so.p/gstlibcameraallocator.cpp.o[K
[244/264] Compiling C++ object src/py/libcamera/_libcamera.cpython-312-aarch64-linux-gnu.so.p/py_camera_manager.cpp.o[K
[245/264] Compiling C++ object src/gstreamer/libgstlibcamera.so.p/gstlibcameraprovider.cpp.o[K
[245/264] Compiling C++ object src/py/libcamera/_libcamera.cpython-312-aarch64-linux-gnu.so.p/py_color_space.cpp.o[K
[246/264] Compiling C++ object src/gstreamer/libgstlibcamera.so.p/gstlibcamerasrc.cpp.o[K
[246/264] Linking target src/gstreamer/libgstlibcamera.so[K
[247/264] Linking target src/gstreamer/libgstlibcamera.so[K
[247/264] Compiling C++ object src/py/libcamera/_libcamera.cpython-312-aarch64-linux-gnu.so.p/py_enums.cpp.o[K
[248/264] Compiling C++ object src/py/libcamera/_libcamera.cpython-312-aarch64-linux-gnu.so.p/py_camera_manager.cpp.o[K
[248/264] Compiling C++ object src/py/libcamera/_libcamera.cpython-312-aarch64-linux-gnu.so.p/py_geometry.cpp.o[K
[249/264] Compiling C++ object src/py/libcamera/_libcamera.cpython-312-aarch64-linux-gnu.so.p/meson-generated_.._py_formats_generated.cpp.o[K
[249/264] Compiling C++ object src/py/libcamera/_libcamera.cpython-312-aarch64-linux-gnu.so.p/py_helpers.cpp.o[K
[250/264] Compiling C++ object src/py/libcamera/_libcamera.cpython-312-aarch64-linux-gnu.so.p/meson-generated_.._py_properties_generated.cpp.o[K
[250/264] Compiling C++ object src/py/libcamera/_libcamera.cpython-312-aarch64-linux-gnu.so.p/py_main.cpp.o[K
[251/264] Compiling C++ object src/py/libcamera/_libcamera.cpython-312-aarch64-linux-gnu.so.p/py_color_space.cpp.o[K
[251/264] Compiling C++ object src/py/libcamera/_libcamera.cpython-312-aarch64-linux-gnu.so.p/py_transform.cpp.o[K
[252/264] Compiling C++ object src/py/libcamera/_libcamera.cpython-312-aarch64-linux-gnu.so.p/py_enums.cpp.o[K
[252/264] Compiling C++ object src/v4l2/v4l2-compat.so.p/v4l2_camera.cpp.o[K
[253/264] Compiling C++ object src/py/libcamera/_libcamera.cpython-312-aarch64-linux-gnu.so.p/py_helpers.cpp.o[K
[253/264] Compiling C++ object src/v4l2/v4l2-compat.so.p/v4l2_camera_file.cpp.o[K
[254/264] Compiling C++ object src/v4l2/v4l2-compat.so.p/v4l2_camera.cpp.o[K
[254/264] Compiling C++ object src/v4l2/v4l2-compat.so.p/v4l2_camera_proxy.cpp.o[K
[255/264] Compiling C++ object src/v4l2/v4l2-compat.so.p/v4l2_camera_file.cpp.o[K
[255/264] Compiling C++ object src/v4l2/v4l2-compat.so.p/v4l2_compat.cpp.o[K
[256/264] Compiling C++ object src/v4l2/v4l2-compat.so.p/v4l2_compat.cpp.o[K
[256/264] Compiling C++ object src/v4l2/v4l2-compat.so.p/v4l2_compat_manager.cpp.o[K
[257/264] Compiling C++ object src/py/libcamera/_libcamera.cpython-312-aarch64-linux-gnu.so.p/meson-generated_.._py_controls_generated.cpp.o[K
[258/264] Compiling C++ object src/v4l2/v4l2-compat.so.p/v4l2_camera_proxy.cpp.o[K
[259/264] Compiling C++ object src/v4l2/v4l2-compat.so.p/v4l2_compat_manager.cpp.o[K
[259/264] Linking target src/v4l2/v4l2-compat.so[K
[260/264] Linking target src/v4l2/v4l2-compat.so[K
[261/264] Compiling C++ object src/py/libcamera/_libcamera.cpython-312-aarch64-linux-gnu.so.p/py_transform.cpp.o[K
[262/264] Compiling C++ object src/py/libcamera/_libcamera.cpython-312-aarch64-linux-gnu.so.p/py_geometry.cpp.o[K
[263/264] Compiling C++ object src/py/libcamera/_libcamera.cpython-312-aarch64-linux-gnu.so.p/py_main.cpp.o[K
[263/264] Linking target src/py/libcamera/_libcamera.cpython-312-aarch64-linux-gnu.so[K
[264/264] Linking target src/py/libcamera/_libcamera.cpython-312-aarch64-linux-gnu.so[K
ninja: Entering directory `/home/seeno04/camera_ws/build/libcamera'

[0/17] Generating subprojects/libpisp/src/version.cpp with a custom command[K
[0/17] Generating src/libcamera/version.cpp with a custom command[K
[1/17] Generating subprojects/libpisp/src/version.cpp with a custom command[K
[1/17] Compiling C++ object subprojects/libpisp/src/libpisp.so.1.5.0.p/meson-generated_.._version.cpp.o[K
[2/17] Generating src/libcamera/version.cpp with a custom command[K
[3/16] Compiling C++ object subprojects/libpisp/src/libpisp.so.1.5.0.p/meson-generated_.._version.cpp.o[K
[3/16] Linking target subprojects/libpisp/src/libpisp.so.1.5.0[K
[4/16] Linking target subprojects/libpisp/src/libpisp.so.1.5.0[K
[4/16] Generating symbol file subprojects/libpisp/src/libpisp.so.1.5.0.p/libpisp.so.1.5.0.symbols[K
[5/16] Generating symbol file subprojects/libpisp/src/libpisp.so.1.5.0.p/libpisp.so.1.5.0.symbols[K
Installing include/libcamera/ipa/core_ipa_interface.h to /home/seeno04/camera_ws/install/libcamera/include/libcamera/libcamera/ipa
Installing include/libcamera/ipa/raspberrypi_ipa_interface.h to /home/seeno04/camera_ws/install/libcamera/include/libcamera/libcamera/ipa
Installing include/libcamera/control_ids.h to /home/seeno04/camera_ws/install/libcamera/include/libcamera/libcamera
Installing include/libcamera/property_ids.h to /home/seeno04/camera_ws/install/libcamera/include/libcamera/libcamera
Installing include/libcamera/formats.h to /home/seeno04/camera_ws/install/libcamera/include/libcamera/libcamera
Installing include/libcamera/libcamera.h to /home/seeno04/camera_ws/install/libcamera/include/libcamera/libcamera
Installing src/libcamera/base/libcamera-base.so.0.7.1 to /home/seeno04/camera_ws/install/libcamera/lib
Installing subprojects/libpisp/src/libpisp.so.1.5.0 to /home/seeno04/camera_ws/install/libcamera/lib
Installing src/libcamera/libcamera.so.0.7.1 to /home/seeno04/camera_ws/install/libcamera/lib
Installing src/libcamera/proxy/worker/raspberrypi_ipa_proxy to /home/seeno04/camera_ws/install/libcamera/libexec/libcamera
Installing src/ipa/rpi/pisp/ipa_rpi_pisp.so to /home/seeno04/camera_ws/install/libcamera/lib/libcamera/ipa
Installing src/ipa/rpi/vc4/ipa_rpi_vc4.so to /home/seeno04/camera_ws/install/libcamera/lib/libcamera/ipa
Installing src/gstreamer/libgstlibcamera.so to /home/seeno04/camera_ws/install/libcamera/lib/gstreamer-1.0
Installing src/py/libcamera/_libcamera.cpython-312-aarch64-linux-gnu.so to /home/seeno04/camera_ws/install/libcamera/lib/python3/dist-packages/libcamera
Installing src/v4l2/v4l2-compat.so to /home/seeno04/camera_ws/install/libcamera/libexec/libcamera
Installing /home/seeno04/camera_ws/src/libcamera/include/libcamera/base/bound_method.h to /home/seeno04/camera_ws/install/libcamera/include/libcamera/libcamera/base
Installing /home/seeno04/camera_ws/src/libcamera/include/libcamera/base/class.h to /home/seeno04/camera_ws/install/libcamera/include/libcamera/libcamera/base
Installing /home/seeno04/camera_ws/src/libcamera/include/libcamera/base/flags.h to /home/seeno04/camera_ws/install/libcamera/include/libcamera/libcamera/base
Installing /home/seeno04/camera_ws/src/libcamera/include/libcamera/base/object.h to /home/seeno04/camera_ws/install/libcamera/include/libcamera/libcamera/base
Installing /home/seeno04/camera_ws/src/libcamera/include/libcamera/base/shared_fd.h to /home/seeno04/camera_ws/install/libcamera/include/libcamera/libcamera/base
Installing /home/seeno04/camera_ws/src/libcamera/include/libcamera/base/signal.h to /home/seeno04/camera_ws/install/libcamera/include/libcamera/libcamera/base
Installing /home/seeno04/camera_ws/src/libcamera/include/libcamera/base/span.h to /home/seeno04/camera_ws/install/libcamera/include/libcamera/libcamera/base
Installing /home/seeno04/camera_ws/src/libcamera/include/libcamera/base/unique_fd.h to /home/seeno04/camera_ws/install/libcamera/include/libcamera/libcamera/base
Installing /home/seeno04/camera_ws/src/libcamera/include/libcamera/ipa/ipa_controls.h to /home/seeno04/camera_ws/install/libcamera/include/libcamera/libcamera/ipa
Installing /home/seeno04/camera_ws/src/libcamera/include/libcamera/ipa/ipa_interface.h to /home/seeno04/camera_ws/install/libcamera/include/libcamera/libcamera/ipa
Installing /home/seeno04/camera_ws/src/libcamera/include/libcamera/ipa/ipa_module_info.h to /home/seeno04/camera_ws/install/libcamera/include/libcamera/libcamera/ipa
Installing /home/seeno04/camera_ws/src/libcamera/include/libcamera/camera.h to /home/seeno04/camera_ws/install/libcamera/include/libcamera/libcamera
Installing /home/seeno04/camera_ws/src/libcamera/include/libcamera/camera_manager.h to /home/seeno04/camera_ws/install/libcamera/include/libcamera/libcamera
Installing /home/seeno04/camera_ws/src/libcamera/include/libcamera/color_space.h to /home/seeno04/camera_ws/install/libcamera/include/libcamera/libcamera
Installing /home/seeno04/camera_ws/src/libcamera/include/libcamera/controls.h to /home/seeno04/camera_ws/install/libcamera/include/libcamera/libcamera
Installing /home/seeno04/camera_ws/src/libcamera/include/libcamera/fence.h to /home/seeno04/camera_ws/install/libcamera/include/libcamera/libcamera
Installing /home/seeno04/camera_ws/src/libcamera/include/libcamera/framebuffer.h to /home/seeno04/camera_ws/install/libcamera/include/libcamera/libcamera
Installing /home/seeno04/camera_ws/src/libcamera/include/libcamera/framebuffer_allocator.h to /home/seeno04/camera_ws/install/libcamera/include/libcamera/libcamera
Installing /home/seeno04/camera_ws/src/libcamera/include/libcamera/geometry.h to /home/seeno04/camera_ws/install/libcamera/include/libcamera/libcamera
Installing /home/seeno04/camera_ws/src/libcamera/include/libcamera/logging.h to /home/seeno04/camera_ws/install/libcamera/include/libcamera/libcamera
Installing /home/seeno04/camera_ws/src/libcamera/include/libcamera/orientation.h to /home/seeno04/camera_ws/install/libcamera/include/libcamera/libcamera
Installing /home/seeno04/camera_ws/src/libcamera/include/libcamera/pixel_format.h to /home/seeno04/camera_ws/install/libcamera/include/libcamera/libcamera
Installing /home/seeno04/camera_ws/src/libcamera/include/libcamera/request.h to /home/seeno04/camera_ws/install/libcamera/include/libcamera/libcamera
Installing /home/seeno04/camera_ws/src/libcamera/include/libcamera/stream.h to /home/seeno04/camera_ws/install/libcamera/include/libcamera/libcamera
Installing /home/seeno04/camera_ws/src/libcamera/include/libcamera/transform.h to /home/seeno04/camera_ws/install/libcamera/include/libcamera/libcamera
Installing /home/seeno04/camera_ws/src/libcamera/subprojects/libpisp/src/libpisp/common/pisp_common.h to /home/seeno04/camera_ws/install/libcamera/include/libpisp/common
Installing /home/seeno04/camera_ws/src/libcamera/subprojects/libpisp/src/libpisp/common/logging.hpp to /home/seeno04/camera_ws/install/libcamera/include/libpisp/common
Installing /home/seeno04/camera_ws/src/libcamera/subprojects/libpisp/src/libpisp/common/shm_mutex.hpp to /home/seeno04/camera_ws/install/libcamera/include/libpisp/common
Installing /home/seeno04/camera_ws/src/libcamera/subprojects/libpisp/src/libpisp/common/utils.hpp to /home/seeno04/camera_ws/install/libcamera/include/libpisp/common
Installing /home/seeno04/camera_ws/src/libcamera/subprojects/libpisp/src/libpisp/common/version.hpp to /home/seeno04/camera_ws/install/libcamera/include/libpisp/common
Installing /home/seeno04/camera_ws/src/libcamera/subprojects/libpisp/src/libpisp/variants/variant.hpp to /home/seeno04/camera_ws/install/libcamera/include/libpisp/variants
Installing /home/seeno04/camera_ws/src/libcamera/subprojects/libpisp/src/libpisp/frontend/frontend.hpp to /home/seeno04/camera_ws/install/libcamera/include/libpisp/frontend
Installing /home/seeno04/camera_ws/src/libcamera/subprojects/libpisp/src/libpisp/frontend/pisp_fe_config.h to /home/seeno04/camera_ws/install/libcamera/include/libpisp/frontend
Installing /home/seeno04/camera_ws/src/libcamera/subprojects/libpisp/src/libpisp/frontend/pisp_statistics.h to /home/seeno04/camera_ws/install/libcamera/include/libpisp/frontend
Installing /home/seeno04/camera_ws/src/libcamera/subprojects/libpisp/src/libpisp/backend/backend.hpp to /home/seeno04/camera_ws/install/libcamera/include/libpisp/backend
Installing /home/seeno04/camera_ws/src/libcamera/subprojects/libpisp/src/libpisp/backend/pisp_be_config.h to /home/seeno04/camera_ws/install/libcamera/include/libpisp/backend
Installing /home/seeno04/camera_ws/src/libcamera/subprojects/libpisp/src/libpisp/backend/tiling/pisp_tiling.hpp to /home/seeno04/camera_ws/install/libcamera/include/libpisp/backend/tiling
Installing /home/seeno04/camera_ws/src/libcamera/subprojects/libpisp/src/libpisp/backend/tiling/types.hpp to /home/seeno04/camera_ws/install/libcamera/include/libpisp/backend/tiling
Installing /home/seeno04/camera_ws/src/libcamera/subprojects/libpisp/src/helpers/backend_device.hpp to /home/seeno04/camera_ws/install/libcamera/include/libpisp/helpers
Installing /home/seeno04/camera_ws/src/libcamera/subprojects/libpisp/src/helpers/buffer.hpp to /home/seeno04/camera_ws/install/libcamera/include/libpisp/helpers
Installing /home/seeno04/camera_ws/src/libcamera/subprojects/libpisp/src/helpers/device_fd.hpp to /home/seeno04/camera_ws/install/libcamera/include/libpisp/helpers
Installing /home/seeno04/camera_ws/src/libcamera/subprojects/libpisp/src/helpers/dma_heap.hpp to /home/seeno04/camera_ws/install/libcamera/include/libpisp/helpers
Installing /home/seeno04/camera_ws/src/libcamera/subprojects/libpisp/src/helpers/media_device.hpp to /home/seeno04/camera_ws/install/libcamera/include/libpisp/helpers
Installing /home/seeno04/camera_ws/src/libcamera/subprojects/libpisp/src/helpers/v4l2_device.hpp to /home/seeno04/camera_ws/install/libcamera/include/libpisp/helpers
Installing /home/seeno04/camera_ws/src/libcamera/utils/libcamera-bug-report to /home/seeno04/camera_ws/install/libcamera/bin
Installing /home/seeno04/camera_ws/build/libcamera/include/libcamera/version.h to /home/seeno04/camera_ws/install/libcamera/include/libcamera/libcamera
Installing /home/seeno04/camera_ws/build/libcamera/meson-private/libcamera-base.pc to /home/seeno04/camera_ws/install/libcamera/lib/pkgconfig
Installing /home/seeno04/camera_ws/src/libcamera/subprojects/libpisp/src/libpisp/backend/backend_default_config.json to /home/seeno04/camera_ws/install/libcamera/share/libpisp
Installing /home/seeno04/camera_ws/build/libcamera/meson-private/libpisp.pc to /home/seeno04/camera_ws/install/libcamera/lib/pkgconfig
Installing /home/seeno04/camera_ws/src/libcamera/src/libcamera/pipeline/rpi/pisp/data/example.yaml to /home/seeno04/camera_ws/install/libcamera/share/libcamera/pipeline/rpi/pisp
Installing /home/seeno04/camera_ws/src/libcamera/src/libcamera/pipeline/rpi/vc4/data/example.yaml to /home/seeno04/camera_ws/install/libcamera/share/libcamera/pipeline/rpi/vc4
Installing /home/seeno04/camera_ws/src/libcamera/src/libcamera/pipeline/rpi/vc4/data/rpi_apps.yaml to /home/seeno04/camera_ws/install/libcamera/share/libcamera/pipeline/rpi/vc4
Installing /home/seeno04/camera_ws/build/libcamera/meson-private/libcamera.pc to /home/seeno04/camera_ws/install/libcamera/lib/pkgconfig
Installing /home/seeno04/camera_ws/src/libcamera/src/ipa/rpi/pisp/data/imx219.json to /home/seeno04/camera_ws/install/libcamera/share/libcamera/ipa/rpi/pisp
Installing /home/seeno04/camera_ws/src/libcamera/src/ipa/rpi/pisp/data/imx219_noir.json to /home/seeno04/camera_ws/install/libcamera/share/libcamera/ipa/rpi/pisp
Installing /home/seeno04/camera_ws/src/libcamera/src/ipa/rpi/pisp/data/imx283.json to /home/seeno04/camera_ws/install/libcamera/share/libcamera/ipa/rpi/pisp
Installing /home/seeno04/camera_ws/src/libcamera/src/ipa/rpi/pisp/data/imx290.json to /home/seeno04/camera_ws/install/libcamera/share/libcamera/ipa/rpi/pisp
Installing /home/seeno04/camera_ws/src/libcamera/src/ipa/rpi/pisp/data/imx296.json to /home/seeno04/camera_ws/install/libcamera/share/libcamera/ipa/rpi/pisp
Installing /home/seeno04/camera_ws/src/libcamera/src/ipa/rpi/pisp/data/imx296_mono.json to /home/seeno04/camera_ws/install/libcamera/share/libcamera/ipa/rpi/pisp
Installing /home/seeno04/camera_ws/src/libcamera/src/ipa/rpi/pisp/data/imx335.json to /home/seeno04/camera_ws/install/libcamera/share/libcamera/ipa/rpi/pisp
Installing /home/seeno04/camera_ws/src/libcamera/src/ipa/rpi/pisp/data/imx378.json to /home/seeno04/camera_ws/install/libcamera/share/libcamera/ipa/rpi/pisp
Installing /home/seeno04/camera_ws/src/libcamera/src/ipa/rpi/pisp/data/imx415.json to /home/seeno04/camera_ws/install/libcamera/share/libcamera/ipa/rpi/pisp
Installing /home/seeno04/camera_ws/src/libcamera/src/ipa/rpi/pisp/data/imx415_b0569.json to /home/seeno04/camera_ws/install/libcamera/share/libcamera/ipa/rpi/pisp
Installing /home/seeno04/camera_ws/src/libcamera/src/ipa/rpi/pisp/data/imx462.json to /home/seeno04/camera_ws/install/libcamera/share/libcamera/ipa/rpi/pisp
Installing /home/seeno04/camera_ws/src/libcamera/src/ipa/rpi/pisp/data/imx477.json to /home/seeno04/camera_ws/install/libcamera/share/libcamera/ipa/rpi/pisp
Installing /home/seeno04/camera_ws/src/libcamera/src/ipa/rpi/pisp/data/imx477_noir.json to /home/seeno04/camera_ws/install/libcamera/share/libcamera/ipa/rpi/pisp
Installing /home/seeno04/camera_ws/src/libcamera/src/ipa/rpi/pisp/data/imx477_scientific.json to /home/seeno04/camera_ws/install/libcamera/share/libcamera/ipa/rpi/pisp
Installing /home/seeno04/camera_ws/src/libcamera/src/ipa/rpi/pisp/data/imx500.json to /home/seeno04/camera_ws/install/libcamera/share/libcamera/ipa/rpi/pisp
Installing /home/seeno04/camera_ws/src/libcamera/src/ipa/rpi/pisp/data/imx519.json to /home/seeno04/camera_ws/install/libcamera/share/libcamera/ipa/rpi/pisp
Installing /home/seeno04/camera_ws/src/libcamera/src/ipa/rpi/pisp/data/imx708.json to /home/seeno04/camera_ws/install/libcamera/share/libcamera/ipa/rpi/pisp
Installing /home/seeno04/camera_ws/src/libcamera/src/ipa/rpi/pisp/data/imx708_noir.json to /home/seeno04/camera_ws/install/libcamera/share/libcamera/ipa/rpi/pisp
Installing /home/seeno04/camera_ws/src/libcamera/src/ipa/rpi/pisp/data/imx708_wide.json to /home/seeno04/camera_ws/install/libcamera/share/libcamera/ipa/rpi/pisp
Installing /home/seeno04/camera_ws/src/libcamera/src/ipa/rpi/pisp/data/imx708_wide_noir.json to /home/seeno04/camera_ws/install/libcamera/share/libcamera/ipa/rpi/pisp
Installing /home/seeno04/camera_ws/src/libcamera/src/ipa/rpi/pisp/data/ov5647.json to /home/seeno04/camera_ws/install/libcamera/share/libcamera/ipa/rpi/pisp
Installing /home/seeno04/camera_ws/src/libcamera/src/ipa/rpi/pisp/data/ov5647_noir.json to /home/seeno04/camera_ws/install/libcamera/share/libcamera/ipa/rpi/pisp
Installing /home/seeno04/camera_ws/src/libcamera/src/ipa/rpi/pisp/data/ov64a40.json to /home/seeno04/camera_ws/install/libcamera/share/libcamera/ipa/rpi/pisp
Installing /home/seeno04/camera_ws/src/libcamera/src/ipa/rpi/pisp/data/ov9281_mono.json to /home/seeno04/camera_ws/install/libcamera/share/libcamera/ipa/rpi/pisp
Installing /home/seeno04/camera_ws/src/libcamera/src/ipa/rpi/pisp/data/se327m12.json to /home/seeno04/camera_ws/install/libcamera/share/libcamera/ipa/rpi/pisp
Installing /home/seeno04/camera_ws/src/libcamera/src/ipa/rpi/pisp/data/uncalibrated.json to /home/seeno04/camera_ws/install/libcamera/share/libcamera/ipa/rpi/pisp
Installing /home/seeno04/camera_ws/src/libcamera/src/ipa/rpi/pisp/data/vd55g1.json to /home/seeno04/camera_ws/install/libcamera/share/libcamera/ipa/rpi/pisp
Installing /home/seeno04/camera_ws/src/libcamera/src/ipa/rpi/pisp/data/vd55g1_mono.json to /home/seeno04/camera_ws/install/libcamera/share/libcamera/ipa/rpi/pisp
Installing /home/seeno04/camera_ws/src/libcamera/src/ipa/rpi/pisp/data/vd56g3.json to /home/seeno04/camera_ws/install/libcamera/share/libcamera/ipa/rpi/pisp
Installing /home/seeno04/camera_ws/src/libcamera/src/ipa/rpi/pisp/data/vd56g3_mono.json to /home/seeno04/camera_ws/install/libcamera/share/libcamera/ipa/rpi/pisp
Installing /home/seeno04/camera_ws/src/libcamera/src/ipa/rpi/vc4/data/imx219.json to /home/seeno04/camera_ws/install/libcamera/share/libcamera/ipa/rpi/vc4
Installing /home/seeno04/camera_ws/src/libcamera/src/ipa/rpi/vc4/data/imx219_noir.json to /home/seeno04/camera_ws/install/libcamera/share/libcamera/ipa/rpi/vc4
Installing /home/seeno04/camera_ws/src/libcamera/src/ipa/rpi/vc4/data/imx283.json to /home/seeno04/camera_ws/install/libcamera/share/libcamera/ipa/rpi/vc4
Installing /home/seeno04/camera_ws/src/libcamera/src/ipa/rpi/vc4/data/imx290.json to /home/seeno04/camera_ws/install/libcamera/share/libcamera/ipa/rpi/vc4
Installing /home/seeno04/camera_ws/src/libcamera/src/ipa/rpi/vc4/data/imx296.json to /home/seeno04/camera_ws/install/libcamera/share/libcamera/ipa/rpi/vc4
Installing /home/seeno04/camera_ws/src/libcamera/src/ipa/rpi/vc4/data/imx296_mono.json to /home/seeno04/camera_ws/install/libcamera/share/libcamera/ipa/rpi/vc4
Installing /home/seeno04/camera_ws/src/libcamera/src/ipa/rpi/vc4/data/imx327.json to /home/seeno04/camera_ws/install/libcamera/share/libcamera/ipa/rpi/vc4
Installing /home/seeno04/camera_ws/src/libcamera/src/ipa/rpi/vc4/data/imx335.json to /home/seeno04/camera_ws/install/libcamera/share/libcamera/ipa/rpi/vc4
Installing /home/seeno04/camera_ws/src/libcamera/src/ipa/rpi/vc4/data/imx378.json to /home/seeno04/camera_ws/install/libcamera/share/libcamera/ipa/rpi/vc4
Installing /home/seeno04/camera_ws/src/libcamera/src/ipa/rpi/vc4/data/imx415.json to /home/seeno04/camera_ws/install/libcamera/share/libcamera/ipa/rpi/vc4
Installing /home/seeno04/camera_ws/src/libcamera/src/ipa/rpi/vc4/data/imx415_b0569.json to /home/seeno04/camera_ws/install/libcamera/share/libcamera/ipa/rpi/vc4
Installing /home/seeno04/camera_ws/src/libcamera/src/ipa/rpi/vc4/data/imx462.json to /home/seeno04/camera_ws/install/libcamera/share/libcamera/ipa/rpi/vc4
Installing /home/seeno04/camera_ws/src/libcamera/src/ipa/rpi/vc4/data/imx477.json to /home/seeno04/camera_ws/install/libcamera/share/libcamera/ipa/rpi/vc4
Installing /home/seeno04/camera_ws/src/libcamera/src/ipa/rpi/vc4/data/imx477_noir.json to /home/seeno04/camera_ws/install/libcamera/share/libcamera/ipa/rpi/vc4
Installing /home/seeno04/camera_ws/src/libcamera/src/ipa/rpi/vc4/data/imx477_scientific.json to /home/seeno04/camera_ws/install/libcamera/share/libcamera/ipa/rpi/vc4
Installing /home/seeno04/camera_ws/src/libcamera/src/ipa/rpi/vc4/data/imx500.json to /home/seeno04/camera_ws/install/libcamera/share/libcamera/ipa/rpi/vc4
Installing /home/seeno04/camera_ws/src/libcamera/src/ipa/rpi/vc4/data/imx519.json to /home/seeno04/camera_ws/install/libcamera/share/libcamera/ipa/rpi/vc4
Installing /home/seeno04/camera_ws/src/libcamera/src/ipa/rpi/vc4/data/imx708.json to /home/seeno04/camera_ws/install/libcamera/share/libcamera/ipa/rpi/vc4
Installing /home/seeno04/camera_ws/src/libcamera/src/ipa/rpi/vc4/data/imx708_noir.json to /home/seeno04/camera_ws/install/libcamera/share/libcamera/ipa/rpi/vc4
Installing /home/seeno04/camera_ws/src/libcamera/src/ipa/rpi/vc4/data/imx708_wide.json to /home/seeno04/camera_ws/install/libcamera/share/libcamera/ipa/rpi/vc4
Installing /home/seeno04/camera_ws/src/libcamera/src/ipa/rpi/vc4/data/imx708_wide_noir.json to /home/seeno04/camera_ws/install/libcamera/share/libcamera/ipa/rpi/vc4
Installing /home/seeno04/camera_ws/src/libcamera/src/ipa/rpi/vc4/data/ov5647.json to /home/seeno04/camera_ws/install/libcamera/share/libcamera/ipa/rpi/vc4
Installing /home/seeno04/camera_ws/src/libcamera/src/ipa/rpi/vc4/data/ov5647_noir.json to /home/seeno04/camera_ws/install/libcamera/share/libcamera/ipa/rpi/vc4
Installing /home/seeno04/camera_ws/src/libcamera/src/ipa/rpi/vc4/data/ov64a40.json to /home/seeno04/camera_ws/install/libcamera/share/libcamera/ipa/rpi/vc4
Installing /home/seeno04/camera_ws/src/libcamera/src/ipa/rpi/vc4/data/ov7251_mono.json to /home/seeno04/camera_ws/install/libcamera/share/libcamera/ipa/rpi/vc4
Installing /home/seeno04/camera_ws/src/libcamera/src/ipa/rpi/vc4/data/ov9281_mono.json to /home/seeno04/camera_ws/install/libcamera/share/libcamera/ipa/rpi/vc4
Installing /home/seeno04/camera_ws/src/libcamera/src/ipa/rpi/vc4/data/se327m12.json to /home/seeno04/camera_ws/install/libcamera/share/libcamera/ipa/rpi/vc4
Installing /home/seeno04/camera_ws/src/libcamera/src/ipa/rpi/vc4/data/uncalibrated.json to /home/seeno04/camera_ws/install/libcamera/share/libcamera/ipa/rpi/vc4
Installing /home/seeno04/camera_ws/src/libcamera/src/ipa/rpi/vc4/data/vd55g1.json to /home/seeno04/camera_ws/install/libcamera/share/libcamera/ipa/rpi/vc4
Installing /home/seeno04/camera_ws/src/libcamera/src/ipa/rpi/vc4/data/vd55g1_mono.json to /home/seeno04/camera_ws/install/libcamera/share/libcamera/ipa/rpi/vc4
Installing /home/seeno04/camera_ws/src/libcamera/src/ipa/rpi/vc4/data/vd56g3.json to /home/seeno04/camera_ws/install/libcamera/share/libcamera/ipa/rpi/vc4
Installing /home/seeno04/camera_ws/src/libcamera/src/ipa/rpi/vc4/data/vd56g3_mono.json to /home/seeno04/camera_ws/install/libcamera/share/libcamera/ipa/rpi/vc4
Installing /home/seeno04/camera_ws/src/libcamera/src/py/libcamera/__init__.py to /home/seeno04/camera_ws/install/libcamera/lib/python3/dist-packages/libcamera
Installing /home/seeno04/camera_ws/build/libcamera/src/v4l2/libcamerify to /home/seeno04/camera_ws/install/libcamera/bin
Installing symlink pointing to libcamera-base.so.0.7.1 to /home/seeno04/camera_ws/install/libcamera/lib/libcamera-base.so.0.7
Installing symlink pointing to libcamera-base.so.0.7 to /home/seeno04/camera_ws/install/libcamera/lib/libcamera-base.so
Installing symlink pointing to libpisp.so.1.5.0 to /home/seeno04/camera_ws/install/libcamera/lib/libpisp.so.1
Installing symlink pointing to libpisp.so.1 to /home/seeno04/camera_ws/install/libcamera/lib/libpisp.so
Installing symlink pointing to libcamera.so.0.7.1 to /home/seeno04/camera_ws/install/libcamera/lib/libcamera.so.0.7
Installing symlink pointing to libcamera.so.0.7 to /home/seeno04/camera_ws/install/libcamera/lib/libcamera.so
Running custom install script '/home/seeno04/camera_ws/src/libcamera/src/ipa/ipa-sign-install.sh /home/seeno04/camera_ws/build/libcamera/src/ipa-priv-key.pem lib/libcamera/ipa/ipa_rpi_pisp.so lib/libcamera/ipa/ipa_rpi_vc4.so'
Regenerating IPA modules signatures
Running custom install script '/usr/bin/python3 /home/seeno04/camera_ws/build/libcamera/meson-private/pycompile.py python-3.12-installed.json 0'
Compiling '/home/seeno04/camera_ws/install/libcamera/lib/python3/dist-packages/libcamera/__init__.py'...
