[0.016s] Invoking command in '/home/seeno04/camera_ws/build/camera_ros': CMAKE_PREFIX_PATH=${CMAKE_PREFIX_PATH}:/opt/ros/jazzy DEBUGINFOD_URLS=https://debuginfod.ubuntu.com LD_LIBRARY_PATH=/home/seeno04/camera_ws/install/libcamera/lib:${LD_LIBRARY_PATH} PATH=/home/seeno04/camera_ws/install/libcamera/bin:${PATH} PKG_CONFIG_PATH=/home/seeno04/camera_ws/install/libcamera/lib/pkgconfig /usr/bin/cmake /home/seeno04/camera_ws/src/camera_ros -DCMAKE_INSTALL_PREFIX=/home/seeno04/camera_ws/install/camera_ros
[0.117s] -- The C compiler identification is GNU 13.3.0
[0.222s] -- The CXX compiler identification is GNU 13.3.0
[0.257s] -- Detecting C compiler ABI info
[0.427s] -- Detecting C compiler ABI info - done
[0.444s] -- Check for working C compiler: /usr/bin/cc - skipped
[0.444s] -- Detecting C compile features
[0.445s] -- Detecting C compile features - done
[0.464s] -- Detecting CXX compiler ABI info
[0.641s] -- Detecting CXX compiler ABI info - done
[0.661s] -- Check for working CXX compiler: /usr/bin/c++ - skipped
[0.661s] -- Detecting CXX compile features
[0.662s] -- Detecting CXX compile features - done
[0.671s] -- Found ament_cmake: 2.5.6 (/opt/ros/jazzy/share/ament_cmake/cmake)
[0.873s] -- Found Python3: /usr/bin/python3 (found version "3.12.3") found components: Interpreter 
[1.095s] -- Found PkgConfig: /usr/bin/pkg-config (found version "1.8.1") 
[1.101s] -- Found rclcpp: 28.1.21 (/opt/ros/jazzy/share/rclcpp/cmake)
[1.198s] -- Found rosidl_generator_c: 4.6.9 (/opt/ros/jazzy/share/rosidl_generator_c/cmake)
[1.230s] -- Found rosidl_generator_cpp: 4.6.9 (/opt/ros/jazzy/share/rosidl_generator_cpp/cmake)
[1.275s] -- Using all available rosidl_typesupport_c: rosidl_typesupport_fastrtps_c;rosidl_typesupport_introspection_c
[1.318s] -- Using all available rosidl_typesupport_cpp: rosidl_typesupport_fastrtps_cpp;rosidl_typesupport_introspection_cpp
[1.494s] -- Found rmw_implementation_cmake: 7.3.3 (/opt/ros/jazzy/share/rmw_implementation_cmake/cmake)
[1.509s] -- Found rmw_fastrtps_cpp: 8.4.4 (/opt/ros/jazzy/share/rmw_fastrtps_cpp/cmake)
[1.686s] -- Found OpenSSL: /usr/lib/aarch64-linux-gnu/libcrypto.so (found version "3.0.13")  
[1.722s] -- Found FastRTPS: /opt/ros/jazzy/include (Required is at least version "2.13") 
[1.767s] -- Using RMW implementation 'rmw_fastrtps_cpp' as default
[1.964s] -- Found rclcpp_components: 28.1.21 (/opt/ros/jazzy/share/rclcpp_components/cmake)
[2.037s] -- Found sensor_msgs: 5.3.8 (/opt/ros/jazzy/share/sensor_msgs/cmake)
[2.167s] -- Found diagnostic_msgs: 5.3.8 (/opt/ros/jazzy/share/diagnostic_msgs/cmake)
[2.209s] -- Found camera_info_manager: 5.1.8 (/opt/ros/jazzy/share/camera_info_manager/cmake)
[2.231s] -- Setting yaml-cpp_DIR to: '/opt/ros/jazzy/share/yaml_cpp_vendor/cmake/../../../opt/yaml_cpp_vendor/share/cmake/yaml-cpp'
[2.310s] -- Found cv_bridge: 4.1.0 (/opt/ros/jazzy/share/cv_bridge/cmake)
[2.339s] -- Checking for module 'libcamera>=0.1'
[2.373s] --   Found libcamera, version 0.7.1
[2.502s] -- Found ament_lint_auto: 0.17.5 (/opt/ros/jazzy/share/ament_lint_auto/cmake)
[2.719s] -- Added test 'clang_format' to check C / C++ code style
[2.727s] -- Added test 'cppcheck' to perform static code analysis on C / C++ code
[2.727s] -- Configured cppcheck include dirs: 
[2.728s] -- Configured cppcheck exclude dirs and/or files: 
[2.735s] -- Added test 'flake8' to check Python code syntax and style conventions
[2.735s] -- Configured 'flake8' exclude dirs and/or files: 
[2.736s] -- Added test 'lint_cmake' to check CMake code style
[2.737s] -- Added test 'mypy' to statically type check Python code.
[2.739s] -- Added test 'pep257' to check Python code against some of the docstring style conventions in PEP 257
[2.741s] -- Added test 'pyflakes' to perform static code analysis on Python code
[2.743s] -- Added test 'xmllint' to check XML markup files
[2.751s] -- Configuring done (2.7s)
[2.797s] -- Generating done (0.0s)
[2.811s] -- Build files have been written to: /home/seeno04/camera_ws/build/camera_ros
[2.840s] Invoked command in '/home/seeno04/camera_ws/build/camera_ros' returned '0': CMAKE_PREFIX_PATH=${CMAKE_PREFIX_PATH}:/opt/ros/jazzy DEBUGINFOD_URLS=https://debuginfod.ubuntu.com LD_LIBRARY_PATH=/home/seeno04/camera_ws/install/libcamera/lib:${LD_LIBRARY_PATH} PATH=/home/seeno04/camera_ws/install/libcamera/bin:${PATH} PKG_CONFIG_PATH=/home/seeno04/camera_ws/install/libcamera/lib/pkgconfig /usr/bin/cmake /home/seeno04/camera_ws/src/camera_ros -DCMAKE_INSTALL_PREFIX=/home/seeno04/camera_ws/install/camera_ros
[2.842s] Invoking command in '/home/seeno04/camera_ws/build/camera_ros': CMAKE_PREFIX_PATH=${CMAKE_PREFIX_PATH}:/opt/ros/jazzy DEBUGINFOD_URLS=https://debuginfod.ubuntu.com LD_LIBRARY_PATH=/home/seeno04/camera_ws/install/libcamera/lib:${LD_LIBRARY_PATH} PATH=/home/seeno04/camera_ws/install/libcamera/bin:${PATH} PKG_CONFIG_PATH=/home/seeno04/camera_ws/install/libcamera/lib/pkgconfig /usr/bin/cmake --build /home/seeno04/camera_ws/build/camera_ros -- -j4 -l4
[2.937s] [  7%] [32mBuilding CXX object CMakeFiles/utils.dir/src/format_mapping.cpp.o[0m
[6.629s] [ 15%] [32mBuilding CXX object CMakeFiles/utils.dir/src/pretty_print.cpp.o[0m
[8.004s] [ 15%] Built target utils
[8.047s] [ 23%] [32mBuilding CXX object CMakeFiles/camera_node.dir/rclcpp_components/node_main_camera_node.cpp.o[0m
[15.226s] [ 30%] [32m[1mLinking CXX executable camera_node[0m
[15.646s] [ 30%] Built target camera_node
[15.686s] [ 38%] [32mBuilding CXX object CMakeFiles/param.dir/src/clamp.cpp.o[0m
[17.608s] [ 46%] [32mBuilding CXX object CMakeFiles/param.dir/src/types.cpp.o[0m
[18.708s] [ 53%] [32mBuilding CXX object CMakeFiles/param.dir/src/type_extent.cpp.o[0m
[19.754s] [ 61%] [32mBuilding CXX object CMakeFiles/param.dir/src/ParameterHandler.cpp.o[0m
[25.848s] [ 76%] [32mBuilding CXX object CMakeFiles/param.dir/src/pv_to_cv.cpp.o[0m
[25.848s] [ 76%] [32mBuilding CXX object CMakeFiles/param.dir/src/ParameterConflictHandler.cpp.o[0m
[27.823s] [ 84%] [32mBuilding CXX object CMakeFiles/param.dir/src/cv_to_pv.cpp.o[0m
[30.014s] [ 84%] Built target param
[30.059s] [ 92%] [32mBuilding CXX object CMakeFiles/camera_component.dir/src/CameraNode.cpp.o[0m
[48.183s] [100%] [32m[1mLinking CXX shared library libcamera_component.so[0m
[49.966s] [100%] Built target camera_component
[49.990s] Invoked command in '/home/seeno04/camera_ws/build/camera_ros' returned '0': CMAKE_PREFIX_PATH=${CMAKE_PREFIX_PATH}:/opt/ros/jazzy DEBUGINFOD_URLS=https://debuginfod.ubuntu.com LD_LIBRARY_PATH=/home/seeno04/camera_ws/install/libcamera/lib:${LD_LIBRARY_PATH} PATH=/home/seeno04/camera_ws/install/libcamera/bin:${PATH} PKG_CONFIG_PATH=/home/seeno04/camera_ws/install/libcamera/lib/pkgconfig /usr/bin/cmake --build /home/seeno04/camera_ws/build/camera_ros -- -j4 -l4
[50.009s] Invoking command in '/home/seeno04/camera_ws/build/camera_ros': CMAKE_PREFIX_PATH=${CMAKE_PREFIX_PATH}:/opt/ros/jazzy DEBUGINFOD_URLS=https://debuginfod.ubuntu.com LD_LIBRARY_PATH=/home/seeno04/camera_ws/install/libcamera/lib:${LD_LIBRARY_PATH} PATH=/home/seeno04/camera_ws/install/libcamera/bin:${PATH} PKG_CONFIG_PATH=/home/seeno04/camera_ws/install/libcamera/lib/pkgconfig /usr/bin/cmake --install /home/seeno04/camera_ws/build/camera_ros
[50.024s] -- Install configuration: ""
[50.024s] -- Installing: /home/seeno04/camera_ws/install/camera_ros/lib/camera_ros/camera_node
[50.026s] -- Set non-toolchain portion of runtime path of "/home/seeno04/camera_ws/install/camera_ros/lib/camera_ros/camera_node" to ""
[50.026s] -- Installing: /home/seeno04/camera_ws/install/camera_ros/share/camera_ros/environment/library_path.sh
[50.026s] -- Installing: /home/seeno04/camera_ws/install/camera_ros/share/camera_ros/environment/library_path.dsv
[50.027s] -- Installing: /home/seeno04/camera_ws/install/camera_ros/lib/libcamera_component.so
[50.042s] -- Set non-toolchain portion of runtime path of "/home/seeno04/camera_ws/install/camera_ros/lib/libcamera_component.so" to ""
[50.043s] -- Installing: /home/seeno04/camera_ws/install/camera_ros/share/camera_ros//launch
[50.043s] -- Installing: /home/seeno04/camera_ws/install/camera_ros/share/camera_ros//launch/camera.launch.py
[50.043s] -- Installing: /home/seeno04/camera_ws/install/camera_ros/share/ament_index/resource_index/package_run_dependencies/camera_ros
[50.043s] -- Installing: /home/seeno04/camera_ws/install/camera_ros/share/ament_index/resource_index/parent_prefix_path/camera_ros
[50.043s] -- Installing: /home/seeno04/camera_ws/install/camera_ros/share/camera_ros/environment/ament_prefix_path.sh
[50.043s] -- Installing: /home/seeno04/camera_ws/install/camera_ros/share/camera_ros/environment/ament_prefix_path.dsv
[50.044s] -- Installing: /home/seeno04/camera_ws/install/camera_ros/share/camera_ros/environment/path.sh
[50.044s] -- Installing: /home/seeno04/camera_ws/install/camera_ros/share/camera_ros/environment/path.dsv
[50.044s] -- Installing: /home/seeno04/camera_ws/install/camera_ros/share/camera_ros/local_setup.bash
[50.044s] -- Installing: /home/seeno04/camera_ws/install/camera_ros/share/camera_ros/local_setup.sh
[50.044s] -- Installing: /home/seeno04/camera_ws/install/camera_ros/share/camera_ros/local_setup.zsh
[50.044s] -- Installing: /home/seeno04/camera_ws/install/camera_ros/share/camera_ros/local_setup.dsv
[50.045s] -- Installing: /home/seeno04/camera_ws/install/camera_ros/share/camera_ros/package.dsv
[50.045s] -- Installing: /home/seeno04/camera_ws/install/camera_ros/share/ament_index/resource_index/packages/camera_ros
[50.045s] -- Installing: /home/seeno04/camera_ws/install/camera_ros/share/ament_index/resource_index/rclcpp_components/camera_ros
[50.045s] -- Installing: /home/seeno04/camera_ws/install/camera_ros/share/camera_ros/cmake/camera_componentTargetsExport.cmake
[50.045s] -- Installing: /home/seeno04/camera_ws/install/camera_ros/share/camera_ros/cmake/camera_componentTargetsExport-noconfig.cmake
[50.046s] -- Installing: /home/seeno04/camera_ws/install/camera_ros/share/camera_ros/cmake/ament_cmake_export_targets-extras.cmake
[50.046s] -- Installing: /home/seeno04/camera_ws/install/camera_ros/share/camera_ros/cmake/ament_cmake_export_dependencies-extras.cmake
[50.046s] -- Installing: /home/seeno04/camera_ws/install/camera_ros/share/camera_ros/cmake/camera_rosConfig.cmake
[50.046s] -- Installing: /home/seeno04/camera_ws/install/camera_ros/share/camera_ros/cmake/camera_rosConfig-version.cmake
[50.046s] -- Installing: /home/seeno04/camera_ws/install/camera_ros/share/camera_ros/package.xml
[50.050s] Invoked command in '/home/seeno04/camera_ws/build/camera_ros' returned '0': CMAKE_PREFIX_PATH=${CMAKE_PREFIX_PATH}:/opt/ros/jazzy DEBUGINFOD_URLS=https://debuginfod.ubuntu.com LD_LIBRARY_PATH=/home/seeno04/camera_ws/install/libcamera/lib:${LD_LIBRARY_PATH} PATH=/home/seeno04/camera_ws/install/libcamera/bin:${PATH} PKG_CONFIG_PATH=/home/seeno04/camera_ws/install/libcamera/lib/pkgconfig /usr/bin/cmake --install /home/seeno04/camera_ws/build/camera_ros
