running develop
running egg_info
creating inno_camera_tools.egg-info
writing inno_camera_tools.egg-info/PKG-INFO
writing dependency_links to inno_camera_tools.egg-info/dependency_links.txt
writing requirements to inno_camera_tools.egg-info/requires.txt
writing top-level names to inno_camera_tools.egg-info/top_level.txt
writing manifest file 'inno_camera_tools.egg-info/SOURCES.txt'
reading manifest file 'inno_camera_tools.egg-info/SOURCES.txt'
writing manifest file 'inno_camera_tools.egg-info/SOURCES.txt'
running build_ext
Creating /home/seeno04/inno_jazzy_ws/install/inno_camera_tools/lib/python3.12/site-packages/inno-camera-tools.egg-link (link to .)

Installed /home/seeno04/inno_jazzy_ws/build/inno_camera_tools
running symlink_data
creating /home/seeno04/inno_jazzy_ws/install/inno_camera_tools/share
creating /home/seeno04/inno_jazzy_ws/install/inno_camera_tools/share/ament_index
creating /home/seeno04/inno_jazzy_ws/install/inno_camera_tools/share/ament_index/resource_index
creating /home/seeno04/inno_jazzy_ws/install/inno_camera_tools/share/ament_index/resource_index/packages
symbolically linking /home/seeno04/inno_jazzy_ws/build/inno_camera_tools/resource/inno_camera_tools -> /home/seeno04/inno_jazzy_ws/install/inno_camera_tools/share/ament_index/resource_index/packages
creating /home/seeno04/inno_jazzy_ws/install/inno_camera_tools/share/inno_camera_tools
symbolically linking /home/seeno04/inno_jazzy_ws/build/inno_camera_tools/package.xml -> /home/seeno04/inno_jazzy_ws/install/inno_camera_tools/share/inno_camera_tools
creating /home/seeno04/inno_jazzy_ws/install/inno_camera_tools/share/inno_camera_tools/launch
symbolically linking /home/seeno04/inno_jazzy_ws/build/inno_camera_tools/launch/camera_module_3.launch.py -> /home/seeno04/inno_jazzy_ws/install/inno_camera_tools/share/inno_camera_tools/launch
creating /home/seeno04/inno_jazzy_ws/install/inno_camera_tools/share/inno_camera_tools/config
symbolically linking /home/seeno04/inno_jazzy_ws/build/inno_camera_tools/config/camera_module_3.yaml -> /home/seeno04/inno_jazzy_ws/install/inno_camera_tools/share/inno_camera_tools/config
