[3.064s] Invoking command in '/home/seeno04/inno_jazzy_ws/build/inno_camera_tools': DEBUGINFOD_URLS=https://debuginfod.ubuntu.com PYTHONPATH=/home/seeno04/inno_jazzy_ws/build/inno_camera_tools/prefix_override:/usr/lib/python3/dist-packages/colcon_core/task/python/colcon_distutils_commands:/home/seeno04/inno_jazzy_ws/install/inno_camera_tools/lib/python3.12/site-packages:${PYTHONPATH} /usr/bin/python3 -W ignore:setup.py install is deprecated -W ignore:easy_install command is deprecated setup.py develop --editable --build-directory /home/seeno04/inno_jazzy_ws/build/inno_camera_tools/build --no-deps symlink_data
[3.672s] running develop
[3.967s] running egg_info
[3.968s] creating inno_camera_tools.egg-info
[3.998s] writing inno_camera_tools.egg-info/PKG-INFO
[4.000s] writing dependency_links to inno_camera_tools.egg-info/dependency_links.txt
[4.000s] writing requirements to inno_camera_tools.egg-info/requires.txt
[4.000s] writing top-level names to inno_camera_tools.egg-info/top_level.txt
[4.000s] writing manifest file 'inno_camera_tools.egg-info/SOURCES.txt'
[4.052s] reading manifest file 'inno_camera_tools.egg-info/SOURCES.txt'
[4.053s] writing manifest file 'inno_camera_tools.egg-info/SOURCES.txt'
[4.081s] running build_ext
[4.081s] Creating /home/seeno04/inno_jazzy_ws/install/inno_camera_tools/lib/python3.12/site-packages/inno-camera-tools.egg-link (link to .)
[4.083s] 
[4.083s] Installed /home/seeno04/inno_jazzy_ws/build/inno_camera_tools
[4.083s] running symlink_data
[4.083s] creating /home/seeno04/inno_jazzy_ws/install/inno_camera_tools/share
[4.083s] creating /home/seeno04/inno_jazzy_ws/install/inno_camera_tools/share/ament_index
[4.083s] creating /home/seeno04/inno_jazzy_ws/install/inno_camera_tools/share/ament_index/resource_index
[4.085s] creating /home/seeno04/inno_jazzy_ws/install/inno_camera_tools/share/ament_index/resource_index/packages
[4.085s] symbolically linking /home/seeno04/inno_jazzy_ws/build/inno_camera_tools/resource/inno_camera_tools -> /home/seeno04/inno_jazzy_ws/install/inno_camera_tools/share/ament_index/resource_index/packages
[4.086s] creating /home/seeno04/inno_jazzy_ws/install/inno_camera_tools/share/inno_camera_tools
[4.086s] symbolically linking /home/seeno04/inno_jazzy_ws/build/inno_camera_tools/package.xml -> /home/seeno04/inno_jazzy_ws/install/inno_camera_tools/share/inno_camera_tools
[4.086s] creating /home/seeno04/inno_jazzy_ws/install/inno_camera_tools/share/inno_camera_tools/launch
[4.086s] symbolically linking /home/seeno04/inno_jazzy_ws/build/inno_camera_tools/launch/camera_module_3.launch.py -> /home/seeno04/inno_jazzy_ws/install/inno_camera_tools/share/inno_camera_tools/launch
[4.086s] creating /home/seeno04/inno_jazzy_ws/install/inno_camera_tools/share/inno_camera_tools/config
[4.086s] symbolically linking /home/seeno04/inno_jazzy_ws/build/inno_camera_tools/config/camera_module_3.yaml -> /home/seeno04/inno_jazzy_ws/install/inno_camera_tools/share/inno_camera_tools/config
[4.261s] Invoked command in '/home/seeno04/inno_jazzy_ws/build/inno_camera_tools' returned '0': DEBUGINFOD_URLS=https://debuginfod.ubuntu.com PYTHONPATH=/home/seeno04/inno_jazzy_ws/build/inno_camera_tools/prefix_override:/usr/lib/python3/dist-packages/colcon_core/task/python/colcon_distutils_commands:/home/seeno04/inno_jazzy_ws/install/inno_camera_tools/lib/python3.12/site-packages:${PYTHONPATH} /usr/bin/python3 -W ignore:setup.py install is deprecated -W ignore:easy_install command is deprecated setup.py develop --editable --build-directory /home/seeno04/inno_jazzy_ws/build/inno_camera_tools/build --no-deps symlink_data
