running develop
running egg_info
creating inno_robot_bringup.egg-info
writing inno_robot_bringup.egg-info/PKG-INFO
writing dependency_links to inno_robot_bringup.egg-info/dependency_links.txt
writing requirements to inno_robot_bringup.egg-info/requires.txt
writing top-level names to inno_robot_bringup.egg-info/top_level.txt
writing manifest file 'inno_robot_bringup.egg-info/SOURCES.txt'
reading manifest file 'inno_robot_bringup.egg-info/SOURCES.txt'
writing manifest file 'inno_robot_bringup.egg-info/SOURCES.txt'
running build_ext
Creating /home/seeno04/inno_jazzy_ws/install/inno_robot_bringup/lib/python3.12/site-packages/inno-robot-bringup.egg-link (link to .)

Installed /home/seeno04/inno_jazzy_ws/build/inno_robot_bringup
running symlink_data
creating /home/seeno04/inno_jazzy_ws/install/inno_robot_bringup/share
creating /home/seeno04/inno_jazzy_ws/install/inno_robot_bringup/share/ament_index
creating /home/seeno04/inno_jazzy_ws/install/inno_robot_bringup/share/ament_index/resource_index
creating /home/seeno04/inno_jazzy_ws/install/inno_robot_bringup/share/ament_index/resource_index/packages
symbolically linking /home/seeno04/inno_jazzy_ws/build/inno_robot_bringup/resource/inno_robot_bringup -> /home/seeno04/inno_jazzy_ws/install/inno_robot_bringup/share/ament_index/resource_index/packages
creating /home/seeno04/inno_jazzy_ws/install/inno_robot_bringup/share/inno_robot_bringup
symbolically linking /home/seeno04/inno_jazzy_ws/build/inno_robot_bringup/package.xml -> /home/seeno04/inno_jazzy_ws/install/inno_robot_bringup/share/inno_robot_bringup
creating /home/seeno04/inno_jazzy_ws/install/inno_robot_bringup/share/inno_robot_bringup/launch
symbolically linking /home/seeno04/inno_jazzy_ws/build/inno_robot_bringup/launch/sensors.launch.py -> /home/seeno04/inno_jazzy_ws/install/inno_robot_bringup/share/inno_robot_bringup/launch
creating /home/seeno04/inno_jazzy_ws/install/inno_robot_bringup/share/inno_robot_bringup/config
symbolically linking /home/seeno04/inno_jazzy_ws/build/inno_robot_bringup/config/sensors.yaml -> /home/seeno04/inno_jazzy_ws/install/inno_robot_bringup/share/inno_robot_bringup/config
creating /home/seeno04/inno_jazzy_ws/install/inno_robot_bringup/share/inno_robot_bringup/rviz
