[3.074s] Invoking command in '/home/seeno04/inno_jazzy_ws/build/inno_robot_bringup': DEBUGINFOD_URLS=https://debuginfod.ubuntu.com PYTHONPATH=/home/seeno04/inno_jazzy_ws/build/inno_robot_bringup/prefix_override:/usr/lib/python3/dist-packages/colcon_core/task/python/colcon_distutils_commands:/home/seeno04/inno_jazzy_ws/install/inno_robot_bringup/lib/python3.12/site-packages:${PYTHONPATH} /usr/bin/python3 -W ignore:setup.py install is deprecated -W ignore:easy_install command is deprecated setup.py develop --editable --build-directory /home/seeno04/inno_jazzy_ws/build/inno_robot_bringup/build --no-deps symlink_data
[3.686s] running develop
[3.973s] running egg_info
[3.973s] creating inno_robot_bringup.egg-info
[4.009s] writing inno_robot_bringup.egg-info/PKG-INFO
[4.009s] writing dependency_links to inno_robot_bringup.egg-info/dependency_links.txt
[4.011s] writing requirements to inno_robot_bringup.egg-info/requires.txt
[4.011s] writing top-level names to inno_robot_bringup.egg-info/top_level.txt
[4.011s] writing manifest file 'inno_robot_bringup.egg-info/SOURCES.txt'
[4.060s] reading manifest file 'inno_robot_bringup.egg-info/SOURCES.txt'
[4.060s] writing manifest file 'inno_robot_bringup.egg-info/SOURCES.txt'
[4.106s] running build_ext
[4.109s] Creating /home/seeno04/inno_jazzy_ws/install/inno_robot_bringup/lib/python3.12/site-packages/inno-robot-bringup.egg-link (link to .)
[4.110s] 
[4.110s] Installed /home/seeno04/inno_jazzy_ws/build/inno_robot_bringup
[4.110s] running symlink_data
[4.114s] creating /home/seeno04/inno_jazzy_ws/install/inno_robot_bringup/share
[4.114s] creating /home/seeno04/inno_jazzy_ws/install/inno_robot_bringup/share/ament_index
[4.115s] creating /home/seeno04/inno_jazzy_ws/install/inno_robot_bringup/share/ament_index/resource_index
[4.115s] creating /home/seeno04/inno_jazzy_ws/install/inno_robot_bringup/share/ament_index/resource_index/packages
[4.115s] symbolically linking /home/seeno04/inno_jazzy_ws/build/inno_robot_bringup/resource/inno_robot_bringup -> /home/seeno04/inno_jazzy_ws/install/inno_robot_bringup/share/ament_index/resource_index/packages
[4.115s] creating /home/seeno04/inno_jazzy_ws/install/inno_robot_bringup/share/inno_robot_bringup
[4.115s] symbolically linking /home/seeno04/inno_jazzy_ws/build/inno_robot_bringup/package.xml -> /home/seeno04/inno_jazzy_ws/install/inno_robot_bringup/share/inno_robot_bringup
[4.115s] creating /home/seeno04/inno_jazzy_ws/install/inno_robot_bringup/share/inno_robot_bringup/launch
[4.115s] symbolically linking /home/seeno04/inno_jazzy_ws/build/inno_robot_bringup/launch/sensors.launch.py -> /home/seeno04/inno_jazzy_ws/install/inno_robot_bringup/share/inno_robot_bringup/launch
[4.116s] creating /home/seeno04/inno_jazzy_ws/install/inno_robot_bringup/share/inno_robot_bringup/config
[4.116s] symbolically linking /home/seeno04/inno_jazzy_ws/build/inno_robot_bringup/config/sensors.yaml -> /home/seeno04/inno_jazzy_ws/install/inno_robot_bringup/share/inno_robot_bringup/config
[4.116s] creating /home/seeno04/inno_jazzy_ws/install/inno_robot_bringup/share/inno_robot_bringup/rviz
[4.298s] Invoked command in '/home/seeno04/inno_jazzy_ws/build/inno_robot_bringup' returned '0': DEBUGINFOD_URLS=https://debuginfod.ubuntu.com PYTHONPATH=/home/seeno04/inno_jazzy_ws/build/inno_robot_bringup/prefix_override:/usr/lib/python3/dist-packages/colcon_core/task/python/colcon_distutils_commands:/home/seeno04/inno_jazzy_ws/install/inno_robot_bringup/lib/python3.12/site-packages:${PYTHONPATH} /usr/bin/python3 -W ignore:setup.py install is deprecated -W ignore:easy_install command is deprecated setup.py develop --editable --build-directory /home/seeno04/inno_jazzy_ws/build/inno_robot_bringup/build --no-deps symlink_data
