[0.225s] DEBUG:colcon:Command line arguments: ['/usr/bin/colcon', 'build', '--symlink-install', '--cmake-args', '-DCMAKE_EXPORT_COMPILE_COMMANDS=ON']
[0.225s] DEBUG:colcon:Parsed command line arguments: Namespace(log_base=None, log_level=None, verb_name='build', build_base='build', install_base='install', merge_install=False, symlink_install=True, test_result_base=None, continue_on_error=False, executor='parallel', parallel_workers=4, event_handlers=None, ignore_user_meta=False, metas=['./colcon.meta'], base_paths=['.'], packages_ignore=None, packages_ignore_regex=None, paths=None, packages_up_to=None, packages_up_to_regex=None, packages_above=None, packages_above_and_dependencies=None, packages_above_depth=None, packages_select_by_dep=None, packages_skip_by_dep=None, packages_skip_up_to=None, packages_select_build_failed=False, packages_skip_build_finished=False, packages_select_test_failures=False, packages_skip_test_passed=False, packages_select=None, packages_skip=None, packages_select_regex=None, packages_skip_regex=None, packages_start=None, packages_end=None, allow_overriding=[], cmake_args=['-DCMAKE_EXPORT_COMPILE_COMMANDS=ON'], cmake_target=None, cmake_target_skip_unavailable=False, cmake_clean_cache=False, cmake_clean_first=False, cmake_force_configure=False, ament_cmake_args=None, catkin_cmake_args=None, catkin_skip_building_tests=False, mixin_files=None, mixin=None, verb_parser=<colcon_mixin.mixin.mixin_argument.MixinArgumentDecorator object at 0xffffa1c2eab0>, verb_extension=<colcon_core.verb.build.BuildVerb object at 0xffffa1de3590>, main=<bound method BuildVerb.main of <colcon_core.verb.build.BuildVerb object at 0xffffa1de3590>>, mixin_verb=('build',))
[0.312s] Level 1:colcon.colcon_core.package_discovery:discover_packages(colcon_meta) check parameters
[0.312s] Level 1:colcon.colcon_core.package_discovery:discover_packages(recursive) check parameters
[0.312s] Level 1:colcon.colcon_core.package_discovery:discover_packages(ignore) check parameters
[0.312s] Level 1:colcon.colcon_core.package_discovery:discover_packages(path) check parameters
[0.312s] Level 1:colcon.colcon_core.package_discovery:discover_packages(colcon_meta) discover
[0.312s] Level 1:colcon.colcon_core.package_discovery:discover_packages(recursive) discover
[0.312s] INFO:colcon.colcon_core.package_discovery:Crawling recursively for packages in '/home/seeno04/inno_jazzy_ws'
[0.313s] Level 1:colcon.colcon_core.package_identification:_identify(.) by extensions ['ignore', 'ignore_ament_install']
[0.313s] Level 1:colcon.colcon_core.package_identification:_identify(.) by extension 'ignore'
[0.313s] Level 1:colcon.colcon_core.package_identification:_identify(.) by extension 'ignore_ament_install'
[0.313s] Level 1:colcon.colcon_core.package_identification:_identify(.) by extensions ['colcon_pkg']
[0.313s] Level 1:colcon.colcon_core.package_identification:_identify(.) by extension 'colcon_pkg'
[0.313s] Level 1:colcon.colcon_core.package_identification:_identify(.) by extensions ['colcon_meta']
[0.313s] Level 1:colcon.colcon_core.package_identification:_identify(.) by extension 'colcon_meta'
[0.313s] Level 1:colcon.colcon_core.package_identification:_identify(.) by extensions ['ros']
[0.313s] Level 1:colcon.colcon_core.package_identification:_identify(.) by extension 'ros'
[0.364s] Level 1:colcon.colcon_core.package_identification:_identify(.) by extensions ['cmake', 'python']
[0.364s] Level 1:colcon.colcon_core.package_identification:_identify(.) by extension 'cmake'
[0.365s] Level 1:colcon.colcon_core.package_identification:_identify(.) by extension 'python'
[0.365s] Level 1:colcon.colcon_core.package_identification:_identify(.) by extensions ['python_setup_py']
[0.365s] Level 1:colcon.colcon_core.package_identification:_identify(.) by extension 'python_setup_py'
[0.365s] Level 1:colcon.colcon_core.package_identification:_identify(build) by extensions ['ignore', 'ignore_ament_install']
[0.366s] Level 1:colcon.colcon_core.package_identification:_identify(build) by extension 'ignore'
[0.366s] Level 1:colcon.colcon_core.package_identification:_identify(build) ignored
[0.366s] Level 1:colcon.colcon_core.package_identification:_identify(calibration_results) by extensions ['ignore', 'ignore_ament_install']
[0.367s] Level 1:colcon.colcon_core.package_identification:_identify(calibration_results) by extension 'ignore'
[0.367s] Level 1:colcon.colcon_core.package_identification:_identify(calibration_results) by extension 'ignore_ament_install'
[0.367s] Level 1:colcon.colcon_core.package_identification:_identify(calibration_results) by extensions ['colcon_pkg']
[0.367s] Level 1:colcon.colcon_core.package_identification:_identify(calibration_results) by extension 'colcon_pkg'
[0.367s] Level 1:colcon.colcon_core.package_identification:_identify(calibration_results) by extensions ['colcon_meta']
[0.367s] Level 1:colcon.colcon_core.package_identification:_identify(calibration_results) by extension 'colcon_meta'
[0.367s] Level 1:colcon.colcon_core.package_identification:_identify(calibration_results) by extensions ['ros']
[0.367s] Level 1:colcon.colcon_core.package_identification:_identify(calibration_results) by extension 'ros'
[0.368s] Level 1:colcon.colcon_core.package_identification:_identify(calibration_results) by extensions ['cmake', 'python']
[0.369s] Level 1:colcon.colcon_core.package_identification:_identify(calibration_results) by extension 'cmake'
[0.369s] Level 1:colcon.colcon_core.package_identification:_identify(calibration_results) by extension 'python'
[0.370s] Level 1:colcon.colcon_core.package_identification:_identify(calibration_results) by extensions ['python_setup_py']
[0.370s] Level 1:colcon.colcon_core.package_identification:_identify(calibration_results) by extension 'python_setup_py'
[0.372s] Level 1:colcon.colcon_core.package_identification:_identify(docs) by extensions ['ignore', 'ignore_ament_install']
[0.372s] Level 1:colcon.colcon_core.package_identification:_identify(docs) by extension 'ignore'
[0.372s] Level 1:colcon.colcon_core.package_identification:_identify(docs) by extension 'ignore_ament_install'
[0.372s] Level 1:colcon.colcon_core.package_identification:_identify(docs) by extensions ['colcon_pkg']
[0.372s] Level 1:colcon.colcon_core.package_identification:_identify(docs) by extension 'colcon_pkg'
[0.372s] Level 1:colcon.colcon_core.package_identification:_identify(docs) by extensions ['colcon_meta']
[0.372s] Level 1:colcon.colcon_core.package_identification:_identify(docs) by extension 'colcon_meta'
[0.372s] Level 1:colcon.colcon_core.package_identification:_identify(docs) by extensions ['ros']
[0.372s] Level 1:colcon.colcon_core.package_identification:_identify(docs) by extension 'ros'
[0.372s] Level 1:colcon.colcon_core.package_identification:_identify(docs) by extensions ['cmake', 'python']
[0.372s] Level 1:colcon.colcon_core.package_identification:_identify(docs) by extension 'cmake'
[0.372s] Level 1:colcon.colcon_core.package_identification:_identify(docs) by extension 'python'
[0.373s] Level 1:colcon.colcon_core.package_identification:_identify(docs) by extensions ['python_setup_py']
[0.373s] Level 1:colcon.colcon_core.package_identification:_identify(docs) by extension 'python_setup_py'
[0.373s] Level 1:colcon.colcon_core.package_identification:_identify(install) by extensions ['ignore', 'ignore_ament_install']
[0.373s] Level 1:colcon.colcon_core.package_identification:_identify(install) by extension 'ignore'
[0.373s] Level 1:colcon.colcon_core.package_identification:_identify(install) ignored
[0.373s] Level 1:colcon.colcon_core.package_identification:_identify(log) by extensions ['ignore', 'ignore_ament_install']
[0.373s] Level 1:colcon.colcon_core.package_identification:_identify(log) by extension 'ignore'
[0.373s] Level 1:colcon.colcon_core.package_identification:_identify(log) ignored
[0.373s] Level 1:colcon.colcon_core.package_identification:_identify(reference_humble) by extensions ['ignore', 'ignore_ament_install']
[0.373s] Level 1:colcon.colcon_core.package_identification:_identify(reference_humble) by extension 'ignore'
[0.373s] Level 1:colcon.colcon_core.package_identification:_identify(reference_humble) by extension 'ignore_ament_install'
[0.374s] Level 1:colcon.colcon_core.package_identification:_identify(reference_humble) by extensions ['colcon_pkg']
[0.374s] Level 1:colcon.colcon_core.package_identification:_identify(reference_humble) by extension 'colcon_pkg'
[0.374s] Level 1:colcon.colcon_core.package_identification:_identify(reference_humble) by extensions ['colcon_meta']
[0.374s] Level 1:colcon.colcon_core.package_identification:_identify(reference_humble) by extension 'colcon_meta'
[0.374s] Level 1:colcon.colcon_core.package_identification:_identify(reference_humble) by extensions ['ros']
[0.374s] Level 1:colcon.colcon_core.package_identification:_identify(reference_humble) by extension 'ros'
[0.374s] Level 1:colcon.colcon_core.package_identification:_identify(reference_humble) by extensions ['cmake', 'python']
[0.374s] Level 1:colcon.colcon_core.package_identification:_identify(reference_humble) by extension 'cmake'
[0.374s] Level 1:colcon.colcon_core.package_identification:_identify(reference_humble) by extension 'python'
[0.374s] Level 1:colcon.colcon_core.package_identification:_identify(reference_humble) by extensions ['python_setup_py']
[0.374s] Level 1:colcon.colcon_core.package_identification:_identify(reference_humble) by extension 'python_setup_py'
[0.374s] Level 1:colcon.colcon_core.package_identification:_identify(scripts) by extensions ['ignore', 'ignore_ament_install']
[0.374s] Level 1:colcon.colcon_core.package_identification:_identify(scripts) by extension 'ignore'
[0.374s] Level 1:colcon.colcon_core.package_identification:_identify(scripts) by extension 'ignore_ament_install'
[0.374s] Level 1:colcon.colcon_core.package_identification:_identify(scripts) by extensions ['colcon_pkg']
[0.375s] Level 1:colcon.colcon_core.package_identification:_identify(scripts) by extension 'colcon_pkg'
[0.375s] Level 1:colcon.colcon_core.package_identification:_identify(scripts) by extensions ['colcon_meta']
[0.375s] Level 1:colcon.colcon_core.package_identification:_identify(scripts) by extension 'colcon_meta'
[0.375s] Level 1:colcon.colcon_core.package_identification:_identify(scripts) by extensions ['ros']
[0.375s] Level 1:colcon.colcon_core.package_identification:_identify(scripts) by extension 'ros'
[0.375s] Level 1:colcon.colcon_core.package_identification:_identify(scripts) by extensions ['cmake', 'python']
[0.375s] Level 1:colcon.colcon_core.package_identification:_identify(scripts) by extension 'cmake'
[0.375s] Level 1:colcon.colcon_core.package_identification:_identify(scripts) by extension 'python'
[0.375s] Level 1:colcon.colcon_core.package_identification:_identify(scripts) by extensions ['python_setup_py']
[0.375s] Level 1:colcon.colcon_core.package_identification:_identify(scripts) by extension 'python_setup_py'
[0.375s] Level 1:colcon.colcon_core.package_identification:_identify(src) by extensions ['ignore', 'ignore_ament_install']
[0.375s] Level 1:colcon.colcon_core.package_identification:_identify(src) by extension 'ignore'
[0.375s] Level 1:colcon.colcon_core.package_identification:_identify(src) by extension 'ignore_ament_install'
[0.375s] Level 1:colcon.colcon_core.package_identification:_identify(src) by extensions ['colcon_pkg']
[0.375s] Level 1:colcon.colcon_core.package_identification:_identify(src) by extension 'colcon_pkg'
[0.375s] Level 1:colcon.colcon_core.package_identification:_identify(src) by extensions ['colcon_meta']
[0.375s] Level 1:colcon.colcon_core.package_identification:_identify(src) by extension 'colcon_meta'
[0.376s] Level 1:colcon.colcon_core.package_identification:_identify(src) by extensions ['ros']
[0.376s] Level 1:colcon.colcon_core.package_identification:_identify(src) by extension 'ros'
[0.376s] Level 1:colcon.colcon_core.package_identification:_identify(src) by extensions ['cmake', 'python']
[0.376s] Level 1:colcon.colcon_core.package_identification:_identify(src) by extension 'cmake'
[0.376s] Level 1:colcon.colcon_core.package_identification:_identify(src) by extension 'python'
[0.376s] Level 1:colcon.colcon_core.package_identification:_identify(src) by extensions ['python_setup_py']
[0.376s] Level 1:colcon.colcon_core.package_identification:_identify(src) by extension 'python_setup_py'
[0.376s] Level 1:colcon.colcon_core.package_identification:_identify(src/inno_camera_tools) by extensions ['ignore', 'ignore_ament_install']
[0.376s] Level 1:colcon.colcon_core.package_identification:_identify(src/inno_camera_tools) by extension 'ignore'
[0.376s] Level 1:colcon.colcon_core.package_identification:_identify(src/inno_camera_tools) by extension 'ignore_ament_install'
[0.376s] Level 1:colcon.colcon_core.package_identification:_identify(src/inno_camera_tools) by extensions ['colcon_pkg']
[0.376s] Level 1:colcon.colcon_core.package_identification:_identify(src/inno_camera_tools) by extension 'colcon_pkg'
[0.376s] Level 1:colcon.colcon_core.package_identification:_identify(src/inno_camera_tools) by extensions ['colcon_meta']
[0.376s] Level 1:colcon.colcon_core.package_identification:_identify(src/inno_camera_tools) by extension 'colcon_meta'
[0.377s] Level 1:colcon.colcon_core.package_identification:_identify(src/inno_camera_tools) by extensions ['ros']
[0.377s] Level 1:colcon.colcon_core.package_identification:_identify(src/inno_camera_tools) by extension 'ros'
[0.381s] DEBUG:colcon.colcon_core.package_identification:Package 'src/inno_camera_tools' with type 'ros.ament_python' and name 'inno_camera_tools'
[0.381s] Level 1:colcon.colcon_core.package_identification:_identify(src/inno_robot_bringup) by extensions ['ignore', 'ignore_ament_install']
[0.381s] Level 1:colcon.colcon_core.package_identification:_identify(src/inno_robot_bringup) by extension 'ignore'
[0.381s] Level 1:colcon.colcon_core.package_identification:_identify(src/inno_robot_bringup) by extension 'ignore_ament_install'
[0.382s] Level 1:colcon.colcon_core.package_identification:_identify(src/inno_robot_bringup) by extensions ['colcon_pkg']
[0.382s] Level 1:colcon.colcon_core.package_identification:_identify(src/inno_robot_bringup) by extension 'colcon_pkg'
[0.382s] Level 1:colcon.colcon_core.package_identification:_identify(src/inno_robot_bringup) by extensions ['colcon_meta']
[0.382s] Level 1:colcon.colcon_core.package_identification:_identify(src/inno_robot_bringup) by extension 'colcon_meta'
[0.382s] Level 1:colcon.colcon_core.package_identification:_identify(src/inno_robot_bringup) by extensions ['ros']
[0.382s] Level 1:colcon.colcon_core.package_identification:_identify(src/inno_robot_bringup) by extension 'ros'
[0.383s] DEBUG:colcon.colcon_core.package_identification:Package 'src/inno_robot_bringup' with type 'ros.ament_python' and name 'inno_robot_bringup'
[0.383s] Level 1:colcon.colcon_core.package_identification:_identify(src/rf2o_laser_odometry) by extensions ['ignore', 'ignore_ament_install']
[0.383s] Level 1:colcon.colcon_core.package_identification:_identify(src/rf2o_laser_odometry) by extension 'ignore'
[0.383s] Level 1:colcon.colcon_core.package_identification:_identify(src/rf2o_laser_odometry) by extension 'ignore_ament_install'
[0.383s] Level 1:colcon.colcon_core.package_identification:_identify(src/rf2o_laser_odometry) by extensions ['colcon_pkg']
[0.383s] Level 1:colcon.colcon_core.package_identification:_identify(src/rf2o_laser_odometry) by extension 'colcon_pkg'
[0.383s] Level 1:colcon.colcon_core.package_identification:_identify(src/rf2o_laser_odometry) by extensions ['colcon_meta']
[0.383s] Level 1:colcon.colcon_core.package_identification:_identify(src/rf2o_laser_odometry) by extension 'colcon_meta'
[0.383s] Level 1:colcon.colcon_core.package_identification:_identify(src/rf2o_laser_odometry) by extensions ['ros']
[0.383s] Level 1:colcon.colcon_core.package_identification:_identify(src/rf2o_laser_odometry) by extension 'ros'
[0.384s] DEBUG:colcon.colcon_core.package_identification:Package 'src/rf2o_laser_odometry' with type 'ros.ament_cmake' and name 'rf2o_laser_odometry'
[0.385s] Level 1:colcon.colcon_core.package_identification:_identify(src/sllidar_ros2) by extensions ['ignore', 'ignore_ament_install']
[0.385s] Level 1:colcon.colcon_core.package_identification:_identify(src/sllidar_ros2) by extension 'ignore'
[0.385s] Level 1:colcon.colcon_core.package_identification:_identify(src/sllidar_ros2) by extension 'ignore_ament_install'
[0.385s] Level 1:colcon.colcon_core.package_identification:_identify(src/sllidar_ros2) by extensions ['colcon_pkg']
[0.385s] Level 1:colcon.colcon_core.package_identification:_identify(src/sllidar_ros2) by extension 'colcon_pkg'
[0.385s] Level 1:colcon.colcon_core.package_identification:_identify(src/sllidar_ros2) by extensions ['colcon_meta']
[0.385s] Level 1:colcon.colcon_core.package_identification:_identify(src/sllidar_ros2) by extension 'colcon_meta'
[0.385s] Level 1:colcon.colcon_core.package_identification:_identify(src/sllidar_ros2) by extensions ['ros']
[0.385s] Level 1:colcon.colcon_core.package_identification:_identify(src/sllidar_ros2) by extension 'ros'
[0.386s] DEBUG:colcon.colcon_core.package_identification:Package 'src/sllidar_ros2' with type 'ros.ament_cmake' and name 'sllidar_ros2'
[0.386s] Level 1:colcon.colcon_core.package_discovery:discover_packages(recursive) using defaults
[0.386s] Level 1:colcon.colcon_core.package_discovery:discover_packages(ignore) discover
[0.386s] Level 1:colcon.colcon_core.package_discovery:discover_packages(ignore) using defaults
[0.386s] Level 1:colcon.colcon_core.package_discovery:discover_packages(path) discover
[0.386s] Level 1:colcon.colcon_core.package_discovery:discover_packages(path) using defaults
[0.424s] Level 1:colcon.colcon_core.package_discovery:discover_packages(prefix_path) check parameters
[0.424s] Level 1:colcon.colcon_core.package_discovery:discover_packages(prefix_path) discover
[0.426s] DEBUG:colcon.colcon_installed_package_information.package_discovery:Found 1 installed packages in /home/seeno04/inno_ws/install
[0.428s] DEBUG:colcon.colcon_installed_package_information.package_discovery:Found 229 installed packages in /opt/ros/jazzy
[0.429s] Level 1:colcon.colcon_core.package_discovery:discover_packages(prefix_path) using defaults
[0.496s] Level 5:colcon.colcon_core.verb:set package 'inno_camera_tools' build argument 'cmake_args' from command line to '['-DCMAKE_EXPORT_COMPILE_COMMANDS=ON']'
[0.496s] Level 5:colcon.colcon_core.verb:set package 'inno_camera_tools' build argument 'cmake_target' from command line to 'None'
[0.496s] Level 5:colcon.colcon_core.verb:set package 'inno_camera_tools' build argument 'cmake_target_skip_unavailable' from command line to 'False'
[0.496s] Level 5:colcon.colcon_core.verb:set package 'inno_camera_tools' build argument 'cmake_clean_cache' from command line to 'False'
[0.496s] Level 5:colcon.colcon_core.verb:set package 'inno_camera_tools' build argument 'cmake_clean_first' from command line to 'False'
[0.497s] Level 5:colcon.colcon_core.verb:set package 'inno_camera_tools' build argument 'cmake_force_configure' from command line to 'False'
[0.497s] Level 5:colcon.colcon_core.verb:set package 'inno_camera_tools' build argument 'ament_cmake_args' from command line to 'None'
[0.497s] Level 5:colcon.colcon_core.verb:set package 'inno_camera_tools' build argument 'catkin_cmake_args' from command line to 'None'
[0.497s] Level 5:colcon.colcon_core.verb:set package 'inno_camera_tools' build argument 'catkin_skip_building_tests' from command line to 'False'
[0.497s] DEBUG:colcon.colcon_core.verb:Building package 'inno_camera_tools' with the following arguments: {'ament_cmake_args': None, 'build_base': '/home/seeno04/inno_jazzy_ws/build/inno_camera_tools', 'catkin_cmake_args': None, 'catkin_skip_building_tests': False, 'cmake_args': ['-DCMAKE_EXPORT_COMPILE_COMMANDS=ON'], 'cmake_clean_cache': False, 'cmake_clean_first': False, 'cmake_force_configure': False, 'cmake_target': None, 'cmake_target_skip_unavailable': False, 'install_base': '/home/seeno04/inno_jazzy_ws/install/inno_camera_tools', 'merge_install': False, 'path': '/home/seeno04/inno_jazzy_ws/src/inno_camera_tools', 'symlink_install': True, 'test_result_base': None}
[0.500s] Level 5:colcon.colcon_core.verb:set package 'rf2o_laser_odometry' build argument 'cmake_args' from command line to '['-DCMAKE_EXPORT_COMPILE_COMMANDS=ON']'
[0.500s] Level 5:colcon.colcon_core.verb:set package 'rf2o_laser_odometry' build argument 'cmake_target' from command line to 'None'
[0.500s] Level 5:colcon.colcon_core.verb:set package 'rf2o_laser_odometry' build argument 'cmake_target_skip_unavailable' from command line to 'False'
[0.500s] Level 5:colcon.colcon_core.verb:set package 'rf2o_laser_odometry' build argument 'cmake_clean_cache' from command line to 'False'
[0.500s] Level 5:colcon.colcon_core.verb:set package 'rf2o_laser_odometry' build argument 'cmake_clean_first' from command line to 'False'
[0.501s] Level 5:colcon.colcon_core.verb:set package 'rf2o_laser_odometry' build argument 'cmake_force_configure' from command line to 'False'
[0.501s] Level 5:colcon.colcon_core.verb:set package 'rf2o_laser_odometry' build argument 'ament_cmake_args' from command line to 'None'
[0.501s] Level 5:colcon.colcon_core.verb:set package 'rf2o_laser_odometry' build argument 'catkin_cmake_args' from command line to 'None'
[0.501s] Level 5:colcon.colcon_core.verb:set package 'rf2o_laser_odometry' build argument 'catkin_skip_building_tests' from command line to 'False'
[0.501s] DEBUG:colcon.colcon_core.verb:Building package 'rf2o_laser_odometry' with the following arguments: {'ament_cmake_args': None, 'build_base': '/home/seeno04/inno_jazzy_ws/build/rf2o_laser_odometry', 'catkin_cmake_args': None, 'catkin_skip_building_tests': False, 'cmake_args': ['-DCMAKE_EXPORT_COMPILE_COMMANDS=ON'], 'cmake_clean_cache': False, 'cmake_clean_first': False, 'cmake_force_configure': False, 'cmake_target': None, 'cmake_target_skip_unavailable': False, 'install_base': '/home/seeno04/inno_jazzy_ws/install/rf2o_laser_odometry', 'merge_install': False, 'path': '/home/seeno04/inno_jazzy_ws/src/rf2o_laser_odometry', 'symlink_install': True, 'test_result_base': None}
[0.501s] Level 5:colcon.colcon_core.verb:set package 'sllidar_ros2' build argument 'cmake_args' from command line to '['-DCMAKE_EXPORT_COMPILE_COMMANDS=ON']'
[0.501s] Level 5:colcon.colcon_core.verb:set package 'sllidar_ros2' build argument 'cmake_target' from command line to 'None'
[0.501s] Level 5:colcon.colcon_core.verb:set package 'sllidar_ros2' build argument 'cmake_target_skip_unavailable' from command line to 'False'
[0.501s] Level 5:colcon.colcon_core.verb:set package 'sllidar_ros2' build argument 'cmake_clean_cache' from command line to 'False'
[0.501s] Level 5:colcon.colcon_core.verb:set package 'sllidar_ros2' build argument 'cmake_clean_first' from command line to 'False'
[0.501s] Level 5:colcon.colcon_core.verb:set package 'sllidar_ros2' build argument 'cmake_force_configure' from command line to 'False'
[0.501s] Level 5:colcon.colcon_core.verb:set package 'sllidar_ros2' build argument 'ament_cmake_args' from command line to 'None'
[0.502s] Level 5:colcon.colcon_core.verb:set package 'sllidar_ros2' build argument 'catkin_cmake_args' from command line to 'None'
[0.502s] Level 5:colcon.colcon_core.verb:set package 'sllidar_ros2' build argument 'catkin_skip_building_tests' from command line to 'False'
[0.502s] DEBUG:colcon.colcon_core.verb:Building package 'sllidar_ros2' with the following arguments: {'ament_cmake_args': None, 'build_base': '/home/seeno04/inno_jazzy_ws/build/sllidar_ros2', 'catkin_cmake_args': None, 'catkin_skip_building_tests': False, 'cmake_args': ['-DCMAKE_EXPORT_COMPILE_COMMANDS=ON'], 'cmake_clean_cache': False, 'cmake_clean_first': False, 'cmake_force_configure': False, 'cmake_target': None, 'cmake_target_skip_unavailable': False, 'install_base': '/home/seeno04/inno_jazzy_ws/install/sllidar_ros2', 'merge_install': False, 'path': '/home/seeno04/inno_jazzy_ws/src/sllidar_ros2', 'symlink_install': True, 'test_result_base': None}
[0.502s] Level 5:colcon.colcon_core.verb:set package 'inno_robot_bringup' build argument 'cmake_args' from command line to '['-DCMAKE_EXPORT_COMPILE_COMMANDS=ON']'
[0.502s] Level 5:colcon.colcon_core.verb:set package 'inno_robot_bringup' build argument 'cmake_target' from command line to 'None'
[0.502s] Level 5:colcon.colcon_core.verb:set package 'inno_robot_bringup' build argument 'cmake_target_skip_unavailable' from command line to 'False'
[0.502s] Level 5:colcon.colcon_core.verb:set package 'inno_robot_bringup' build argument 'cmake_clean_cache' from command line to 'False'
[0.502s] Level 5:colcon.colcon_core.verb:set package 'inno_robot_bringup' build argument 'cmake_clean_first' from command line to 'False'
[0.502s] Level 5:colcon.colcon_core.verb:set package 'inno_robot_bringup' build argument 'cmake_force_configure' from command line to 'False'
[0.502s] Level 5:colcon.colcon_core.verb:set package 'inno_robot_bringup' build argument 'ament_cmake_args' from command line to 'None'
[0.502s] Level 5:colcon.colcon_core.verb:set package 'inno_robot_bringup' build argument 'catkin_cmake_args' from command line to 'None'
[0.502s] Level 5:colcon.colcon_core.verb:set package 'inno_robot_bringup' build argument 'catkin_skip_building_tests' from command line to 'False'
[0.502s] DEBUG:colcon.colcon_core.verb:Building package 'inno_robot_bringup' with the following arguments: {'ament_cmake_args': None, 'build_base': '/home/seeno04/inno_jazzy_ws/build/inno_robot_bringup', 'catkin_cmake_args': None, 'catkin_skip_building_tests': False, 'cmake_args': ['-DCMAKE_EXPORT_COMPILE_COMMANDS=ON'], 'cmake_clean_cache': False, 'cmake_clean_first': False, 'cmake_force_configure': False, 'cmake_target': None, 'cmake_target_skip_unavailable': False, 'install_base': '/home/seeno04/inno_jazzy_ws/install/inno_robot_bringup', 'merge_install': False, 'path': '/home/seeno04/inno_jazzy_ws/src/inno_robot_bringup', 'symlink_install': True, 'test_result_base': None}
[0.503s] INFO:colcon.colcon_core.executor:Executing jobs using 'parallel' executor
[0.504s] DEBUG:colcon.colcon_parallel_executor.executor.parallel:run_until_complete
[0.505s] INFO:colcon.colcon_ros.task.ament_python.build:Building ROS package in '/home/seeno04/inno_jazzy_ws/src/inno_camera_tools' with build type 'ament_python'
[0.505s] Level 1:colcon.colcon_core.shell:create_environment_hook('inno_camera_tools', 'ament_prefix_path')
[0.509s] INFO:colcon.colcon_core.plugin_system:Skipping extension 'colcon_core.shell.bat': Not used on non-Windows systems
[0.509s] INFO:colcon.colcon_core.shell:Creating environment hook '/home/seeno04/inno_jazzy_ws/install/inno_camera_tools/share/inno_camera_tools/hook/ament_prefix_path.ps1'
[0.510s] INFO:colcon.colcon_core.shell:Creating environment descriptor '/home/seeno04/inno_jazzy_ws/install/inno_camera_tools/share/inno_camera_tools/hook/ament_prefix_path.dsv'
[0.513s] INFO:colcon.colcon_core.shell:Creating environment hook '/home/seeno04/inno_jazzy_ws/install/inno_camera_tools/share/inno_camera_tools/hook/ament_prefix_path.sh'
[0.516s] INFO:colcon.colcon_core.shell:Skip shell extension 'powershell' for command environment: Not usable outside of PowerShell
[0.516s] DEBUG:colcon.colcon_core.shell:Skip shell extension 'dsv' for command environment
[0.521s] INFO:colcon.colcon_ros.task.ament_cmake.build:Building ROS package in '/home/seeno04/inno_jazzy_ws/src/rf2o_laser_odometry' with build type 'ament_cmake'
[0.522s] INFO:colcon.colcon_cmake.task.cmake.build:Building CMake package in '/home/seeno04/inno_jazzy_ws/src/rf2o_laser_odometry'
[0.522s] INFO:colcon.colcon_core.shell:Skip shell extension 'powershell' for command environment: Not usable outside of PowerShell
[0.522s] DEBUG:colcon.colcon_core.shell:Skip shell extension 'dsv' for command environment
[0.531s] INFO:colcon.colcon_ros.task.ament_cmake.build:Building ROS package in '/home/seeno04/inno_jazzy_ws/src/sllidar_ros2' with build type 'ament_cmake'
[0.531s] INFO:colcon.colcon_cmake.task.cmake.build:Building CMake package in '/home/seeno04/inno_jazzy_ws/src/sllidar_ros2'
[0.532s] INFO:colcon.colcon_core.shell:Skip shell extension 'powershell' for command environment: Not usable outside of PowerShell
[0.532s] DEBUG:colcon.colcon_core.shell:Skip shell extension 'dsv' for command environment
[1.062s] INFO:colcon.colcon_core.task.python.build:Building Python package in '/home/seeno04/inno_jazzy_ws/src/inno_camera_tools'
[1.063s] INFO:colcon.colcon_core.shell:Skip shell extension 'powershell' for command environment: Not usable outside of PowerShell
[1.063s] DEBUG:colcon.colcon_core.shell:Skip shell extension 'dsv' for command environment
[1.075s] DEBUG:colcon.colcon_core.event_handler.log_command:Invoking command in '/home/seeno04/inno_jazzy_ws/build/rf2o_laser_odometry': CMAKE_PREFIX_PATH=${CMAKE_PREFIX_PATH}:/opt/ros/jazzy DEBUGINFOD_URLS=https://debuginfod.ubuntu.com /usr/bin/cmake /home/seeno04/inno_jazzy_ws/src/rf2o_laser_odometry -DCMAKE_EXPORT_COMPILE_COMMANDS=ON -DAMENT_CMAKE_SYMLINK_INSTALL=1 -DCMAKE_INSTALL_PREFIX=/home/seeno04/inno_jazzy_ws/install/rf2o_laser_odometry
[1.084s] DEBUG:colcon.colcon_core.event_handler.log_command:Invoking command in '/home/seeno04/inno_jazzy_ws/build/sllidar_ros2': CMAKE_PREFIX_PATH=${CMAKE_PREFIX_PATH}:/opt/ros/jazzy DEBUGINFOD_URLS=https://debuginfod.ubuntu.com /usr/bin/cmake /home/seeno04/inno_jazzy_ws/src/sllidar_ros2 -DCMAKE_EXPORT_COMPILE_COMMANDS=ON -DAMENT_CMAKE_SYMLINK_INSTALL=1 -DCMAKE_INSTALL_PREFIX=/home/seeno04/inno_jazzy_ws/install/sllidar_ros2
[2.642s] DEBUG:colcon.colcon_core.task.python.build:Available setuptools commands: install_egg_info, init_catalog, rotate, bdist_wheel, compile_catalog, install_lib, install_headers, update_catalog, bdist_egg, alias, install_scripts, sdist, check, editable_wheel, build_scripts, build_py, easy_install, bdist, build_clib, register, clean, build, bdist_dumb, setopt, upload, egg_info, bdist_rpm, build_ext, install, symlink_data, extract_messages, install_data, test, saveopts, upload_docs, dist_info, develop
[2.816s] DEBUG:colcon.colcon_core.event_handler.log_command:Invoked command in '/home/seeno04/inno_jazzy_ws/build/sllidar_ros2' returned '0': CMAKE_PREFIX_PATH=${CMAKE_PREFIX_PATH}:/opt/ros/jazzy DEBUGINFOD_URLS=https://debuginfod.ubuntu.com /usr/bin/cmake /home/seeno04/inno_jazzy_ws/src/sllidar_ros2 -DCMAKE_EXPORT_COMPILE_COMMANDS=ON -DAMENT_CMAKE_SYMLINK_INSTALL=1 -DCMAKE_INSTALL_PREFIX=/home/seeno04/inno_jazzy_ws/install/sllidar_ros2
[2.823s] DEBUG:colcon.colcon_core.event_handler.log_command:Invoking command in '/home/seeno04/inno_jazzy_ws/build/sllidar_ros2': CMAKE_PREFIX_PATH=${CMAKE_PREFIX_PATH}:/opt/ros/jazzy DEBUGINFOD_URLS=https://debuginfod.ubuntu.com /usr/bin/cmake --build /home/seeno04/inno_jazzy_ws/build/sllidar_ros2 -- -j4 -l4
[3.011s] DEBUG:colcon.colcon_core.event_handler.log_command:Invoked command in '/home/seeno04/inno_jazzy_ws/build/rf2o_laser_odometry' returned '0': CMAKE_PREFIX_PATH=${CMAKE_PREFIX_PATH}:/opt/ros/jazzy DEBUGINFOD_URLS=https://debuginfod.ubuntu.com /usr/bin/cmake /home/seeno04/inno_jazzy_ws/src/rf2o_laser_odometry -DCMAKE_EXPORT_COMPILE_COMMANDS=ON -DAMENT_CMAKE_SYMLINK_INSTALL=1 -DCMAKE_INSTALL_PREFIX=/home/seeno04/inno_jazzy_ws/install/rf2o_laser_odometry
[3.014s] DEBUG:colcon.colcon_core.event_handler.log_command:Invoking command in '/home/seeno04/inno_jazzy_ws/build/rf2o_laser_odometry': CMAKE_PREFIX_PATH=${CMAKE_PREFIX_PATH}:/opt/ros/jazzy DEBUGINFOD_URLS=https://debuginfod.ubuntu.com /usr/bin/cmake --build /home/seeno04/inno_jazzy_ws/build/rf2o_laser_odometry -- -j4 -l4
[3.187s] DEBUG:colcon.colcon_core.event_handler.log_command:Invoked command in '/home/seeno04/inno_jazzy_ws/build/sllidar_ros2' returned '0': CMAKE_PREFIX_PATH=${CMAKE_PREFIX_PATH}:/opt/ros/jazzy DEBUGINFOD_URLS=https://debuginfod.ubuntu.com /usr/bin/cmake --build /home/seeno04/inno_jazzy_ws/build/sllidar_ros2 -- -j4 -l4
[3.222s] DEBUG:colcon.colcon_core.event_handler.log_command:Invoking command in '/home/seeno04/inno_jazzy_ws/build/sllidar_ros2': CMAKE_PREFIX_PATH=${CMAKE_PREFIX_PATH}:/opt/ros/jazzy DEBUGINFOD_URLS=https://debuginfod.ubuntu.com /usr/bin/cmake --install /home/seeno04/inno_jazzy_ws/build/sllidar_ros2
[3.282s] DEBUG:colcon.colcon_core.event_handler.log_command:Invoked command in '/home/seeno04/inno_jazzy_ws/build/rf2o_laser_odometry' returned '0': CMAKE_PREFIX_PATH=${CMAKE_PREFIX_PATH}:/opt/ros/jazzy DEBUGINFOD_URLS=https://debuginfod.ubuntu.com /usr/bin/cmake --build /home/seeno04/inno_jazzy_ws/build/rf2o_laser_odometry -- -j4 -l4
[3.286s] DEBUG:colcon.colcon_core.event_handler.log_command:Invoking command in '/home/seeno04/inno_jazzy_ws/build/rf2o_laser_odometry': CMAKE_PREFIX_PATH=${CMAKE_PREFIX_PATH}:/opt/ros/jazzy DEBUGINFOD_URLS=https://debuginfod.ubuntu.com /usr/bin/cmake --install /home/seeno04/inno_jazzy_ws/build/rf2o_laser_odometry
[3.322s] Level 1:colcon.colcon_core.environment:create_environment_scripts_only(sllidar_ros2)
[3.325s] DEBUG:colcon.colcon_core.event_handler.log_command:Invoked command in '/home/seeno04/inno_jazzy_ws/build/sllidar_ros2' returned '0': CMAKE_PREFIX_PATH=${CMAKE_PREFIX_PATH}:/opt/ros/jazzy DEBUGINFOD_URLS=https://debuginfod.ubuntu.com /usr/bin/cmake --install /home/seeno04/inno_jazzy_ws/build/sllidar_ros2
[3.327s] Level 1:colcon.colcon_core.environment:checking '/home/seeno04/inno_jazzy_ws/install/sllidar_ros2' for CMake module files
[3.328s] Level 1:colcon.colcon_core.environment:checking '/home/seeno04/inno_jazzy_ws/install/sllidar_ros2' for CMake config files
[3.328s] Level 1:colcon.colcon_core.shell:create_environment_hook('sllidar_ros2', 'cmake_prefix_path')
[3.329s] INFO:colcon.colcon_core.shell:Creating environment hook '/home/seeno04/inno_jazzy_ws/install/sllidar_ros2/share/sllidar_ros2/hook/cmake_prefix_path.ps1'
[3.330s] INFO:colcon.colcon_core.shell:Creating environment descriptor '/home/seeno04/inno_jazzy_ws/install/sllidar_ros2/share/sllidar_ros2/hook/cmake_prefix_path.dsv'
[3.335s] INFO:colcon.colcon_core.shell:Creating environment hook '/home/seeno04/inno_jazzy_ws/install/sllidar_ros2/share/sllidar_ros2/hook/cmake_prefix_path.sh'
[3.337s] Level 1:colcon.colcon_core.environment:checking '/home/seeno04/inno_jazzy_ws/install/sllidar_ros2/lib'
[3.337s] Level 1:colcon.colcon_core.environment:checking '/home/seeno04/inno_jazzy_ws/install/sllidar_ros2/bin'
[3.337s] Level 1:colcon.colcon_core.environment:checking '/home/seeno04/inno_jazzy_ws/install/sllidar_ros2/lib/pkgconfig/sllidar_ros2.pc'
[3.338s] Level 1:colcon.colcon_core.environment:checking '/home/seeno04/inno_jazzy_ws/install/sllidar_ros2/lib/python3.12/site-packages'
[3.338s] Level 1:colcon.colcon_core.environment:checking '/home/seeno04/inno_jazzy_ws/install/sllidar_ros2/bin'
[3.340s] INFO:colcon.colcon_core.shell:Creating package script '/home/seeno04/inno_jazzy_ws/install/sllidar_ros2/share/sllidar_ros2/package.ps1'
[3.341s] INFO:colcon.colcon_core.shell:Creating package descriptor '/home/seeno04/inno_jazzy_ws/install/sllidar_ros2/share/sllidar_ros2/package.dsv'
[3.342s] INFO:colcon.colcon_core.shell:Creating package script '/home/seeno04/inno_jazzy_ws/install/sllidar_ros2/share/sllidar_ros2/package.sh'
[3.347s] INFO:colcon.colcon_core.shell:Creating package script '/home/seeno04/inno_jazzy_ws/install/sllidar_ros2/share/sllidar_ros2/package.bash'
[3.356s] INFO:colcon.colcon_core.shell:Creating package script '/home/seeno04/inno_jazzy_ws/install/sllidar_ros2/share/sllidar_ros2/package.zsh'
[3.357s] Level 1:colcon.colcon_core.environment:create_file_with_runtime_dependencies(/home/seeno04/inno_jazzy_ws/install/sllidar_ros2/share/colcon-core/packages/sllidar_ros2)
[3.361s] Level 1:colcon.colcon_core.environment:create_environment_scripts_only(sllidar_ros2)
[3.362s] Level 1:colcon.colcon_core.environment:checking '/home/seeno04/inno_jazzy_ws/install/sllidar_ros2' for CMake module files
[3.363s] Level 1:colcon.colcon_core.environment:checking '/home/seeno04/inno_jazzy_ws/install/sllidar_ros2' for CMake config files
[3.363s] Level 1:colcon.colcon_core.shell:create_environment_hook('sllidar_ros2', 'cmake_prefix_path')
[3.367s] INFO:colcon.colcon_core.shell:Creating environment hook '/home/seeno04/inno_jazzy_ws/install/sllidar_ros2/share/sllidar_ros2/hook/cmake_prefix_path.ps1'
[3.367s] INFO:colcon.colcon_core.shell:Creating environment descriptor '/home/seeno04/inno_jazzy_ws/install/sllidar_ros2/share/sllidar_ros2/hook/cmake_prefix_path.dsv'
[3.370s] INFO:colcon.colcon_core.shell:Creating environment hook '/home/seeno04/inno_jazzy_ws/install/sllidar_ros2/share/sllidar_ros2/hook/cmake_prefix_path.sh'
[3.372s] Level 1:colcon.colcon_core.environment:checking '/home/seeno04/inno_jazzy_ws/install/sllidar_ros2/lib'
[3.372s] Level 1:colcon.colcon_core.environment:checking '/home/seeno04/inno_jazzy_ws/install/sllidar_ros2/bin'
[3.372s] Level 1:colcon.colcon_core.environment:checking '/home/seeno04/inno_jazzy_ws/install/sllidar_ros2/lib/pkgconfig/sllidar_ros2.pc'
[3.372s] Level 1:colcon.colcon_core.environment:checking '/home/seeno04/inno_jazzy_ws/install/sllidar_ros2/lib/python3.12/site-packages'
[3.373s] Level 1:colcon.colcon_core.environment:checking '/home/seeno04/inno_jazzy_ws/install/sllidar_ros2/bin'
[3.374s] INFO:colcon.colcon_core.shell:Creating package script '/home/seeno04/inno_jazzy_ws/install/sllidar_ros2/share/sllidar_ros2/package.ps1'
[3.377s] INFO:colcon.colcon_core.shell:Creating package descriptor '/home/seeno04/inno_jazzy_ws/install/sllidar_ros2/share/sllidar_ros2/package.dsv'
[3.381s] INFO:colcon.colcon_core.shell:Creating package script '/home/seeno04/inno_jazzy_ws/install/sllidar_ros2/share/sllidar_ros2/package.sh'
[3.385s] INFO:colcon.colcon_core.shell:Creating package script '/home/seeno04/inno_jazzy_ws/install/sllidar_ros2/share/sllidar_ros2/package.bash'
[3.386s] INFO:colcon.colcon_core.shell:Creating package script '/home/seeno04/inno_jazzy_ws/install/sllidar_ros2/share/sllidar_ros2/package.zsh'
[3.387s] Level 1:colcon.colcon_core.environment:create_file_with_runtime_dependencies(/home/seeno04/inno_jazzy_ws/install/sllidar_ros2/share/colcon-core/packages/sllidar_ros2)
[3.391s] Level 1:colcon.colcon_core.environment:create_environment_scripts_only(rf2o_laser_odometry)
[3.392s] Level 1:colcon.colcon_core.environment:checking '/home/seeno04/inno_jazzy_ws/install/rf2o_laser_odometry' for CMake module files
[3.393s] DEBUG:colcon.colcon_core.event_handler.log_command:Invoked command in '/home/seeno04/inno_jazzy_ws/build/rf2o_laser_odometry' returned '0': CMAKE_PREFIX_PATH=${CMAKE_PREFIX_PATH}:/opt/ros/jazzy DEBUGINFOD_URLS=https://debuginfod.ubuntu.com /usr/bin/cmake --install /home/seeno04/inno_jazzy_ws/build/rf2o_laser_odometry
[3.395s] Level 1:colcon.colcon_core.environment:checking '/home/seeno04/inno_jazzy_ws/install/rf2o_laser_odometry' for CMake config files
[3.396s] Level 1:colcon.colcon_core.shell:create_environment_hook('rf2o_laser_odometry', 'cmake_prefix_path')
[3.397s] INFO:colcon.colcon_core.shell:Creating environment hook '/home/seeno04/inno_jazzy_ws/install/rf2o_laser_odometry/share/rf2o_laser_odometry/hook/cmake_prefix_path.ps1'
[3.402s] INFO:colcon.colcon_core.shell:Creating environment descriptor '/home/seeno04/inno_jazzy_ws/install/rf2o_laser_odometry/share/rf2o_laser_odometry/hook/cmake_prefix_path.dsv'
[3.403s] INFO:colcon.colcon_core.shell:Creating environment hook '/home/seeno04/inno_jazzy_ws/install/rf2o_laser_odometry/share/rf2o_laser_odometry/hook/cmake_prefix_path.sh'
[3.404s] Level 1:colcon.colcon_core.environment:checking '/home/seeno04/inno_jazzy_ws/install/rf2o_laser_odometry/lib'
[3.405s] Level 1:colcon.colcon_core.environment:checking '/home/seeno04/inno_jazzy_ws/install/rf2o_laser_odometry/bin'
[3.405s] Level 1:colcon.colcon_core.environment:checking '/home/seeno04/inno_jazzy_ws/install/rf2o_laser_odometry/lib/pkgconfig/rf2o_laser_odometry.pc'
[3.405s] Level 1:colcon.colcon_core.environment:checking '/home/seeno04/inno_jazzy_ws/install/rf2o_laser_odometry/lib/python3.12/site-packages'
[3.406s] Level 1:colcon.colcon_core.environment:checking '/home/seeno04/inno_jazzy_ws/install/rf2o_laser_odometry/bin'
[3.407s] INFO:colcon.colcon_core.shell:Creating package script '/home/seeno04/inno_jazzy_ws/install/rf2o_laser_odometry/share/rf2o_laser_odometry/package.ps1'
[3.408s] INFO:colcon.colcon_core.shell:Creating package descriptor '/home/seeno04/inno_jazzy_ws/install/rf2o_laser_odometry/share/rf2o_laser_odometry/package.dsv'
[3.409s] INFO:colcon.colcon_core.shell:Creating package script '/home/seeno04/inno_jazzy_ws/install/rf2o_laser_odometry/share/rf2o_laser_odometry/package.sh'
[3.410s] INFO:colcon.colcon_core.shell:Creating package script '/home/seeno04/inno_jazzy_ws/install/rf2o_laser_odometry/share/rf2o_laser_odometry/package.bash'
[3.411s] INFO:colcon.colcon_core.shell:Creating package script '/home/seeno04/inno_jazzy_ws/install/rf2o_laser_odometry/share/rf2o_laser_odometry/package.zsh'
[3.412s] Level 1:colcon.colcon_core.environment:create_file_with_runtime_dependencies(/home/seeno04/inno_jazzy_ws/install/rf2o_laser_odometry/share/colcon-core/packages/rf2o_laser_odometry)
[3.415s] Level 1:colcon.colcon_core.environment:create_environment_scripts_only(rf2o_laser_odometry)
[3.416s] Level 1:colcon.colcon_core.environment:checking '/home/seeno04/inno_jazzy_ws/install/rf2o_laser_odometry' for CMake module files
[3.417s] Level 1:colcon.colcon_core.environment:checking '/home/seeno04/inno_jazzy_ws/install/rf2o_laser_odometry' for CMake config files
[3.417s] Level 1:colcon.colcon_core.shell:create_environment_hook('rf2o_laser_odometry', 'cmake_prefix_path')
[3.417s] INFO:colcon.colcon_core.shell:Creating environment hook '/home/seeno04/inno_jazzy_ws/install/rf2o_laser_odometry/share/rf2o_laser_odometry/hook/cmake_prefix_path.ps1'
[3.418s] INFO:colcon.colcon_core.shell:Creating environment descriptor '/home/seeno04/inno_jazzy_ws/install/rf2o_laser_odometry/share/rf2o_laser_odometry/hook/cmake_prefix_path.dsv'
[3.419s] INFO:colcon.colcon_core.shell:Creating environment hook '/home/seeno04/inno_jazzy_ws/install/rf2o_laser_odometry/share/rf2o_laser_odometry/hook/cmake_prefix_path.sh'
[3.420s] Level 1:colcon.colcon_core.environment:checking '/home/seeno04/inno_jazzy_ws/install/rf2o_laser_odometry/lib'
[3.420s] Level 1:colcon.colcon_core.environment:checking '/home/seeno04/inno_jazzy_ws/install/rf2o_laser_odometry/bin'
[3.421s] Level 1:colcon.colcon_core.environment:checking '/home/seeno04/inno_jazzy_ws/install/rf2o_laser_odometry/lib/pkgconfig/rf2o_laser_odometry.pc'
[3.421s] Level 1:colcon.colcon_core.environment:checking '/home/seeno04/inno_jazzy_ws/install/rf2o_laser_odometry/lib/python3.12/site-packages'
[3.422s] Level 1:colcon.colcon_core.environment:checking '/home/seeno04/inno_jazzy_ws/install/rf2o_laser_odometry/bin'
[3.422s] INFO:colcon.colcon_core.shell:Creating package script '/home/seeno04/inno_jazzy_ws/install/rf2o_laser_odometry/share/rf2o_laser_odometry/package.ps1'
[3.424s] INFO:colcon.colcon_core.shell:Creating package descriptor '/home/seeno04/inno_jazzy_ws/install/rf2o_laser_odometry/share/rf2o_laser_odometry/package.dsv'
[3.425s] INFO:colcon.colcon_core.shell:Creating package script '/home/seeno04/inno_jazzy_ws/install/rf2o_laser_odometry/share/rf2o_laser_odometry/package.sh'
[3.426s] INFO:colcon.colcon_core.shell:Creating package script '/home/seeno04/inno_jazzy_ws/install/rf2o_laser_odometry/share/rf2o_laser_odometry/package.bash'
[3.427s] INFO:colcon.colcon_core.shell:Creating package script '/home/seeno04/inno_jazzy_ws/install/rf2o_laser_odometry/share/rf2o_laser_odometry/package.zsh'
[3.428s] Level 1:colcon.colcon_core.environment:create_file_with_runtime_dependencies(/home/seeno04/inno_jazzy_ws/install/rf2o_laser_odometry/share/colcon-core/packages/rf2o_laser_odometry)
[3.505s] DEBUG:colcon.colcon_core.task.python.build:Available setuptools 'develop' options: --find-links, --version, --script-dir, --allow-hosts, --site-dirs, --user, --no-find-links, --always-copy, --multi-version, --always-unzip, --editable, --no-user-cfg, --zip-ok, --no-deps, --uninstall, --local-snapshots-ok, --install-dir, --optimize, --build-directory, --verbose, --force-installation-into-system-dir, --record, --prefix, --dry-run, --quiet, --help, --exclude-scripts, --egg-path, --index-url, --upgrade, --install-layout
[3.507s] DEBUG:colcon.colcon_core.event_handler.log_command:Invoking command in '/home/seeno04/inno_jazzy_ws/build/inno_camera_tools': DEBUGINFOD_URLS=https://debuginfod.ubuntu.com PYTHONPATH=/home/seeno04/inno_jazzy_ws/build/inno_camera_tools/prefix_override:/usr/lib/python3/dist-packages/colcon_core/task/python/colcon_distutils_commands:/home/seeno04/inno_jazzy_ws/install/inno_camera_tools/lib/python3.12/site-packages:${PYTHONPATH} /usr/bin/python3 -W ignore:setup.py install is deprecated -W ignore:easy_install command is deprecated setup.py develop --editable --build-directory /home/seeno04/inno_jazzy_ws/build/inno_camera_tools/build --no-deps symlink_data
[4.661s] Level 1:colcon.colcon_core.shell:create_environment_hook('inno_camera_tools', 'pythonpath_develop')
[4.664s] INFO:colcon.colcon_core.shell:Creating environment hook '/home/seeno04/inno_jazzy_ws/build/inno_camera_tools/share/inno_camera_tools/hook/pythonpath_develop.ps1'
[4.665s] DEBUG:colcon.colcon_core.event_handler.log_command:Invoked command in '/home/seeno04/inno_jazzy_ws/build/inno_camera_tools' returned '0': DEBUGINFOD_URLS=https://debuginfod.ubuntu.com PYTHONPATH=/home/seeno04/inno_jazzy_ws/build/inno_camera_tools/prefix_override:/usr/lib/python3/dist-packages/colcon_core/task/python/colcon_distutils_commands:/home/seeno04/inno_jazzy_ws/install/inno_camera_tools/lib/python3.12/site-packages:${PYTHONPATH} /usr/bin/python3 -W ignore:setup.py install is deprecated -W ignore:easy_install command is deprecated setup.py develop --editable --build-directory /home/seeno04/inno_jazzy_ws/build/inno_camera_tools/build --no-deps symlink_data
[4.666s] INFO:colcon.colcon_core.shell:Creating environment descriptor '/home/seeno04/inno_jazzy_ws/build/inno_camera_tools/share/inno_camera_tools/hook/pythonpath_develop.dsv'
[4.667s] INFO:colcon.colcon_core.shell:Creating environment hook '/home/seeno04/inno_jazzy_ws/build/inno_camera_tools/share/inno_camera_tools/hook/pythonpath_develop.sh'
[4.668s] Level 1:colcon.colcon_core.environment:checking '/home/seeno04/inno_jazzy_ws/install/inno_camera_tools' for CMake module files
[4.669s] Level 1:colcon.colcon_core.environment:checking '/home/seeno04/inno_jazzy_ws/install/inno_camera_tools' for CMake config files
[4.670s] Level 1:colcon.colcon_core.environment:checking '/home/seeno04/inno_jazzy_ws/install/inno_camera_tools/lib'
[4.670s] Level 1:colcon.colcon_core.environment:checking '/home/seeno04/inno_jazzy_ws/install/inno_camera_tools/bin'
[4.670s] Level 1:colcon.colcon_core.environment:checking '/home/seeno04/inno_jazzy_ws/install/inno_camera_tools/lib/pkgconfig/inno_camera_tools.pc'
[4.670s] Level 1:colcon.colcon_core.environment:checking '/home/seeno04/inno_jazzy_ws/install/inno_camera_tools/lib/python3.12/site-packages'
[4.670s] Level 1:colcon.colcon_core.shell:create_environment_hook('inno_camera_tools', 'pythonpath')
[4.671s] INFO:colcon.colcon_core.shell:Creating environment hook '/home/seeno04/inno_jazzy_ws/install/inno_camera_tools/share/inno_camera_tools/hook/pythonpath.ps1'
[4.672s] INFO:colcon.colcon_core.shell:Creating environment descriptor '/home/seeno04/inno_jazzy_ws/install/inno_camera_tools/share/inno_camera_tools/hook/pythonpath.dsv'
[4.672s] INFO:colcon.colcon_core.shell:Creating environment hook '/home/seeno04/inno_jazzy_ws/install/inno_camera_tools/share/inno_camera_tools/hook/pythonpath.sh'
[4.674s] Level 1:colcon.colcon_core.environment:checking '/home/seeno04/inno_jazzy_ws/install/inno_camera_tools/bin'
[4.674s] Level 1:colcon.colcon_core.environment:create_environment_scripts_only(inno_camera_tools)
[4.674s] INFO:colcon.colcon_core.shell:Creating package script '/home/seeno04/inno_jazzy_ws/install/inno_camera_tools/share/inno_camera_tools/package.ps1'
[4.675s] INFO:colcon.colcon_core.shell:Creating package descriptor '/home/seeno04/inno_jazzy_ws/install/inno_camera_tools/share/inno_camera_tools/package.dsv'
[4.676s] INFO:colcon.colcon_core.shell:Creating package script '/home/seeno04/inno_jazzy_ws/install/inno_camera_tools/share/inno_camera_tools/package.sh'
[4.677s] INFO:colcon.colcon_core.shell:Creating package script '/home/seeno04/inno_jazzy_ws/install/inno_camera_tools/share/inno_camera_tools/package.bash'
[4.678s] INFO:colcon.colcon_core.shell:Creating package script '/home/seeno04/inno_jazzy_ws/install/inno_camera_tools/share/inno_camera_tools/package.zsh'
[4.682s] Level 1:colcon.colcon_core.environment:create_file_with_runtime_dependencies(/home/seeno04/inno_jazzy_ws/install/inno_camera_tools/share/colcon-core/packages/inno_camera_tools)
[4.683s] INFO:colcon.colcon_ros.task.ament_python.build:Building ROS package in '/home/seeno04/inno_jazzy_ws/src/inno_robot_bringup' with build type 'ament_python'
[4.684s] Level 1:colcon.colcon_core.shell:create_environment_hook('inno_robot_bringup', 'ament_prefix_path')
[4.684s] INFO:colcon.colcon_core.shell:Creating environment hook '/home/seeno04/inno_jazzy_ws/install/inno_robot_bringup/share/inno_robot_bringup/hook/ament_prefix_path.ps1'
[4.685s] INFO:colcon.colcon_core.shell:Creating environment descriptor '/home/seeno04/inno_jazzy_ws/install/inno_robot_bringup/share/inno_robot_bringup/hook/ament_prefix_path.dsv'
[4.687s] INFO:colcon.colcon_core.shell:Creating environment hook '/home/seeno04/inno_jazzy_ws/install/inno_robot_bringup/share/inno_robot_bringup/hook/ament_prefix_path.sh'
[4.688s] INFO:colcon.colcon_core.shell:Skip shell extension 'powershell' for command environment: Not usable outside of PowerShell
[4.689s] DEBUG:colcon.colcon_core.shell:Skip shell extension 'dsv' for command environment
[5.153s] INFO:colcon.colcon_core.task.python.build:Building Python package in '/home/seeno04/inno_jazzy_ws/src/inno_robot_bringup'
[5.154s] INFO:colcon.colcon_core.shell:Skip shell extension 'powershell' for command environment: Not usable outside of PowerShell
[5.154s] DEBUG:colcon.colcon_core.shell:Skip shell extension 'dsv' for command environment
[6.286s] DEBUG:colcon.colcon_core.task.python.build:Available setuptools commands: install_egg_info, init_catalog, rotate, bdist_wheel, compile_catalog, install_lib, install_headers, update_catalog, bdist_egg, alias, install_scripts, sdist, check, editable_wheel, build_scripts, build_py, easy_install, bdist, build_clib, register, clean, build, bdist_dumb, setopt, upload, egg_info, bdist_rpm, build_ext, install, symlink_data, extract_messages, install_data, test, saveopts, upload_docs, dist_info, develop
[6.961s] DEBUG:colcon.colcon_core.task.python.build:Available setuptools 'develop' options: --find-links, --version, --script-dir, --allow-hosts, --site-dirs, --user, --no-find-links, --always-copy, --multi-version, --always-unzip, --editable, --no-user-cfg, --zip-ok, --no-deps, --uninstall, --local-snapshots-ok, --install-dir, --optimize, --build-directory, --verbose, --force-installation-into-system-dir, --record, --prefix, --dry-run, --quiet, --help, --exclude-scripts, --egg-path, --index-url, --upgrade, --install-layout
[6.968s] DEBUG:colcon.colcon_core.event_handler.log_command:Invoking command in '/home/seeno04/inno_jazzy_ws/build/inno_robot_bringup': AMENT_PREFIX_PATH=/home/seeno04/inno_jazzy_ws/install/sllidar_ros2:/home/seeno04/inno_jazzy_ws/install/rf2o_laser_odometry:/home/seeno04/inno_jazzy_ws/install/inno_camera_tools:${AMENT_PREFIX_PATH} CMAKE_PREFIX_PATH=/home/seeno04/inno_jazzy_ws/install/sllidar_ros2:/home/seeno04/inno_jazzy_ws/install/rf2o_laser_odometry:${CMAKE_PREFIX_PATH} DEBUGINFOD_URLS=https://debuginfod.ubuntu.com PYTHONPATH=/home/seeno04/inno_jazzy_ws/build/inno_robot_bringup/prefix_override:/usr/lib/python3/dist-packages/colcon_core/task/python/colcon_distutils_commands:/home/seeno04/inno_jazzy_ws/install/inno_robot_bringup/lib/python3.12/site-packages:/home/seeno04/inno_jazzy_ws/build/inno_camera_tools:/home/seeno04/inno_jazzy_ws/install/inno_camera_tools/lib/python3.12/site-packages:${PYTHONPATH} /usr/bin/python3 -W ignore:setup.py install is deprecated -W ignore:easy_install command is deprecated setup.py develop --editable --build-directory /home/seeno04/inno_jazzy_ws/build/inno_robot_bringup/build --no-deps symlink_data
[8.131s] Level 1:colcon.colcon_core.shell:create_environment_hook('inno_robot_bringup', 'pythonpath_develop')
[8.132s] INFO:colcon.colcon_core.shell:Creating environment hook '/home/seeno04/inno_jazzy_ws/build/inno_robot_bringup/share/inno_robot_bringup/hook/pythonpath_develop.ps1'
[8.134s] DEBUG:colcon.colcon_core.event_handler.log_command:Invoked command in '/home/seeno04/inno_jazzy_ws/build/inno_robot_bringup' returned '0': AMENT_PREFIX_PATH=/home/seeno04/inno_jazzy_ws/install/sllidar_ros2:/home/seeno04/inno_jazzy_ws/install/rf2o_laser_odometry:/home/seeno04/inno_jazzy_ws/install/inno_camera_tools:${AMENT_PREFIX_PATH} CMAKE_PREFIX_PATH=/home/seeno04/inno_jazzy_ws/install/sllidar_ros2:/home/seeno04/inno_jazzy_ws/install/rf2o_laser_odometry:${CMAKE_PREFIX_PATH} DEBUGINFOD_URLS=https://debuginfod.ubuntu.com PYTHONPATH=/home/seeno04/inno_jazzy_ws/build/inno_robot_bringup/prefix_override:/usr/lib/python3/dist-packages/colcon_core/task/python/colcon_distutils_commands:/home/seeno04/inno_jazzy_ws/install/inno_robot_bringup/lib/python3.12/site-packages:/home/seeno04/inno_jazzy_ws/build/inno_camera_tools:/home/seeno04/inno_jazzy_ws/install/inno_camera_tools/lib/python3.12/site-packages:${PYTHONPATH} /usr/bin/python3 -W ignore:setup.py install is deprecated -W ignore:easy_install command is deprecated setup.py develop --editable --build-directory /home/seeno04/inno_jazzy_ws/build/inno_robot_bringup/build --no-deps symlink_data
[8.135s] INFO:colcon.colcon_core.shell:Creating environment descriptor '/home/seeno04/inno_jazzy_ws/build/inno_robot_bringup/share/inno_robot_bringup/hook/pythonpath_develop.dsv'
[8.139s] INFO:colcon.colcon_core.shell:Creating environment hook '/home/seeno04/inno_jazzy_ws/build/inno_robot_bringup/share/inno_robot_bringup/hook/pythonpath_develop.sh'
[8.141s] Level 1:colcon.colcon_core.environment:checking '/home/seeno04/inno_jazzy_ws/install/inno_robot_bringup' for CMake module files
[8.142s] Level 1:colcon.colcon_core.environment:checking '/home/seeno04/inno_jazzy_ws/install/inno_robot_bringup' for CMake config files
[8.143s] Level 1:colcon.colcon_core.environment:checking '/home/seeno04/inno_jazzy_ws/install/inno_robot_bringup/lib'
[8.143s] Level 1:colcon.colcon_core.environment:checking '/home/seeno04/inno_jazzy_ws/install/inno_robot_bringup/bin'
[8.143s] Level 1:colcon.colcon_core.environment:checking '/home/seeno04/inno_jazzy_ws/install/inno_robot_bringup/lib/pkgconfig/inno_robot_bringup.pc'
[8.144s] Level 1:colcon.colcon_core.environment:checking '/home/seeno04/inno_jazzy_ws/install/inno_robot_bringup/lib/python3.12/site-packages'
[8.144s] Level 1:colcon.colcon_core.shell:create_environment_hook('inno_robot_bringup', 'pythonpath')
[8.144s] INFO:colcon.colcon_core.shell:Creating environment hook '/home/seeno04/inno_jazzy_ws/install/inno_robot_bringup/share/inno_robot_bringup/hook/pythonpath.ps1'
[8.145s] INFO:colcon.colcon_core.shell:Creating environment descriptor '/home/seeno04/inno_jazzy_ws/install/inno_robot_bringup/share/inno_robot_bringup/hook/pythonpath.dsv'
[8.146s] INFO:colcon.colcon_core.shell:Creating environment hook '/home/seeno04/inno_jazzy_ws/install/inno_robot_bringup/share/inno_robot_bringup/hook/pythonpath.sh'
[8.147s] Level 1:colcon.colcon_core.environment:checking '/home/seeno04/inno_jazzy_ws/install/inno_robot_bringup/bin'
[8.147s] Level 1:colcon.colcon_core.environment:create_environment_scripts_only(inno_robot_bringup)
[8.148s] INFO:colcon.colcon_core.shell:Creating package script '/home/seeno04/inno_jazzy_ws/install/inno_robot_bringup/share/inno_robot_bringup/package.ps1'
[8.149s] INFO:colcon.colcon_core.shell:Creating package descriptor '/home/seeno04/inno_jazzy_ws/install/inno_robot_bringup/share/inno_robot_bringup/package.dsv'
[8.149s] INFO:colcon.colcon_core.shell:Creating package script '/home/seeno04/inno_jazzy_ws/install/inno_robot_bringup/share/inno_robot_bringup/package.sh'
[8.153s] INFO:colcon.colcon_core.shell:Creating package script '/home/seeno04/inno_jazzy_ws/install/inno_robot_bringup/share/inno_robot_bringup/package.bash'
[8.153s] INFO:colcon.colcon_core.shell:Creating package script '/home/seeno04/inno_jazzy_ws/install/inno_robot_bringup/share/inno_robot_bringup/package.zsh'
[8.154s] Level 1:colcon.colcon_core.environment:create_file_with_runtime_dependencies(/home/seeno04/inno_jazzy_ws/install/inno_robot_bringup/share/colcon-core/packages/inno_robot_bringup)
[8.156s] DEBUG:colcon.colcon_parallel_executor.executor.parallel:closing loop
[8.156s] DEBUG:colcon.colcon_parallel_executor.executor.parallel:loop closed
[8.156s] DEBUG:colcon.colcon_parallel_executor.executor.parallel:run_until_complete finished with '0'
[8.156s] DEBUG:colcon.colcon_core.event_reactor:joining thread
[8.170s] INFO:colcon.colcon_core.plugin_system:Skipping extension 'colcon_notification.desktop_notification.terminal_notifier': Not used on non-Darwin systems
[8.170s] INFO:colcon.colcon_core.plugin_system:Skipping extension 'colcon_notification.desktop_notification.win32': Not used on non-Windows systems
[8.170s] INFO:colcon.colcon_notification.desktop_notification:Sending desktop notification using 'notify2'
[8.205s] DEBUG:colcon.colcon_core.event_reactor:joined thread
[8.206s] INFO:colcon.colcon_core.shell:Creating prefix script '/home/seeno04/inno_jazzy_ws/install/local_setup.ps1'
[8.207s] INFO:colcon.colcon_core.shell:Creating prefix util module '/home/seeno04/inno_jazzy_ws/install/_local_setup_util_ps1.py'
[8.209s] INFO:colcon.colcon_core.shell:Creating prefix chain script '/home/seeno04/inno_jazzy_ws/install/setup.ps1'
[8.211s] INFO:colcon.colcon_core.shell:Creating prefix script '/home/seeno04/inno_jazzy_ws/install/local_setup.sh'
[8.211s] INFO:colcon.colcon_core.shell:Creating prefix util module '/home/seeno04/inno_jazzy_ws/install/_local_setup_util_sh.py'
[8.212s] INFO:colcon.colcon_core.shell:Creating prefix chain script '/home/seeno04/inno_jazzy_ws/install/setup.sh'
[8.214s] INFO:colcon.colcon_core.shell:Creating prefix script '/home/seeno04/inno_jazzy_ws/install/local_setup.bash'
[8.214s] INFO:colcon.colcon_core.shell:Creating prefix chain script '/home/seeno04/inno_jazzy_ws/install/setup.bash'
[8.216s] INFO:colcon.colcon_core.shell:Creating prefix script '/home/seeno04/inno_jazzy_ws/install/local_setup.zsh'
[8.223s] INFO:colcon.colcon_core.shell:Creating prefix chain script '/home/seeno04/inno_jazzy_ws/install/setup.zsh'
